<html>
<body>
<pre>
<h1>µVision Build Log</h1>
<h2>Tool Versions:</h2>
IDE-Version: µVision V5.26.2.0
Copyright (C) 2018 ARM Ltd and ARM Germany GmbH. All rights reserved.
License Information: 1 Ann, 1, LIC=JL28G-VIGSS-WF9I7-EELW9-5GI9L-RI7C8
 
Tool Versions:
Toolchain:       MDK-ARM Plus  Version: 5.26.2.0
Toolchain Path:  D:\Software\Keil\ARM\ARMCC\Bin
C Compiler:      Armcc.exe V5.06 update 6 (build 750)
Assembler:       Armasm.exe V5.06 update 6 (build 750)
Linker/Locator:  ArmLink.exe V5.06 update 6 (build 750)
Library Manager: ArmAr.exe V5.06 update 6 (build 750)
Hex Converter:   FromElf.exe V5.06 update 6 (build 750)
CPU DLL:         SARMCM3.DLL V5.26.2.0
Dialog DLL:      DCM.DLL V1.17.2.0
Target DLL:      STLink\ST-LINKIII-KEIL_SWO.dll V3.0.5.0
Dialog DLL:      TCM.DLL V1.36.1.0
 
<h2>Project:</h2>
D:\Code\Ann\STM32-Github\Plant_Incubator\3.5¥ÁLCD-TSF8G1214FPC-A1-E\3.5¥ÁLCD-TSF8G1214FPC-A1-E\Demo_STM32_3W-SPI\zigai\Demo_3.5inch_240x160_ST7586S_3W-SPI\PROJECT\TOUCH.uvprojx
Project File Date:  08/20/2025

<h2>Output:</h2>
*** Using Compiler 'V5.06 update 6 (build 750)', folder: 'D:\Software\Keil\ARM\ARMCC\Bin'
Build target 'SY-TFT'
compiling main.c...
..\HARDWARE\LCD\lcd.h(63): warning:  #1-D: last line of file ends without a newline
  #endif
..\HARDWARE\FONT\font.h(11): warning:  #1-D: last line of file ends without a newline
  #endif
..\USER\main.c(979): warning:  #223-D: function "LCD_WR_REG" declared implicitly
  		LCD_WR_REG(0x20);
..\USER\main.c(944): warning:  #177-D: variable "num"  was declared but never referenced
  	u8 num = 0;
..\USER\main.c: 4 warnings, 0 errors
linking...
Program Size: Code=11712 RO-data=1008 RW-data=14444 ZI-data=612  
FromELF: creating hex file...
"..\OBJ\TOUCH.axf" - 0 Error(s), 4 Warning(s).

<h2>Software Packages used:</h2>

Package Vendor: ARM
                http://www.keil.com/pack/ARM.CMSIS.5.4.0.pack
                ARM.CMSIS.5.4.0
                CMSIS (Cortex Microcontroller Software Interface Standard)
   * Component: CORE Version: 5.1.2

Package Vendor: Keil
                http://www.keil.com/pack/Keil.STM32F1xx_DFP.2.3.0.pack
                Keil.STM32F1xx_DFP.2.3.0
                STMicroelectronics STM32F1 Series Device Support, Drivers and Examples
   * Component: Startup Version: 1.0.0

<h2>Collection of Component include folders:</h2>
  .\RTE\_SY-TFT
  D:\Software\Keil\ARM\PACK\ARM\CMSIS\5.4.0\CMSIS\Core\Include
  D:\Software\Keil\ARM\PACK\Keil\STM32F1xx_DFP\2.3.0\Device\Include

<h2>Collection of Component Files used:</h2>

   * Component: ARM::CMSIS:CORE:5.1.2

   * Component: Keil::Device:Startup:1.0.0
      Source file:   Device\Source\system_stm32f10x.c
      Include file:  RTE_Driver\Config\RTE_Device.h
      Source file:   Device\Source\ARM\STM32F1xx_OPT.s
      Source file:   Device\Source\ARM\startup_stm32f10x_md.s
Build Time Elapsed:  00:00:01
</pre>
</body>
</html>
