<html>
<body>
<pre>
<h1>µVision Build Log</h1>
<h2>Tool Versions:</h2>
IDE-Version: µVision V5.26.2.0
Copyright (C) 2018 ARM Ltd and ARM Germany GmbH. All rights reserved.
License Information: 1 Ann, 1, LIC=JL28G-VIGSS-WF9I7-EELW9-5GI9L-RI7C8
 
Tool Versions:
Toolchain:       MDK-ARM Plus  Version: 5.26.2.0
Toolchain Path:  D:\Software\Keil\ARM\ARMCC\Bin
C Compiler:      Armcc.exe V5.06 update 6 (build 750)
Assembler:       Armasm.exe V5.06 update 6 (build 750)
Linker/Locator:  ArmLink.exe V5.06 update 6 (build 750)
Library Manager: ArmAr.exe V5.06 update 6 (build 750)
Hex Converter:   FromElf.exe V5.06 update 6 (build 750)
CPU DLL:         SARMCM3.DLL V5.26.2.0
Dialog DLL:      DCM.DLL V1.17.2.0
Target DLL:      STLink\ST-LINKIII-KEIL_SWO.dll V3.0.5.0
Dialog DLL:      TCM.DLL V1.36.1.0
 
<h2>Project:</h2>
D:\Code\Ann\STM32-Github\Plant_Incubator\Standard_Library\test_1\Project.uvprojx
Project File Date:  09/01/2025

<h2>Output:</h2>
*** Using Compiler 'V5.06 update 6 (build 750)', folder: 'D:\Software\Keil\ARM\ARMCC\Bin'
Build target 'Target 1'
compiling main.c...
.\Hardware\LCD\lcd.h(93): warning:  #1-D: last line of file ends without a newline
  #endif
.\Hardware\SCD30\SCD30.h(56): warning:  #1-D: last line of file ends without a newline
  #endif
.\Hardware\I2C\MyI2C.h(28): warning:  #1-D: last line of file ends without a newline
  #endif
User\main.c(340): warning:  #177-D: variable "i"  was declared but never referenced
  		uint8_t i=0;
User\main.c: 4 warnings, 0 errors
compiling lcd.c...
Hardware\LCD\lcd.h(93): warning:  #1-D: last line of file ends without a newline
  #endif
.\Hardware\FONT\font.h(12): warning:  #1-D: last line of file ends without a newline
  #endif
Hardware\LCD\lcd.c(91): warning:  #223-D: function "delay_ms" declared implicitly
  	delay_ms(100);	
Hardware\LCD\lcd.c(474): warning:  #177-D: variable "temp"  was declared but never referenced
      u8 temp, i;
Hardware\LCD\lcd.c(580): warning:  #223-D: function "strlen" declared implicitly
      len = strlen(buf);
Hardware\LCD\lcd.c(597): warning:  #223-D: function "strlen" declared implicitly
      len = strlen(buf);
Hardware\LCD\lcd.c(612): warning:  #223-D: function "strlen" declared implicitly
      len = strlen(buf);
Hardware\LCD\lcd.c(627): warning:  #223-D: function "strlen" declared implicitly
      len = strlen(buf);
Hardware\LCD\lcd.c(696): warning:  #177-D: variable "dat1"  was declared but never referenced
  	u8 dat1,dat2,dat3;
Hardware\LCD\lcd.c(696): warning:  #177-D: variable "dat2"  was declared but never referenced
  	u8 dat1,dat2,dat3;
Hardware\LCD\lcd.c(696): warning:  #177-D: variable "dat3"  was declared but never referenced
  	u8 dat1,dat2,dat3;
Hardware\LCD\lcd.c(713): warning:  #177-D: variable "dat1"  was declared but never referenced
  	u8 dat1,dat2,dat3;
Hardware\LCD\lcd.c(713): warning:  #177-D: variable "dat2"  was declared but never referenced
  	u8 dat1,dat2,dat3;
Hardware\LCD\lcd.c(713): warning:  #177-D: variable "dat3"  was declared but never referenced
  	u8 dat1,dat2,dat3;
Hardware\LCD\lcd.c(836): warning:  #1-D: last line of file ends without a newline
  }
Hardware\LCD\lcd.c: 15 warnings, 0 errors
linking...
Program Size: Code=14162 RO-data=3678 RW-data=4852 ZI-data=1636  
FromELF: creating hex file...
".\Objects\Project.axf" - 0 Error(s), 19 Warning(s).

<h2>Software Packages used:</h2>

Package Vendor: Keil
                http://www.keil.com/pack/Keil.STM32F1xx_DFP.2.3.0.pack
                Keil.STM32F1xx_DFP.2.3.0
                STMicroelectronics STM32F1 Series Device Support, Drivers and Examples

<h2>Collection of Component include folders:</h2>
  .\RTE\_Target_1
  D:\Software\Keil\ARM\PACK\Keil\STM32F1xx_DFP\2.3.0\Device\Include

<h2>Collection of Component Files used:</h2>
Build Time Elapsed:  00:00:02
</pre>
</body>
</html>
