<html>
<body>
<pre>
<h1>礦ision Build Log</h1>
<h2>Tool Versions:</h2>
IDE-Version: μVision V5.38.0.0
Copyright (C) 2022 ARM Ltd and ARM Germany GmbH. All rights reserved.
License Information: zz Lenovo, zz, LIC=76F5U-SWYVS-X7VRZ-J1YBS-YFS8E-KLIH8
 
Tool Versions:
Toolchain:       MDK-ARM Plus  Version: 5.38.0.0
Toolchain Path:  D:\Keil5\ARM\ARMCC5\Bin
C Compiler:      Armcc.exe V5.06 update 7 (build 960)
Assembler:       Armasm.exe V5.06 update 7 (build 960)
Linker/Locator:  ArmLink.exe V5.06 update 7 (build 960)
Library Manager: ArmAr.exe V5.06 update 7 (build 960)
Hex Converter:   FromElf.exe V5.06 update 7 (build 960)
CPU DLL:         SARMCM3.DLL V5.38.0.0
Dialog DLL:      DARMSTM.DLL V1.69.1.0
Target DLL:      STLink\ST-LINKIII-KEIL_SWO.dll V3.1.0.0
Dialog DLL:      TARMSTM.DLL V1.67.1.0
 
<h2>Project:</h2>
P:\电控\12.开拓进取\西晋划水的陈皮\1 程序源文件OK\程序源文件OK\程序\Project\RVMDK(uV4)\HelTec.uvprojx
Project File Date:  04/10/2024

<h2>Output:</h2>
*** Using Compiler 'V5.06 update 7 (build 960)', folder: 'D:\Keil5\ARM\ARMCC5\Bin'
Rebuild target 'Template'
assembling startup_stm32f10x_hd.s...
compiling core_cm3.c...
compiling stm32f10x_fsmc.c...
compiling misc.c...
compiling stm32f10x_adc.c...
compiling stm32f10x_tim.c...
compiling stm32f10x_rcc.c...
compiling delay.c...
compiling stm32f10x_gpio.c...
compiling OLED_I2C.c...
compiling stm32f10x_dac.c...
compiling stm32f10x_i2c.c...
compiling stm32f10x_usart.c...
compiling ds1302.c...
compiling key.c...
compiling stm32f10x_it.c...
compiling adxl345.c...
compiling stm32f10x_dma.c...
compiling ds18b20.c...
compiling stm32f10x_sdio.c...
compiling iic.c...
compiling stm32f10x_rtc.c...
compiling system_stm32f10x.c...
compiling stm32f10x_flash.c...
compiling main.c...
compiling timer.c...
compiling myiic.c...
compiling usart1.c...
compiling max30102_read.c...
compiling max30102.c...
compiling algorithm.c...
..\..\User\algorithm.c(116): warning:  #68-D: integer conversion resulted in a change of sign
          an_x[k] = -1 * (pun_ir_buffer[k] - un_ir_mean) ;
..\..\User\algorithm.c: 1 warning, 0 errors
linking...
Program Size: Code=32282 RO-data=2174 RW-data=2368 ZI-data=6008  
FromELF: creating hex file...
"..\..\Output\HelTec.axf" - 0 Error(s), 1 Warning(s).

<h2>Software Packages used:</h2>

Package Vendor: Keil
                https://www.keil.com/pack/Keil.STM32F1xx_DFP.2.4.1.pack
                Keil.STM32F1xx_DFP.2.4.1
                STMicroelectronics STM32F1 Series Device Support, Drivers and Examples

<h2>Collection of Component include folders:</h2>
  D:/Keil5/Packs/Keil/STM32F1xx_DFP/2.4.1/Device/Include

<h2>Collection of Component Files used:</h2>
Build Time Elapsed:  00:00:02
</pre>
</body>
</html>
