Component: ARM Compiler 5.06 update 6 (build 750) Tool: armlink [4d35ed]

==============================================================================

Section Cross References

    startup_stm32f103xb.o(STACK) refers (Special) to heapauxi.o(.text) for __use_two_region_memory
    startup_stm32f103xb.o(HEAP) refers (Special) to heapauxi.o(.text) for __use_two_region_memory
    startup_stm32f103xb.o(RESET) refers (Special) to heapauxi.o(.text) for __use_two_region_memory
    startup_stm32f103xb.o(RESET) refers to startup_stm32f103xb.o(STACK) for __initial_sp
    startup_stm32f103xb.o(RESET) refers to startup_stm32f103xb.o(.text) for Reset_Handler
    startup_stm32f103xb.o(RESET) refers to stm32f1xx_it.o(.text) for NMI_Handler
    startup_stm32f103xb.o(.text) refers (Special) to heapauxi.o(.text) for __use_two_region_memory
    startup_stm32f103xb.o(.text) refers to system_stm32f1xx.o(.text) for SystemInit
    startup_stm32f103xb.o(.text) refers to __main.o(!!!main) for __main
    startup_stm32f103xb.o(.text) refers to startup_stm32f103xb.o(HEAP) for Heap_Mem
    startup_stm32f103xb.o(.text) refers to startup_stm32f103xb.o(STACK) for Stack_Mem
    main.o(i.LCD_Clear) refers to main.o(i.lcd_address) for lcd_address
    main.o(i.LCD_Clear) refers to main.o(i.LCD_WriteRAM_Prepare) for LCD_WriteRAM_Prepare
    main.o(i.LCD_Clear) refers to main.o(i.transfer_mono_data_18pixel) for transfer_mono_data_18pixel
    main.o(i.LCD_Init) refers to main.o(i.LCD_RESET) for LCD_RESET
    main.o(i.LCD_Init) refers to main.o(i.LCD_WR_REG) for LCD_WR_REG
    main.o(i.LCD_Init) refers to main.o(i.LCD_WR_DATA) for LCD_WR_DATA
    main.o(i.LCD_Init) refers to stm32f1xx_hal_gpio.o(.text) for HAL_GPIO_WritePin
    main.o(i.LCD_Init) refers to main.o(i.LCD_Clear) for LCD_Clear
    main.o(i.LCD_RESET) refers to stm32f1xx_hal_gpio.o(.text) for HAL_GPIO_WritePin
    main.o(i.LCD_RESET) refers to stm32f1xx_hal.o(.text) for HAL_Delay
    main.o(i.LCD_ShowChar) refers to main.o(i.lcd_address) for lcd_address
    main.o(i.LCD_ShowChar) refers to main.o(i.LCD_WriteRAM_Prepare) for LCD_WriteRAM_Prepare
    main.o(i.LCD_ShowChar) refers to main.o(i.transfer_mono_data_8pixel) for transfer_mono_data_8pixel
    main.o(i.LCD_ShowChar) refers to main.o(.constdata) for asc2_1608_number
    main.o(i.LCD_WR_DATA) refers to stm32f1xx_hal_gpio.o(.text) for HAL_GPIO_WritePin
    main.o(i.LCD_WR_DATA) refers to main.o(i.SPI_WriteByte) for SPI_WriteByte
    main.o(i.LCD_WR_DATA) refers to spi.o(.bss) for hspi1
    main.o(i.LCD_WR_REG) refers to stm32f1xx_hal_gpio.o(.text) for HAL_GPIO_WritePin
    main.o(i.LCD_WR_REG) refers to main.o(i.SPI_WriteByte) for SPI_WriteByte
    main.o(i.LCD_WR_REG) refers to spi.o(.bss) for hspi1
    main.o(i.LCD_WriteRAM_Prepare) refers to main.o(i.LCD_WR_REG) for LCD_WR_REG
    main.o(i.SPI_WriteByte) refers to stm32f1xx_hal_spi.o(.text) for HAL_SPI_TransmitReceive
    main.o(i.SPI_WriteByte) refers to main.o(i.Error_Handler) for Error_Handler
    main.o(i.SystemClock_Config) refers to rt_memclr_w.o(.text) for __aeabi_memclr4
    main.o(i.SystemClock_Config) refers to stm32f1xx_hal_rcc.o(.text) for HAL_RCC_OscConfig
    main.o(i.SystemClock_Config) refers to main.o(i.Error_Handler) for Error_Handler
    main.o(i.disp_240x160) refers to main.o(i.lcd_address) for lcd_address
    main.o(i.disp_240x160) refers to main.o(i.LCD_WriteRAM_Prepare) for LCD_WriteRAM_Prepare
    main.o(i.disp_240x160) refers to main.o(i.transfer_mono_data_24pixel) for transfer_mono_data_24pixel
    main.o(i.lcd_address) refers to main.o(i.LCD_WR_REG) for LCD_WR_REG
    main.o(i.lcd_address) refers to main.o(i.LCD_WR_DATA) for LCD_WR_DATA
    main.o(i.main) refers to stm32f1xx_hal.o(.text) for HAL_Init
    main.o(i.main) refers to main.o(i.SystemClock_Config) for SystemClock_Config
    main.o(i.main) refers to gpio.o(.text) for MX_GPIO_Init
    main.o(i.main) refers to spi.o(.text) for MX_SPI1_Init
    main.o(i.main) refers to main.o(i.LCD_Init) for LCD_Init
    main.o(i.main) refers to main.o(i.LCD_ShowChar) for LCD_ShowChar
    main.o(i.main) refers to main.o(i.disp_240x160) for disp_240x160
    main.o(i.main) refers to main.o(.data) for BMP
    main.o(i.transfer_mono_data_12pixel) refers to main.o(i.transfer_mono_data_9pixel) for transfer_mono_data_9pixel
    main.o(i.transfer_mono_data_12pixel) refers to main.o(i.transfer_mono_data_3pixel) for transfer_mono_data_3pixel
    main.o(i.transfer_mono_data_15pixel) refers to main.o(i.transfer_mono_data_12pixel) for transfer_mono_data_12pixel
    main.o(i.transfer_mono_data_15pixel) refers to main.o(i.transfer_mono_data_3pixel) for transfer_mono_data_3pixel
    main.o(i.transfer_mono_data_18pixel) refers to main.o(i.transfer_mono_data_15pixel) for transfer_mono_data_15pixel
    main.o(i.transfer_mono_data_18pixel) refers to main.o(i.transfer_mono_data_3pixel) for transfer_mono_data_3pixel
    main.o(i.transfer_mono_data_21pixel) refers to main.o(i.transfer_mono_data_18pixel) for transfer_mono_data_18pixel
    main.o(i.transfer_mono_data_21pixel) refers to main.o(i.transfer_mono_data_3pixel) for transfer_mono_data_3pixel
    main.o(i.transfer_mono_data_24pixel) refers to main.o(i.transfer_mono_data_21pixel) for transfer_mono_data_21pixel
    main.o(i.transfer_mono_data_24pixel) refers to main.o(i.transfer_mono_data_3pixel) for transfer_mono_data_3pixel
    main.o(i.transfer_mono_data_3pixel) refers to main.o(i.LCD_WR_DATA) for LCD_WR_DATA
    main.o(i.transfer_mono_data_6pixel) refers to main.o(i.transfer_mono_data_3pixel) for transfer_mono_data_3pixel
    main.o(i.transfer_mono_data_8pixel) refers to main.o(i.transfer_mono_data_3pixel) for transfer_mono_data_3pixel
    main.o(i.transfer_mono_data_9pixel) refers to main.o(i.transfer_mono_data_6pixel) for transfer_mono_data_6pixel
    main.o(i.transfer_mono_data_9pixel) refers to main.o(i.transfer_mono_data_3pixel) for transfer_mono_data_3pixel
    gpio.o(.text) refers to stm32f1xx_hal_gpio.o(.text) for HAL_GPIO_WritePin
    spi.o(.text) refers to stm32f1xx_hal_spi.o(.text) for HAL_SPI_Init
    spi.o(.text) refers to main.o(i.Error_Handler) for Error_Handler
    spi.o(.text) refers to stm32f1xx_hal_gpio.o(.text) for HAL_GPIO_Init
    spi.o(.text) refers to spi.o(.bss) for hspi1
    stm32f1xx_it.o(.text) refers to stm32f1xx_hal.o(.text) for HAL_IncTick
    stm32f1xx_hal_spi.o(.text) refers to spi.o(.text) for HAL_SPI_MspInit
    stm32f1xx_hal_spi.o(.text) refers to stm32f1xx_hal.o(.text) for HAL_GetTick
    stm32f1xx_hal_spi.o(.text) refers to system_stm32f1xx.o(.data) for SystemCoreClock
    stm32f1xx_hal_spi.o(.text) refers to stm32f1xx_hal_dma.o(.text) for HAL_DMA_Start_IT
    stm32f1xx_hal.o(.text) refers to stm32f1xx_hal_cortex.o(.text) for HAL_SYSTICK_Config
    stm32f1xx_hal.o(.text) refers to stm32f1xx_hal_msp.o(.text) for HAL_MspInit
    stm32f1xx_hal.o(.text) refers to stm32f1xx_hal.o(.data) for uwTickFreq
    stm32f1xx_hal.o(.text) refers to system_stm32f1xx.o(.data) for SystemCoreClock
    stm32f1xx_hal_rcc.o(.text) refers to stm32f1xx_hal.o(.text) for HAL_GetTick
    stm32f1xx_hal_rcc.o(.text) refers to system_stm32f1xx.o(.data) for SystemCoreClock
    stm32f1xx_hal_rcc.o(.text) refers to stm32f1xx_hal.o(.data) for uwTickPrio
    stm32f1xx_hal_rcc.o(.text) refers to stm32f1xx_hal_gpio.o(.text) for HAL_GPIO_Init
    stm32f1xx_hal_rcc.o(.text) refers to stm32f1xx_hal_rcc.o(.constdata) for aPLLMULFactorTable
    stm32f1xx_hal_rcc.o(.text) refers to system_stm32f1xx.o(.constdata) for AHBPrescTable
    stm32f1xx_hal_rcc_ex.o(.text) refers to stm32f1xx_hal.o(.text) for HAL_GetTick
    stm32f1xx_hal_rcc_ex.o(.text) refers to stm32f1xx_hal_rcc.o(.text) for HAL_RCC_GetPCLK2Freq
    stm32f1xx_hal_rcc_ex.o(.text) refers to stm32f1xx_hal_rcc_ex.o(.constdata) for aPLLMULFactorTable
    stm32f1xx_hal_dma.o(.text) refers to stm32f1xx_hal.o(.text) for HAL_GetTick
    stm32f1xx_hal_flash.o(.text) refers to stm32f1xx_hal.o(.text) for HAL_GetTick
    stm32f1xx_hal_flash.o(.text) refers to llushr.o(.text) for __aeabi_llsr
    stm32f1xx_hal_flash.o(.text) refers to stm32f1xx_hal_flash_ex.o(.text) for FLASH_PageErase
    stm32f1xx_hal_flash.o(.text) refers to stm32f1xx_hal_cortex.o(.text) for HAL_NVIC_SystemReset
    stm32f1xx_hal_flash.o(.text) refers to stm32f1xx_hal_flash.o(.bss) for pFlash
    stm32f1xx_hal_flash_ex.o(.text) refers to stm32f1xx_hal_flash.o(.text) for FLASH_WaitForLastOperation
    stm32f1xx_hal_flash_ex.o(.text) refers to stm32f1xx_hal_flash.o(.bss) for pFlash
    system_stm32f1xx.o(.text) refers to system_stm32f1xx.o(.data) for SystemCoreClock
    system_stm32f1xx.o(.text) refers to system_stm32f1xx.o(.constdata) for AHBPrescTable
    __main.o(!!!main) refers to __rtentry.o(.ARM.Collect$$rtentry$$00000000) for __rt_entry
    __rtentry.o(.ARM.Collect$$rtentry$$00000000) refers (Special) to __rtentry2.o(.ARM.Collect$$rtentry$$0000000A) for __rt_entry_li
    __rtentry.o(.ARM.Collect$$rtentry$$00000000) refers (Special) to __rtentry2.o(.ARM.Collect$$rtentry$$0000000D) for __rt_entry_main
    __rtentry.o(.ARM.Collect$$rtentry$$00000000) refers (Special) to __rtentry2.o(.ARM.Collect$$rtentry$$0000000C) for __rt_entry_postli_1
    __rtentry.o(.ARM.Collect$$rtentry$$00000000) refers (Special) to __rtentry2.o(.ARM.Collect$$rtentry$$00000009) for __rt_entry_postsh_1
    __rtentry.o(.ARM.Collect$$rtentry$$00000000) refers (Special) to __rtentry2.o(.ARM.Collect$$rtentry$$00000002) for __rt_entry_presh_1
    __rtentry.o(.ARM.Collect$$rtentry$$00000000) refers (Special) to __rtentry4.o(.ARM.Collect$$rtentry$$00000004) for __rt_entry_sh
    __rtentry2.o(.ARM.Collect$$rtentry$$00000008) refers to boardinit2.o(.text) for _platform_post_stackheap_init
    __rtentry2.o(.ARM.Collect$$rtentry$$0000000A) refers to libinit.o(.ARM.Collect$$libinit$$00000000) for __rt_lib_init
    __rtentry2.o(.ARM.Collect$$rtentry$$0000000B) refers to boardinit3.o(.text) for _platform_post_lib_init
    __rtentry2.o(.ARM.Collect$$rtentry$$0000000D) refers to main.o(i.main) for main
    __rtentry2.o(.ARM.Collect$$rtentry$$0000000D) refers to exit.o(.text) for exit
    __rtentry2.o(.ARM.exidx) refers to __rtentry2.o(.ARM.Collect$$rtentry$$00000001) for .ARM.Collect$$rtentry$$00000001
    __rtentry2.o(.ARM.exidx) refers to __rtentry2.o(.ARM.Collect$$rtentry$$00000008) for .ARM.Collect$$rtentry$$00000008
    __rtentry2.o(.ARM.exidx) refers to __rtentry2.o(.ARM.Collect$$rtentry$$0000000A) for .ARM.Collect$$rtentry$$0000000A
    __rtentry2.o(.ARM.exidx) refers to __rtentry2.o(.ARM.Collect$$rtentry$$0000000B) for .ARM.Collect$$rtentry$$0000000B
    __rtentry2.o(.ARM.exidx) refers to __rtentry2.o(.ARM.Collect$$rtentry$$0000000D) for .ARM.Collect$$rtentry$$0000000D
    __rtentry4.o(.ARM.Collect$$rtentry$$00000004) refers to sys_stackheap_outer.o(.text) for __user_setup_stackheap
    __rtentry4.o(.ARM.exidx) refers to __rtentry4.o(.ARM.Collect$$rtentry$$00000004) for .ARM.Collect$$rtentry$$00000004
    sys_stackheap_outer.o(.text) refers to libspace.o(.text) for __user_perproc_libspace
    sys_stackheap_outer.o(.text) refers to startup_stm32f103xb.o(.text) for __user_initial_stackheap
    exit.o(.text) refers to rtexit.o(.ARM.Collect$$rtexit$$00000000) for __rt_exit
    libinit.o(.ARM.Collect$$libinit$$00000000) refers (Special) to libinit2.o(.ARM.Collect$$libinit$$0000002E) for __rt_lib_init_alloca_1
    libinit.o(.ARM.Collect$$libinit$$00000000) refers (Special) to libinit2.o(.ARM.Collect$$libinit$$0000002C) for __rt_lib_init_argv_1
    libinit.o(.ARM.Collect$$libinit$$00000000) refers (Special) to libinit2.o(.ARM.Collect$$libinit$$0000001B) for __rt_lib_init_atexit_1
    libinit.o(.ARM.Collect$$libinit$$00000000) refers (Special) to libinit2.o(.ARM.Collect$$libinit$$00000021) for __rt_lib_init_clock_1
    libinit.o(.ARM.Collect$$libinit$$00000000) refers (Special) to libinit2.o(.ARM.Collect$$libinit$$00000032) for __rt_lib_init_cpp_1
    libinit.o(.ARM.Collect$$libinit$$00000000) refers (Special) to libinit2.o(.ARM.Collect$$libinit$$00000030) for __rt_lib_init_exceptions_1
    libinit.o(.ARM.Collect$$libinit$$00000000) refers (Special) to libinit2.o(.ARM.Collect$$libinit$$00000002) for __rt_lib_init_fp_1
    libinit.o(.ARM.Collect$$libinit$$00000000) refers (Special) to libinit2.o(.ARM.Collect$$libinit$$0000001F) for __rt_lib_init_fp_trap_1
    libinit.o(.ARM.Collect$$libinit$$00000000) refers (Special) to libinit2.o(.ARM.Collect$$libinit$$00000023) for __rt_lib_init_getenv_1
    libinit.o(.ARM.Collect$$libinit$$00000000) refers (Special) to libinit2.o(.ARM.Collect$$libinit$$0000000A) for __rt_lib_init_heap_1
    libinit.o(.ARM.Collect$$libinit$$00000000) refers (Special) to libinit2.o(.ARM.Collect$$libinit$$00000011) for __rt_lib_init_lc_collate_1
    libinit.o(.ARM.Collect$$libinit$$00000000) refers (Special) to libinit2.o(.ARM.Collect$$libinit$$00000013) for __rt_lib_init_lc_ctype_1
    libinit.o(.ARM.Collect$$libinit$$00000000) refers (Special) to libinit2.o(.ARM.Collect$$libinit$$00000015) for __rt_lib_init_lc_monetary_1
    libinit.o(.ARM.Collect$$libinit$$00000000) refers (Special) to libinit2.o(.ARM.Collect$$libinit$$00000017) for __rt_lib_init_lc_numeric_1
    libinit.o(.ARM.Collect$$libinit$$00000000) refers (Special) to libinit2.o(.ARM.Collect$$libinit$$00000019) for __rt_lib_init_lc_time_1
    libinit.o(.ARM.Collect$$libinit$$00000000) refers (Special) to libinit2.o(.ARM.Collect$$libinit$$00000004) for __rt_lib_init_preinit_1
    libinit.o(.ARM.Collect$$libinit$$00000000) refers (Special) to libinit2.o(.ARM.Collect$$libinit$$0000000E) for __rt_lib_init_rand_1
    libinit.o(.ARM.Collect$$libinit$$00000000) refers (Special) to libinit2.o(.ARM.Collect$$libinit$$00000033) for __rt_lib_init_return
    libinit.o(.ARM.Collect$$libinit$$00000000) refers (Special) to libinit2.o(.ARM.Collect$$libinit$$0000001D) for __rt_lib_init_signal_1
    libinit.o(.ARM.Collect$$libinit$$00000000) refers (Special) to libinit2.o(.ARM.Collect$$libinit$$00000025) for __rt_lib_init_stdio_1
    libinit.o(.ARM.Collect$$libinit$$00000000) refers (Special) to libinit2.o(.ARM.Collect$$libinit$$0000000C) for __rt_lib_init_user_alloc_1
    libspace.o(.text) refers to libspace.o(.bss) for __libspace_start
    rtexit.o(.ARM.Collect$$rtexit$$00000000) refers (Special) to rtexit2.o(.ARM.Collect$$rtexit$$00000004) for __rt_exit_exit
    rtexit.o(.ARM.Collect$$rtexit$$00000000) refers (Special) to rtexit2.o(.ARM.Collect$$rtexit$$00000003) for __rt_exit_ls
    rtexit.o(.ARM.Collect$$rtexit$$00000000) refers (Special) to rtexit2.o(.ARM.Collect$$rtexit$$00000002) for __rt_exit_prels_1
    rtexit.o(.ARM.exidx) refers (Special) to rtexit2.o(.ARM.Collect$$rtexit$$00000004) for __rt_exit_exit
    rtexit.o(.ARM.exidx) refers (Special) to rtexit2.o(.ARM.Collect$$rtexit$$00000003) for __rt_exit_ls
    rtexit.o(.ARM.exidx) refers (Special) to rtexit2.o(.ARM.Collect$$rtexit$$00000002) for __rt_exit_prels_1
    rtexit.o(.ARM.exidx) refers to rtexit.o(.ARM.Collect$$rtexit$$00000000) for .ARM.Collect$$rtexit$$00000000
    libinit2.o(.ARM.Collect$$libinit$$00000010) refers to libinit2.o(.ARM.Collect$$libinit$$0000000F) for .ARM.Collect$$libinit$$0000000F
    libinit2.o(.ARM.Collect$$libinit$$00000012) refers to libinit2.o(.ARM.Collect$$libinit$$0000000F) for .ARM.Collect$$libinit$$0000000F
    libinit2.o(.ARM.Collect$$libinit$$00000014) refers to libinit2.o(.ARM.Collect$$libinit$$0000000F) for .ARM.Collect$$libinit$$0000000F
    libinit2.o(.ARM.Collect$$libinit$$00000016) refers to libinit2.o(.ARM.Collect$$libinit$$0000000F) for .ARM.Collect$$libinit$$0000000F
    libinit2.o(.ARM.Collect$$libinit$$00000018) refers to libinit2.o(.ARM.Collect$$libinit$$0000000F) for .ARM.Collect$$libinit$$0000000F
    libinit2.o(.ARM.Collect$$libinit$$00000026) refers to argv_veneer.o(.emb_text) for __ARM_argv_veneer
    libinit2.o(.ARM.Collect$$libinit$$00000027) refers to argv_veneer.o(.emb_text) for __ARM_argv_veneer
    rtexit2.o(.ARM.Collect$$rtexit$$00000003) refers to libshutdown.o(.ARM.Collect$$libshutdown$$00000000) for __rt_lib_shutdown
    rtexit2.o(.ARM.Collect$$rtexit$$00000004) refers to sys_exit.o(.text) for _sys_exit
    rtexit2.o(.ARM.exidx) refers to rtexit2.o(.ARM.Collect$$rtexit$$00000001) for .ARM.Collect$$rtexit$$00000001
    rtexit2.o(.ARM.exidx) refers to rtexit2.o(.ARM.Collect$$rtexit$$00000003) for .ARM.Collect$$rtexit$$00000003
    rtexit2.o(.ARM.exidx) refers to rtexit2.o(.ARM.Collect$$rtexit$$00000004) for .ARM.Collect$$rtexit$$00000004
    argv_veneer.o(.emb_text) refers to no_argv.o(.text) for __ARM_get_argv
    sys_exit.o(.text) refers (Special) to use_no_semi.o(.text) for __I$use$semihosting
    sys_exit.o(.text) refers (Special) to indicate_semi.o(.text) for __semihosting_library_function
    _get_argv_nomalloc.o(.text) refers (Special) to hrguard.o(.text) for __heap_region$guard
    _get_argv_nomalloc.o(.text) refers to defsig_rtmem_outer.o(.text) for __rt_SIGRTMEM
    _get_argv_nomalloc.o(.text) refers to sys_command.o(.text) for _sys_command_string
    libshutdown.o(.ARM.Collect$$libshutdown$$00000000) refers (Special) to libshutdown2.o(.ARM.Collect$$libshutdown$$00000002) for __rt_lib_shutdown_cpp_1
    libshutdown.o(.ARM.Collect$$libshutdown$$00000000) refers (Special) to libshutdown2.o(.ARM.Collect$$libshutdown$$00000007) for __rt_lib_shutdown_fp_trap_1
    libshutdown.o(.ARM.Collect$$libshutdown$$00000000) refers (Special) to libshutdown2.o(.ARM.Collect$$libshutdown$$0000000F) for __rt_lib_shutdown_heap_1
    libshutdown.o(.ARM.Collect$$libshutdown$$00000000) refers (Special) to libshutdown2.o(.ARM.Collect$$libshutdown$$00000010) for __rt_lib_shutdown_return
    libshutdown.o(.ARM.Collect$$libshutdown$$00000000) refers (Special) to libshutdown2.o(.ARM.Collect$$libshutdown$$0000000A) for __rt_lib_shutdown_signal_1
    libshutdown.o(.ARM.Collect$$libshutdown$$00000000) refers (Special) to libshutdown2.o(.ARM.Collect$$libshutdown$$00000004) for __rt_lib_shutdown_stdio_1
    libshutdown.o(.ARM.Collect$$libshutdown$$00000000) refers (Special) to libshutdown2.o(.ARM.Collect$$libshutdown$$0000000C) for __rt_lib_shutdown_user_alloc_1
    sys_command.o(.text) refers (Special) to use_no_semi.o(.text) for __I$use$semihosting
    sys_command.o(.text) refers (Special) to indicate_semi.o(.text) for __semihosting_library_function
    defsig_rtmem_outer.o(.text) refers to defsig_rtmem_inner.o(.text) for __rt_SIGRTMEM_inner
    defsig_rtmem_outer.o(.text) refers to defsig_exit.o(.text) for __sig_exit
    defsig_rtmem_formal.o(.text) refers to rt_raise.o(.text) for __rt_raise
    rt_raise.o(.text) refers to __raise.o(.text) for __raise
    rt_raise.o(.text) refers to sys_exit.o(.text) for _sys_exit
    defsig_exit.o(.text) refers to sys_exit.o(.text) for _sys_exit
    defsig_rtmem_inner.o(.text) refers to defsig_general.o(.text) for __default_signal_display
    __raise.o(.text) refers to defsig.o(CL$$defsig) for __default_signal_handler
    defsig_general.o(.text) refers to sys_wrch.o(.text) for _ttywrch
    sys_wrch.o(.text) refers (Special) to use_no_semi.o(.text) for __I$use$semihosting
    sys_wrch.o(.text) refers (Special) to indicate_semi.o(.text) for __semihosting_library_function
    defsig.o(CL$$defsig) refers to defsig_rtmem_inner.o(.text) for __rt_SIGRTMEM_inner
    defsig_abrt_inner.o(.text) refers to defsig_general.o(.text) for __default_signal_display
    defsig_fpe_inner.o(.text) refers to defsig_general.o(.text) for __default_signal_display
    defsig_rtred_inner.o(.text) refers to defsig_general.o(.text) for __default_signal_display
    defsig_stak_inner.o(.text) refers to defsig_general.o(.text) for __default_signal_display
    defsig_pvfn_inner.o(.text) refers to defsig_general.o(.text) for __default_signal_display
    defsig_cppl_inner.o(.text) refers to defsig_general.o(.text) for __default_signal_display
    defsig_segv_inner.o(.text) refers to defsig_general.o(.text) for __default_signal_display
    defsig_other.o(.text) refers to defsig_general.o(.text) for __default_signal_display


==============================================================================

Removing Unused input sections from the image.

    Removing main.o(.rev16_text), (4 bytes).
    Removing main.o(.revsh_text), (4 bytes).
    Removing main.o(.rrx_text), (6 bytes).
    Removing gpio.o(.rev16_text), (4 bytes).
    Removing gpio.o(.revsh_text), (4 bytes).
    Removing gpio.o(.rrx_text), (6 bytes).
    Removing spi.o(.rev16_text), (4 bytes).
    Removing spi.o(.revsh_text), (4 bytes).
    Removing spi.o(.rrx_text), (6 bytes).
    Removing stm32f1xx_it.o(.rev16_text), (4 bytes).
    Removing stm32f1xx_it.o(.revsh_text), (4 bytes).
    Removing stm32f1xx_it.o(.rrx_text), (6 bytes).
    Removing stm32f1xx_hal_msp.o(.rev16_text), (4 bytes).
    Removing stm32f1xx_hal_msp.o(.revsh_text), (4 bytes).
    Removing stm32f1xx_hal_msp.o(.rrx_text), (6 bytes).
    Removing stm32f1xx_hal_gpio_ex.o(.rev16_text), (4 bytes).
    Removing stm32f1xx_hal_gpio_ex.o(.revsh_text), (4 bytes).
    Removing stm32f1xx_hal_gpio_ex.o(.rrx_text), (6 bytes).
    Removing stm32f1xx_hal_gpio_ex.o(.text), (52 bytes).
    Removing stm32f1xx_hal_spi.o(.rev16_text), (4 bytes).
    Removing stm32f1xx_hal_spi.o(.revsh_text), (4 bytes).
    Removing stm32f1xx_hal_spi.o(.rrx_text), (6 bytes).
    Removing stm32f1xx_hal.o(.rev16_text), (4 bytes).
    Removing stm32f1xx_hal.o(.revsh_text), (4 bytes).
    Removing stm32f1xx_hal.o(.rrx_text), (6 bytes).
    Removing stm32f1xx_hal_rcc.o(.rev16_text), (4 bytes).
    Removing stm32f1xx_hal_rcc.o(.revsh_text), (4 bytes).
    Removing stm32f1xx_hal_rcc.o(.rrx_text), (6 bytes).
    Removing stm32f1xx_hal_rcc_ex.o(.rev16_text), (4 bytes).
    Removing stm32f1xx_hal_rcc_ex.o(.revsh_text), (4 bytes).
    Removing stm32f1xx_hal_rcc_ex.o(.rrx_text), (6 bytes).
    Removing stm32f1xx_hal_rcc_ex.o(.text), (604 bytes).
    Removing stm32f1xx_hal_rcc_ex.o(.constdata), (18 bytes).
    Removing stm32f1xx_hal_gpio.o(.rev16_text), (4 bytes).
    Removing stm32f1xx_hal_gpio.o(.revsh_text), (4 bytes).
    Removing stm32f1xx_hal_gpio.o(.rrx_text), (6 bytes).
    Removing stm32f1xx_hal_dma.o(.rev16_text), (4 bytes).
    Removing stm32f1xx_hal_dma.o(.revsh_text), (4 bytes).
    Removing stm32f1xx_hal_dma.o(.rrx_text), (6 bytes).
    Removing stm32f1xx_hal_cortex.o(.rev16_text), (4 bytes).
    Removing stm32f1xx_hal_cortex.o(.revsh_text), (4 bytes).
    Removing stm32f1xx_hal_cortex.o(.rrx_text), (6 bytes).
    Removing stm32f1xx_hal_pwr.o(.rev16_text), (4 bytes).
    Removing stm32f1xx_hal_pwr.o(.revsh_text), (4 bytes).
    Removing stm32f1xx_hal_pwr.o(.rrx_text), (6 bytes).
    Removing stm32f1xx_hal_pwr.o(.text), (520 bytes).
    Removing stm32f1xx_hal_flash.o(.rev16_text), (4 bytes).
    Removing stm32f1xx_hal_flash.o(.revsh_text), (4 bytes).
    Removing stm32f1xx_hal_flash.o(.rrx_text), (6 bytes).
    Removing stm32f1xx_hal_flash.o(.text), (1016 bytes).
    Removing stm32f1xx_hal_flash.o(.bss), (32 bytes).
    Removing stm32f1xx_hal_flash_ex.o(.rev16_text), (4 bytes).
    Removing stm32f1xx_hal_flash_ex.o(.revsh_text), (4 bytes).
    Removing stm32f1xx_hal_flash_ex.o(.rrx_text), (6 bytes).
    Removing stm32f1xx_hal_flash_ex.o(.text), (1400 bytes).
    Removing stm32f1xx_hal_exti.o(.rev16_text), (4 bytes).
    Removing stm32f1xx_hal_exti.o(.revsh_text), (4 bytes).
    Removing stm32f1xx_hal_exti.o(.rrx_text), (6 bytes).
    Removing stm32f1xx_hal_exti.o(.text), (660 bytes).
    Removing system_stm32f1xx.o(.rev16_text), (4 bytes).
    Removing system_stm32f1xx.o(.revsh_text), (4 bytes).
    Removing system_stm32f1xx.o(.rrx_text), (6 bytes).

62 unused section(s) (total 4554 bytes) removed from the image.

==============================================================================

Image Symbol Table

    Local Symbols

    Symbol Name                              Value     Ov Type        Size  Object(Section)

    ../Core/Src/gpio.c                       0x00000000   Number         0  gpio.o ABSOLUTE
    ../Core/Src/main.c                       0x00000000   Number         0  main.o ABSOLUTE
    ../Core/Src/spi.c                        0x00000000   Number         0  spi.o ABSOLUTE
    ../Core/Src/stm32f1xx_hal_msp.c          0x00000000   Number         0  stm32f1xx_hal_msp.o ABSOLUTE
    ../Core/Src/stm32f1xx_it.c               0x00000000   Number         0  stm32f1xx_it.o ABSOLUTE
    ../Core/Src/system_stm32f1xx.c           0x00000000   Number         0  system_stm32f1xx.o ABSOLUTE
    ../Drivers/STM32F1xx_HAL_Driver/Src/stm32f1xx_hal.c 0x00000000   Number         0  stm32f1xx_hal.o ABSOLUTE
    ../Drivers/STM32F1xx_HAL_Driver/Src/stm32f1xx_hal_cortex.c 0x00000000   Number         0  stm32f1xx_hal_cortex.o ABSOLUTE
    ../Drivers/STM32F1xx_HAL_Driver/Src/stm32f1xx_hal_dma.c 0x00000000   Number         0  stm32f1xx_hal_dma.o ABSOLUTE
    ../Drivers/STM32F1xx_HAL_Driver/Src/stm32f1xx_hal_exti.c 0x00000000   Number         0  stm32f1xx_hal_exti.o ABSOLUTE
    ../Drivers/STM32F1xx_HAL_Driver/Src/stm32f1xx_hal_flash.c 0x00000000   Number         0  stm32f1xx_hal_flash.o ABSOLUTE
    ../Drivers/STM32F1xx_HAL_Driver/Src/stm32f1xx_hal_flash_ex.c 0x00000000   Number         0  stm32f1xx_hal_flash_ex.o ABSOLUTE
    ../Drivers/STM32F1xx_HAL_Driver/Src/stm32f1xx_hal_gpio.c 0x00000000   Number         0  stm32f1xx_hal_gpio.o ABSOLUTE
    ../Drivers/STM32F1xx_HAL_Driver/Src/stm32f1xx_hal_gpio_ex.c 0x00000000   Number         0  stm32f1xx_hal_gpio_ex.o ABSOLUTE
    ../Drivers/STM32F1xx_HAL_Driver/Src/stm32f1xx_hal_pwr.c 0x00000000   Number         0  stm32f1xx_hal_pwr.o ABSOLUTE
    ../Drivers/STM32F1xx_HAL_Driver/Src/stm32f1xx_hal_rcc.c 0x00000000   Number         0  stm32f1xx_hal_rcc.o ABSOLUTE
    ../Drivers/STM32F1xx_HAL_Driver/Src/stm32f1xx_hal_rcc_ex.c 0x00000000   Number         0  stm32f1xx_hal_rcc_ex.o ABSOLUTE
    ../Drivers/STM32F1xx_HAL_Driver/Src/stm32f1xx_hal_spi.c 0x00000000   Number         0  stm32f1xx_hal_spi.o ABSOLUTE
    ../clib/angel/boardlib.s                 0x00000000   Number         0  boardinit2.o ABSOLUTE
    ../clib/angel/boardlib.s                 0x00000000   Number         0  boardshut.o ABSOLUTE
    ../clib/angel/boardlib.s                 0x00000000   Number         0  boardinit1.o ABSOLUTE
    ../clib/angel/boardlib.s                 0x00000000   Number         0  boardinit3.o ABSOLUTE
    ../clib/angel/dczerorl2.s                0x00000000   Number         0  __dczerorl2.o ABSOLUTE
    ../clib/angel/handlers.s                 0x00000000   Number         0  __scatter_zi.o ABSOLUTE
    ../clib/angel/kernel.s                   0x00000000   Number         0  rtexit2.o ABSOLUTE
    ../clib/angel/kernel.s                   0x00000000   Number         0  rtexit.o ABSOLUTE
    ../clib/angel/kernel.s                   0x00000000   Number         0  __rtentry2.o ABSOLUTE
    ../clib/angel/kernel.s                   0x00000000   Number         0  __rtentry4.o ABSOLUTE
    ../clib/angel/kernel.s                   0x00000000   Number         0  __rtentry.o ABSOLUTE
    ../clib/angel/rt.s                       0x00000000   Number         0  rt_raise.o ABSOLUTE
    ../clib/angel/scatter.s                  0x00000000   Number         0  __scatter.o ABSOLUTE
    ../clib/angel/startup.s                  0x00000000   Number         0  __main.o ABSOLUTE
    ../clib/angel/sys.s                      0x00000000   Number         0  indicate_semi.o ABSOLUTE
    ../clib/angel/sys.s                      0x00000000   Number         0  use_no_semi.o ABSOLUTE
    ../clib/angel/sys.s                      0x00000000   Number         0  sys_stackheap_outer.o ABSOLUTE
    ../clib/angel/sys.s                      0x00000000   Number         0  libspace.o ABSOLUTE
    ../clib/angel/sysapp.c                   0x00000000   Number         0  sys_command.o ABSOLUTE
    ../clib/angel/sysapp.c                   0x00000000   Number         0  sys_exit.o ABSOLUTE
    ../clib/angel/sysapp.c                   0x00000000   Number         0  sys_wrch.o ABSOLUTE
    ../clib/armsys.c                         0x00000000   Number         0  argv_veneer.o ABSOLUTE
    ../clib/armsys.c                         0x00000000   Number         0  no_argv.o ABSOLUTE
    ../clib/armsys.c                         0x00000000   Number         0  _get_argv_nomalloc.o ABSOLUTE
    ../clib/armsys.c                         0x00000000   Number         0  argv_veneer.o ABSOLUTE
    ../clib/heapalloc.c                      0x00000000   Number         0  hrguard.o ABSOLUTE
    ../clib/heapaux.c                        0x00000000   Number         0  heapauxi.o ABSOLUTE
    ../clib/libinit.s                        0x00000000   Number         0  libinit.o ABSOLUTE
    ../clib/libinit.s                        0x00000000   Number         0  libshutdown2.o ABSOLUTE
    ../clib/libinit.s                        0x00000000   Number         0  libshutdown.o ABSOLUTE
    ../clib/libinit.s                        0x00000000   Number         0  libinit2.o ABSOLUTE
    ../clib/longlong.s                       0x00000000   Number         0  llushr.o ABSOLUTE
    ../clib/memcpset.s                       0x00000000   Number         0  rt_memclr_w.o ABSOLUTE
    ../clib/signal.c                         0x00000000   Number         0  defsig_rtmem_inner.o ABSOLUTE
    ../clib/signal.c                         0x00000000   Number         0  defsig_exit.o ABSOLUTE
    ../clib/signal.c                         0x00000000   Number         0  defsig_rtmem_formal.o ABSOLUTE
    ../clib/signal.c                         0x00000000   Number         0  defsig_rtmem_outer.o ABSOLUTE
    ../clib/signal.c                         0x00000000   Number         0  defsig_rtred_inner.o ABSOLUTE
    ../clib/signal.c                         0x00000000   Number         0  defsig_other.o ABSOLUTE
    ../clib/signal.c                         0x00000000   Number         0  defsig_segv_inner.o ABSOLUTE
    ../clib/signal.c                         0x00000000   Number         0  defsig_cppl_inner.o ABSOLUTE
    ../clib/signal.c                         0x00000000   Number         0  defsig_pvfn_inner.o ABSOLUTE
    ../clib/signal.c                         0x00000000   Number         0  defsig_stak_inner.o ABSOLUTE
    ../clib/signal.c                         0x00000000   Number         0  defsig_fpe_inner.o ABSOLUTE
    ../clib/signal.c                         0x00000000   Number         0  defsig_abrt_inner.o ABSOLUTE
    ../clib/signal.c                         0x00000000   Number         0  defsig_general.o ABSOLUTE
    ../clib/signal.c                         0x00000000   Number         0  __raise.o ABSOLUTE
    ../clib/signal.s                         0x00000000   Number         0  defsig.o ABSOLUTE
    ../clib/stdlib.c                         0x00000000   Number         0  exit.o ABSOLUTE
    ../fplib/fpinit.s                        0x00000000   Number         0  fpinit.o ABSOLUTE
    ..\Core\Src\gpio.c                       0x00000000   Number         0  gpio.o ABSOLUTE
    ..\Core\Src\main.c                       0x00000000   Number         0  main.o ABSOLUTE
    ..\Core\Src\spi.c                        0x00000000   Number         0  spi.o ABSOLUTE
    ..\Core\Src\stm32f1xx_hal_msp.c          0x00000000   Number         0  stm32f1xx_hal_msp.o ABSOLUTE
    ..\Core\Src\stm32f1xx_it.c               0x00000000   Number         0  stm32f1xx_it.o ABSOLUTE
    ..\Core\Src\system_stm32f1xx.c           0x00000000   Number         0  system_stm32f1xx.o ABSOLUTE
    ..\Drivers\STM32F1xx_HAL_Driver\Src\stm32f1xx_hal.c 0x00000000   Number         0  stm32f1xx_hal.o ABSOLUTE
    ..\Drivers\STM32F1xx_HAL_Driver\Src\stm32f1xx_hal_cortex.c 0x00000000   Number         0  stm32f1xx_hal_cortex.o ABSOLUTE
    ..\Drivers\STM32F1xx_HAL_Driver\Src\stm32f1xx_hal_dma.c 0x00000000   Number         0  stm32f1xx_hal_dma.o ABSOLUTE
    ..\Drivers\STM32F1xx_HAL_Driver\Src\stm32f1xx_hal_exti.c 0x00000000   Number         0  stm32f1xx_hal_exti.o ABSOLUTE
    ..\Drivers\STM32F1xx_HAL_Driver\Src\stm32f1xx_hal_flash.c 0x00000000   Number         0  stm32f1xx_hal_flash.o ABSOLUTE
    ..\Drivers\STM32F1xx_HAL_Driver\Src\stm32f1xx_hal_flash_ex.c 0x00000000   Number         0  stm32f1xx_hal_flash_ex.o ABSOLUTE
    ..\Drivers\STM32F1xx_HAL_Driver\Src\stm32f1xx_hal_gpio.c 0x00000000   Number         0  stm32f1xx_hal_gpio.o ABSOLUTE
    ..\Drivers\STM32F1xx_HAL_Driver\Src\stm32f1xx_hal_gpio_ex.c 0x00000000   Number         0  stm32f1xx_hal_gpio_ex.o ABSOLUTE
    ..\Drivers\STM32F1xx_HAL_Driver\Src\stm32f1xx_hal_pwr.c 0x00000000   Number         0  stm32f1xx_hal_pwr.o ABSOLUTE
    ..\Drivers\STM32F1xx_HAL_Driver\Src\stm32f1xx_hal_rcc.c 0x00000000   Number         0  stm32f1xx_hal_rcc.o ABSOLUTE
    ..\Drivers\STM32F1xx_HAL_Driver\Src\stm32f1xx_hal_rcc_ex.c 0x00000000   Number         0  stm32f1xx_hal_rcc_ex.o ABSOLUTE
    ..\Drivers\STM32F1xx_HAL_Driver\Src\stm32f1xx_hal_spi.c 0x00000000   Number         0  stm32f1xx_hal_spi.o ABSOLUTE
    dc.s                                     0x00000000   Number         0  dc.o ABSOLUTE
    startup_stm32f103xb.s                    0x00000000   Number         0  startup_stm32f103xb.o ABSOLUTE
    RESET                                    0x08000000   Section      236  startup_stm32f103xb.o(RESET)
    !!!main                                  0x080000ec   Section        8  __main.o(!!!main)
    !!!scatter                               0x080000f4   Section       52  __scatter.o(!!!scatter)
    !!dczerorl2                              0x08000128   Section       90  __dczerorl2.o(!!dczerorl2)
    !!handler_zi                             0x08000184   Section       28  __scatter_zi.o(!!handler_zi)
    .ARM.Collect$$libinit$$00000000          0x080001a0   Section        2  libinit.o(.ARM.Collect$$libinit$$00000000)
    .ARM.Collect$$libinit$$00000002          0x080001a2   Section        0  libinit2.o(.ARM.Collect$$libinit$$00000002)
    .ARM.Collect$$libinit$$00000004          0x080001a2   Section        0  libinit2.o(.ARM.Collect$$libinit$$00000004)
    .ARM.Collect$$libinit$$0000000A          0x080001a2   Section        0  libinit2.o(.ARM.Collect$$libinit$$0000000A)
    .ARM.Collect$$libinit$$0000000C          0x080001a2   Section        0  libinit2.o(.ARM.Collect$$libinit$$0000000C)
    .ARM.Collect$$libinit$$0000000E          0x080001a2   Section        0  libinit2.o(.ARM.Collect$$libinit$$0000000E)
    .ARM.Collect$$libinit$$00000011          0x080001a2   Section        0  libinit2.o(.ARM.Collect$$libinit$$00000011)
    .ARM.Collect$$libinit$$00000013          0x080001a2   Section        0  libinit2.o(.ARM.Collect$$libinit$$00000013)
    .ARM.Collect$$libinit$$00000015          0x080001a2   Section        0  libinit2.o(.ARM.Collect$$libinit$$00000015)
    .ARM.Collect$$libinit$$00000017          0x080001a2   Section        0  libinit2.o(.ARM.Collect$$libinit$$00000017)
    .ARM.Collect$$libinit$$00000019          0x080001a2   Section        0  libinit2.o(.ARM.Collect$$libinit$$00000019)
    .ARM.Collect$$libinit$$0000001B          0x080001a2   Section        0  libinit2.o(.ARM.Collect$$libinit$$0000001B)
    .ARM.Collect$$libinit$$0000001D          0x080001a2   Section        0  libinit2.o(.ARM.Collect$$libinit$$0000001D)
    .ARM.Collect$$libinit$$0000001F          0x080001a2   Section        0  libinit2.o(.ARM.Collect$$libinit$$0000001F)
    .ARM.Collect$$libinit$$00000021          0x080001a2   Section        0  libinit2.o(.ARM.Collect$$libinit$$00000021)
    .ARM.Collect$$libinit$$00000023          0x080001a2   Section        0  libinit2.o(.ARM.Collect$$libinit$$00000023)
    .ARM.Collect$$libinit$$00000025          0x080001a2   Section        0  libinit2.o(.ARM.Collect$$libinit$$00000025)
    .ARM.Collect$$libinit$$0000002C          0x080001a2   Section        0  libinit2.o(.ARM.Collect$$libinit$$0000002C)
    .ARM.Collect$$libinit$$0000002E          0x080001a2   Section        0  libinit2.o(.ARM.Collect$$libinit$$0000002E)
    .ARM.Collect$$libinit$$00000030          0x080001a2   Section        0  libinit2.o(.ARM.Collect$$libinit$$00000030)
    .ARM.Collect$$libinit$$00000032          0x080001a2   Section        0  libinit2.o(.ARM.Collect$$libinit$$00000032)
    .ARM.Collect$$libinit$$00000033          0x080001a2   Section        2  libinit2.o(.ARM.Collect$$libinit$$00000033)
    .ARM.Collect$$libshutdown$$00000000      0x080001a4   Section        2  libshutdown.o(.ARM.Collect$$libshutdown$$00000000)
    .ARM.Collect$$libshutdown$$00000002      0x080001a6   Section        0  libshutdown2.o(.ARM.Collect$$libshutdown$$00000002)
    .ARM.Collect$$libshutdown$$00000004      0x080001a6   Section        0  libshutdown2.o(.ARM.Collect$$libshutdown$$00000004)
    .ARM.Collect$$libshutdown$$00000007      0x080001a6   Section        0  libshutdown2.o(.ARM.Collect$$libshutdown$$00000007)
    .ARM.Collect$$libshutdown$$0000000A      0x080001a6   Section        0  libshutdown2.o(.ARM.Collect$$libshutdown$$0000000A)
    .ARM.Collect$$libshutdown$$0000000C      0x080001a6   Section        0  libshutdown2.o(.ARM.Collect$$libshutdown$$0000000C)
    .ARM.Collect$$libshutdown$$0000000F      0x080001a6   Section        0  libshutdown2.o(.ARM.Collect$$libshutdown$$0000000F)
    .ARM.Collect$$libshutdown$$00000010      0x080001a6   Section        2  libshutdown2.o(.ARM.Collect$$libshutdown$$00000010)
    .ARM.Collect$$rtentry$$00000000          0x080001a8   Section        0  __rtentry.o(.ARM.Collect$$rtentry$$00000000)
    .ARM.Collect$$rtentry$$00000002          0x080001a8   Section        0  __rtentry2.o(.ARM.Collect$$rtentry$$00000002)
    .ARM.Collect$$rtentry$$00000004          0x080001a8   Section        6  __rtentry4.o(.ARM.Collect$$rtentry$$00000004)
    .ARM.Collect$$rtentry$$00000009          0x080001ae   Section        0  __rtentry2.o(.ARM.Collect$$rtentry$$00000009)
    .ARM.Collect$$rtentry$$0000000A          0x080001ae   Section        4  __rtentry2.o(.ARM.Collect$$rtentry$$0000000A)
    .ARM.Collect$$rtentry$$0000000C          0x080001b2   Section        0  __rtentry2.o(.ARM.Collect$$rtentry$$0000000C)
    .ARM.Collect$$rtentry$$0000000D          0x080001b2   Section        8  __rtentry2.o(.ARM.Collect$$rtentry$$0000000D)
    .ARM.Collect$$rtexit$$00000000           0x080001ba   Section        2  rtexit.o(.ARM.Collect$$rtexit$$00000000)
    .ARM.Collect$$rtexit$$00000002           0x080001bc   Section        0  rtexit2.o(.ARM.Collect$$rtexit$$00000002)
    .ARM.Collect$$rtexit$$00000003           0x080001bc   Section        4  rtexit2.o(.ARM.Collect$$rtexit$$00000003)
    .ARM.Collect$$rtexit$$00000004           0x080001c0   Section        6  rtexit2.o(.ARM.Collect$$rtexit$$00000004)
    .text                                    0x080001c8   Section       64  startup_stm32f103xb.o(.text)
    .text                                    0x08000208   Section        0  gpio.o(.text)
    .text                                    0x080002b4   Section        0  spi.o(.text)
    .text                                    0x080003a0   Section        0  stm32f1xx_it.o(.text)
    .text                                    0x080003c4   Section        0  stm32f1xx_hal_msp.o(.text)
    .text                                    0x08000418   Section        0  stm32f1xx_hal_spi.o(.text)
    SPI_WaitFlagStateUntilTimeout            0x08000511   Thumb Code   210  stm32f1xx_hal_spi.o(.text)
    SPI_EndRxTxTransaction                   0x080005e3   Thumb Code    68  stm32f1xx_hal_spi.o(.text)
    SPI_EndRxTransaction                     0x080007e5   Thumb Code   120  stm32f1xx_hal_spi.o(.text)
    SPI_CloseTx_ISR                          0x08000c2f   Thumb Code   154  stm32f1xx_hal_spi.o(.text)
    SPI_TxISR_8BIT                           0x08000cc9   Thumb Code    36  stm32f1xx_hal_spi.o(.text)
    SPI_TxISR_16BIT                          0x08000ced   Thumb Code    36  stm32f1xx_hal_spi.o(.text)
    SPI_CloseRx_ISR                          0x08000db9   Thumb Code    94  stm32f1xx_hal_spi.o(.text)
    SPI_RxISR_8BIT                           0x08000e17   Thumb Code    36  stm32f1xx_hal_spi.o(.text)
    SPI_RxISR_16BIT                          0x08000e3b   Thumb Code    36  stm32f1xx_hal_spi.o(.text)
    SPI_CloseRxTx_ISR                        0x08000e61   Thumb Code   182  stm32f1xx_hal_spi.o(.text)
    SPI_2linesTxISR_8BIT                     0x08000f17   Thumb Code    52  stm32f1xx_hal_spi.o(.text)
    SPI_2linesRxISR_8BIT                     0x08000f4b   Thumb Code    52  stm32f1xx_hal_spi.o(.text)
    SPI_2linesTxISR_16BIT                    0x08000f7f   Thumb Code    52  stm32f1xx_hal_spi.o(.text)
    SPI_2linesRxISR_16BIT                    0x08000fb3   Thumb Code    52  stm32f1xx_hal_spi.o(.text)
    SPI_DMAError                             0x08001163   Thumb Code    40  stm32f1xx_hal_spi.o(.text)
    SPI_DMATransmitCplt                      0x0800118b   Thumb Code   126  stm32f1xx_hal_spi.o(.text)
    SPI_DMAHalfTransmitCplt                  0x0800120b   Thumb Code    14  stm32f1xx_hal_spi.o(.text)
    SPI_DMAReceiveCplt                       0x08001307   Thumb Code   122  stm32f1xx_hal_spi.o(.text)
    SPI_DMAHalfReceiveCplt                   0x08001383   Thumb Code    14  stm32f1xx_hal_spi.o(.text)
    SPI_DMATransmitReceiveCplt               0x08001391   Thumb Code   102  stm32f1xx_hal_spi.o(.text)
    SPI_DMAHalfTransmitReceiveCplt           0x080013f9   Thumb Code    14  stm32f1xx_hal_spi.o(.text)
    SPI_AbortRx_ISR                          0x08001689   Thumb Code   106  stm32f1xx_hal_spi.o(.text)
    SPI_AbortTx_ISR                          0x080016f3   Thumb Code    32  stm32f1xx_hal_spi.o(.text)
    SPI_DMARxAbortCallback                   0x08001863   Thumb Code   162  stm32f1xx_hal_spi.o(.text)
    SPI_DMATxAbortCallback                   0x08001905   Thumb Code   150  stm32f1xx_hal_spi.o(.text)
    SPI_DMAAbortOnError                      0x08001b99   Thumb Code    20  stm32f1xx_hal_spi.o(.text)
    .text                                    0x08001d04   Section        0  stm32f1xx_hal.o(.text)
    .text                                    0x08001ec0   Section        0  stm32f1xx_hal_rcc.o(.text)
    RCC_Delay                                0x08001fbf   Thumb Code    36  stm32f1xx_hal_rcc.o(.text)
    .text                                    0x08002810   Section        0  stm32f1xx_hal_gpio.o(.text)
    .text                                    0x08002ccc   Section        0  stm32f1xx_hal_dma.o(.text)
    DMA_SetConfig                            0x08002d95   Thumb Code    44  stm32f1xx_hal_dma.o(.text)
    .text                                    0x080034f4   Section        0  stm32f1xx_hal_cortex.o(.text)
    __NVIC_SetPriority                       0x080034f5   Thumb Code    32  stm32f1xx_hal_cortex.o(.text)
    __NVIC_GetPriorityGrouping               0x080037e5   Thumb Code    12  stm32f1xx_hal_cortex.o(.text)
    .text                                    0x08003804   Section        0  system_stm32f1xx.o(.text)
    .text                                    0x080038a8   Section       78  rt_memclr_w.o(.text)
    .text                                    0x080038f6   Section        0  heapauxi.o(.text)
    .text                                    0x080038fc   Section       74  sys_stackheap_outer.o(.text)
    .text                                    0x08003946   Section        0  exit.o(.text)
    .text                                    0x08003958   Section        8  libspace.o(.text)
    .text                                    0x08003960   Section        0  sys_exit.o(.text)
    .text                                    0x0800396c   Section        2  use_no_semi.o(.text)
    .text                                    0x0800396e   Section        0  indicate_semi.o(.text)
    i.Error_Handler                          0x0800396e   Section        0  main.o(i.Error_Handler)
    i.LCD_Clear                              0x08003974   Section        0  main.o(i.LCD_Clear)
    i.LCD_Init                               0x080039a8   Section        0  main.o(i.LCD_Init)
    i.LCD_RESET                              0x08003a6c   Section        0  main.o(i.LCD_RESET)
    i.LCD_ShowChar                           0x08003a98   Section        0  main.o(i.LCD_ShowChar)
    i.LCD_WR_DATA                            0x08003b2c   Section        0  main.o(i.LCD_WR_DATA)
    i.LCD_WR_REG                             0x08003b5c   Section        0  main.o(i.LCD_WR_REG)
    i.LCD_WriteRAM_Prepare                   0x08003b8c   Section        0  main.o(i.LCD_WriteRAM_Prepare)
    i.SPI_WriteByte                          0x08003b96   Section        0  main.o(i.SPI_WriteByte)
    i.SystemClock_Config                     0x08003bc8   Section        0  main.o(i.SystemClock_Config)
    i.disp_240x160                           0x08003c2e   Section        0  main.o(i.disp_240x160)
    i.lcd_address                            0x08003c7a   Section        0  main.o(i.lcd_address)
    i.main                                   0x08003ce4   Section        0  main.o(i.main)
    i.transfer_mono_data_12pixel             0x08003d10   Section        0  main.o(i.transfer_mono_data_12pixel)
    i.transfer_mono_data_15pixel             0x08003d28   Section        0  main.o(i.transfer_mono_data_15pixel)
    i.transfer_mono_data_18pixel             0x08003d40   Section        0  main.o(i.transfer_mono_data_18pixel)
    i.transfer_mono_data_21pixel             0x08003d5e   Section        0  main.o(i.transfer_mono_data_21pixel)
    i.transfer_mono_data_24pixel             0x08003d7a   Section        0  main.o(i.transfer_mono_data_24pixel)
    i.transfer_mono_data_3pixel              0x08003d96   Section        0  main.o(i.transfer_mono_data_3pixel)
    i.transfer_mono_data_6pixel              0x08003dce   Section        0  main.o(i.transfer_mono_data_6pixel)
    i.transfer_mono_data_8pixel              0x08003de2   Section        0  main.o(i.transfer_mono_data_8pixel)
    i.transfer_mono_data_9pixel              0x08003dfe   Section        0  main.o(i.transfer_mono_data_9pixel)
    .constdata                               0x08003e18   Section      592  main.o(.constdata)
    .constdata                               0x08004068   Section       18  stm32f1xx_hal_rcc.o(.constdata)
    aPLLMULFactorTable                       0x08004068   Data          16  stm32f1xx_hal_rcc.o(.constdata)
    aPredivFactorTable                       0x08004078   Data           2  stm32f1xx_hal_rcc.o(.constdata)
    .constdata                               0x0800407a   Section       24  system_stm32f1xx.o(.constdata)
    .data                                    0x20000000   Section     4800  main.o(.data)
    .data                                    0x200012c0   Section        9  stm32f1xx_hal.o(.data)
    .data                                    0x200012cc   Section        4  system_stm32f1xx.o(.data)
    .bss                                     0x200012d0   Section       88  spi.o(.bss)
    .bss                                     0x20001328   Section       96  libspace.o(.bss)
    HEAP                                     0x20001388   Section      512  startup_stm32f103xb.o(HEAP)
    Heap_Mem                                 0x20001388   Data         512  startup_stm32f103xb.o(HEAP)
    STACK                                    0x20001588   Section     1024  startup_stm32f103xb.o(STACK)
    Stack_Mem                                0x20001588   Data        1024  startup_stm32f103xb.o(STACK)
    __initial_sp                             0x20001988   Data           0  startup_stm32f103xb.o(STACK)

    Global Symbols

    Symbol Name                              Value     Ov Type        Size  Object(Section)

    BuildAttributes$$THM_ISAv4$P$D$K$B$S$PE$A:L22UL41UL21$X:L11$S22US41US21$IEEE1$IW$USESV6$~STKCKD$USESV7$~SHL$OSPACE$ROPI$EBA8$UX$STANDARDLIB$REQ8$PRES8$EABIv2 0x00000000   Number         0  anon$$obj.o ABSOLUTE
    __ARM_use_no_argv                        0x00000000   Number         0  main.o ABSOLUTE
    __ARM_exceptions_init                     - Undefined Weak Reference
    __alloca_initialize                       - Undefined Weak Reference
    __arm_preinit_                            - Undefined Weak Reference
    __cpp_initialize__aeabi_                  - Undefined Weak Reference
    __cxa_finalize                            - Undefined Weak Reference
    __rt_locale                               - Undefined Weak Reference
    __sigvec_lookup                           - Undefined Weak Reference
    _atexit_init                              - Undefined Weak Reference
    _call_atexit_fns                          - Undefined Weak Reference
    _clock_init                               - Undefined Weak Reference
    _fp_trap_init                             - Undefined Weak Reference
    _fp_trap_shutdown                         - Undefined Weak Reference
    _get_lc_collate                           - Undefined Weak Reference
    _get_lc_ctype                             - Undefined Weak Reference
    _get_lc_monetary                          - Undefined Weak Reference
    _get_lc_numeric                           - Undefined Weak Reference
    _get_lc_time                              - Undefined Weak Reference
    _getenv_init                              - Undefined Weak Reference
    _handle_redirection                       - Undefined Weak Reference
    _init_alloc                               - Undefined Weak Reference
    _init_user_alloc                          - Undefined Weak Reference
    _initio                                   - Undefined Weak Reference
    _rand_init                                - Undefined Weak Reference
    _signal_finish                            - Undefined Weak Reference
    _signal_init                              - Undefined Weak Reference
    _terminate_alloc                          - Undefined Weak Reference
    _terminate_user_alloc                     - Undefined Weak Reference
    _terminateio                              - Undefined Weak Reference
    __Vectors_Size                           0x000000ec   Number         0  startup_stm32f103xb.o ABSOLUTE
    __Vectors                                0x08000000   Data           4  startup_stm32f103xb.o(RESET)
    __Vectors_End                            0x080000ec   Data           0  startup_stm32f103xb.o(RESET)
    __main                                   0x080000ed   Thumb Code     8  __main.o(!!!main)
    __scatterload                            0x080000f5   Thumb Code     0  __scatter.o(!!!scatter)
    __scatterload_rt2                        0x080000f5   Thumb Code    44  __scatter.o(!!!scatter)
    __scatterload_rt2_thumb_only             0x080000f5   Thumb Code     0  __scatter.o(!!!scatter)
    __scatterload_null                       0x08000103   Thumb Code     0  __scatter.o(!!!scatter)
    __decompress                             0x08000129   Thumb Code    90  __dczerorl2.o(!!dczerorl2)
    __decompress1                            0x08000129   Thumb Code     0  __dczerorl2.o(!!dczerorl2)
    __scatterload_zeroinit                   0x08000185   Thumb Code    28  __scatter_zi.o(!!handler_zi)
    __rt_lib_init                            0x080001a1   Thumb Code     0  libinit.o(.ARM.Collect$$libinit$$00000000)
    __rt_lib_init_alloca_1                   0x080001a3   Thumb Code     0  libinit2.o(.ARM.Collect$$libinit$$0000002E)
    __rt_lib_init_argv_1                     0x080001a3   Thumb Code     0  libinit2.o(.ARM.Collect$$libinit$$0000002C)
    __rt_lib_init_atexit_1                   0x080001a3   Thumb Code     0  libinit2.o(.ARM.Collect$$libinit$$0000001B)
    __rt_lib_init_clock_1                    0x080001a3   Thumb Code     0  libinit2.o(.ARM.Collect$$libinit$$00000021)
    __rt_lib_init_cpp_1                      0x080001a3   Thumb Code     0  libinit2.o(.ARM.Collect$$libinit$$00000032)
    __rt_lib_init_exceptions_1               0x080001a3   Thumb Code     0  libinit2.o(.ARM.Collect$$libinit$$00000030)
    __rt_lib_init_fp_1                       0x080001a3   Thumb Code     0  libinit2.o(.ARM.Collect$$libinit$$00000002)
    __rt_lib_init_fp_trap_1                  0x080001a3   Thumb Code     0  libinit2.o(.ARM.Collect$$libinit$$0000001F)
    __rt_lib_init_getenv_1                   0x080001a3   Thumb Code     0  libinit2.o(.ARM.Collect$$libinit$$00000023)
    __rt_lib_init_heap_1                     0x080001a3   Thumb Code     0  libinit2.o(.ARM.Collect$$libinit$$0000000A)
    __rt_lib_init_lc_collate_1               0x080001a3   Thumb Code     0  libinit2.o(.ARM.Collect$$libinit$$00000011)
    __rt_lib_init_lc_ctype_1                 0x080001a3   Thumb Code     0  libinit2.o(.ARM.Collect$$libinit$$00000013)
    __rt_lib_init_lc_monetary_1              0x080001a3   Thumb Code     0  libinit2.o(.ARM.Collect$$libinit$$00000015)
    __rt_lib_init_lc_numeric_1               0x080001a3   Thumb Code     0  libinit2.o(.ARM.Collect$$libinit$$00000017)
    __rt_lib_init_lc_time_1                  0x080001a3   Thumb Code     0  libinit2.o(.ARM.Collect$$libinit$$00000019)
    __rt_lib_init_preinit_1                  0x080001a3   Thumb Code     0  libinit2.o(.ARM.Collect$$libinit$$00000004)
    __rt_lib_init_rand_1                     0x080001a3   Thumb Code     0  libinit2.o(.ARM.Collect$$libinit$$0000000E)
    __rt_lib_init_return                     0x080001a3   Thumb Code     0  libinit2.o(.ARM.Collect$$libinit$$00000033)
    __rt_lib_init_signal_1                   0x080001a3   Thumb Code     0  libinit2.o(.ARM.Collect$$libinit$$0000001D)
    __rt_lib_init_stdio_1                    0x080001a3   Thumb Code     0  libinit2.o(.ARM.Collect$$libinit$$00000025)
    __rt_lib_init_user_alloc_1               0x080001a3   Thumb Code     0  libinit2.o(.ARM.Collect$$libinit$$0000000C)
    __rt_lib_shutdown                        0x080001a5   Thumb Code     0  libshutdown.o(.ARM.Collect$$libshutdown$$00000000)
    __rt_lib_shutdown_cpp_1                  0x080001a7   Thumb Code     0  libshutdown2.o(.ARM.Collect$$libshutdown$$00000002)
    __rt_lib_shutdown_fp_trap_1              0x080001a7   Thumb Code     0  libshutdown2.o(.ARM.Collect$$libshutdown$$00000007)
    __rt_lib_shutdown_heap_1                 0x080001a7   Thumb Code     0  libshutdown2.o(.ARM.Collect$$libshutdown$$0000000F)
    __rt_lib_shutdown_return                 0x080001a7   Thumb Code     0  libshutdown2.o(.ARM.Collect$$libshutdown$$00000010)
    __rt_lib_shutdown_signal_1               0x080001a7   Thumb Code     0  libshutdown2.o(.ARM.Collect$$libshutdown$$0000000A)
    __rt_lib_shutdown_stdio_1                0x080001a7   Thumb Code     0  libshutdown2.o(.ARM.Collect$$libshutdown$$00000004)
    __rt_lib_shutdown_user_alloc_1           0x080001a7   Thumb Code     0  libshutdown2.o(.ARM.Collect$$libshutdown$$0000000C)
    __rt_entry                               0x080001a9   Thumb Code     0  __rtentry.o(.ARM.Collect$$rtentry$$00000000)
    __rt_entry_presh_1                       0x080001a9   Thumb Code     0  __rtentry2.o(.ARM.Collect$$rtentry$$00000002)
    __rt_entry_sh                            0x080001a9   Thumb Code     0  __rtentry4.o(.ARM.Collect$$rtentry$$00000004)
    __rt_entry_li                            0x080001af   Thumb Code     0  __rtentry2.o(.ARM.Collect$$rtentry$$0000000A)
    __rt_entry_postsh_1                      0x080001af   Thumb Code     0  __rtentry2.o(.ARM.Collect$$rtentry$$00000009)
    __rt_entry_main                          0x080001b3   Thumb Code     0  __rtentry2.o(.ARM.Collect$$rtentry$$0000000D)
    __rt_entry_postli_1                      0x080001b3   Thumb Code     0  __rtentry2.o(.ARM.Collect$$rtentry$$0000000C)
    __rt_exit                                0x080001bb   Thumb Code     0  rtexit.o(.ARM.Collect$$rtexit$$00000000)
    __rt_exit_ls                             0x080001bd   Thumb Code     0  rtexit2.o(.ARM.Collect$$rtexit$$00000003)
    __rt_exit_prels_1                        0x080001bd   Thumb Code     0  rtexit2.o(.ARM.Collect$$rtexit$$00000002)
    __rt_exit_exit                           0x080001c1   Thumb Code     0  rtexit2.o(.ARM.Collect$$rtexit$$00000004)
    Reset_Handler                            0x080001c9   Thumb Code     8  startup_stm32f103xb.o(.text)
    ADC1_2_IRQHandler                        0x080001e3   Thumb Code     0  startup_stm32f103xb.o(.text)
    CAN1_RX1_IRQHandler                      0x080001e3   Thumb Code     0  startup_stm32f103xb.o(.text)
    CAN1_SCE_IRQHandler                      0x080001e3   Thumb Code     0  startup_stm32f103xb.o(.text)
    DMA1_Channel1_IRQHandler                 0x080001e3   Thumb Code     0  startup_stm32f103xb.o(.text)
    DMA1_Channel2_IRQHandler                 0x080001e3   Thumb Code     0  startup_stm32f103xb.o(.text)
    DMA1_Channel3_IRQHandler                 0x080001e3   Thumb Code     0  startup_stm32f103xb.o(.text)
    DMA1_Channel4_IRQHandler                 0x080001e3   Thumb Code     0  startup_stm32f103xb.o(.text)
    DMA1_Channel5_IRQHandler                 0x080001e3   Thumb Code     0  startup_stm32f103xb.o(.text)
    DMA1_Channel6_IRQHandler                 0x080001e3   Thumb Code     0  startup_stm32f103xb.o(.text)
    DMA1_Channel7_IRQHandler                 0x080001e3   Thumb Code     0  startup_stm32f103xb.o(.text)
    EXTI0_IRQHandler                         0x080001e3   Thumb Code     0  startup_stm32f103xb.o(.text)
    EXTI15_10_IRQHandler                     0x080001e3   Thumb Code     0  startup_stm32f103xb.o(.text)
    EXTI1_IRQHandler                         0x080001e3   Thumb Code     0  startup_stm32f103xb.o(.text)
    EXTI2_IRQHandler                         0x080001e3   Thumb Code     0  startup_stm32f103xb.o(.text)
    EXTI3_IRQHandler                         0x080001e3   Thumb Code     0  startup_stm32f103xb.o(.text)
    EXTI4_IRQHandler                         0x080001e3   Thumb Code     0  startup_stm32f103xb.o(.text)
    EXTI9_5_IRQHandler                       0x080001e3   Thumb Code     0  startup_stm32f103xb.o(.text)
    FLASH_IRQHandler                         0x080001e3   Thumb Code     0  startup_stm32f103xb.o(.text)
    I2C1_ER_IRQHandler                       0x080001e3   Thumb Code     0  startup_stm32f103xb.o(.text)
    I2C1_EV_IRQHandler                       0x080001e3   Thumb Code     0  startup_stm32f103xb.o(.text)
    I2C2_ER_IRQHandler                       0x080001e3   Thumb Code     0  startup_stm32f103xb.o(.text)
    I2C2_EV_IRQHandler                       0x080001e3   Thumb Code     0  startup_stm32f103xb.o(.text)
    PVD_IRQHandler                           0x080001e3   Thumb Code     0  startup_stm32f103xb.o(.text)
    RCC_IRQHandler                           0x080001e3   Thumb Code     0  startup_stm32f103xb.o(.text)
    RTC_Alarm_IRQHandler                     0x080001e3   Thumb Code     0  startup_stm32f103xb.o(.text)
    RTC_IRQHandler                           0x080001e3   Thumb Code     0  startup_stm32f103xb.o(.text)
    SPI1_IRQHandler                          0x080001e3   Thumb Code     0  startup_stm32f103xb.o(.text)
    SPI2_IRQHandler                          0x080001e3   Thumb Code     0  startup_stm32f103xb.o(.text)
    TAMPER_IRQHandler                        0x080001e3   Thumb Code     0  startup_stm32f103xb.o(.text)
    TIM1_BRK_IRQHandler                      0x080001e3   Thumb Code     0  startup_stm32f103xb.o(.text)
    TIM1_CC_IRQHandler                       0x080001e3   Thumb Code     0  startup_stm32f103xb.o(.text)
    TIM1_TRG_COM_IRQHandler                  0x080001e3   Thumb Code     0  startup_stm32f103xb.o(.text)
    TIM1_UP_IRQHandler                       0x080001e3   Thumb Code     0  startup_stm32f103xb.o(.text)
    TIM2_IRQHandler                          0x080001e3   Thumb Code     0  startup_stm32f103xb.o(.text)
    TIM3_IRQHandler                          0x080001e3   Thumb Code     0  startup_stm32f103xb.o(.text)
    TIM4_IRQHandler                          0x080001e3   Thumb Code     0  startup_stm32f103xb.o(.text)
    USART1_IRQHandler                        0x080001e3   Thumb Code     0  startup_stm32f103xb.o(.text)
    USART2_IRQHandler                        0x080001e3   Thumb Code     0  startup_stm32f103xb.o(.text)
    USART3_IRQHandler                        0x080001e3   Thumb Code     0  startup_stm32f103xb.o(.text)
    USBWakeUp_IRQHandler                     0x080001e3   Thumb Code     0  startup_stm32f103xb.o(.text)
    USB_HP_CAN1_TX_IRQHandler                0x080001e3   Thumb Code     0  startup_stm32f103xb.o(.text)
    USB_LP_CAN1_RX0_IRQHandler               0x080001e3   Thumb Code     0  startup_stm32f103xb.o(.text)
    WWDG_IRQHandler                          0x080001e3   Thumb Code     0  startup_stm32f103xb.o(.text)
    __user_initial_stackheap                 0x080001e5   Thumb Code     0  startup_stm32f103xb.o(.text)
    MX_GPIO_Init                             0x08000209   Thumb Code   162  gpio.o(.text)
    MX_SPI1_Init                             0x080002b5   Thumb Code    64  spi.o(.text)
    HAL_SPI_MspInit                          0x080002f5   Thumb Code   122  spi.o(.text)
    HAL_SPI_MspDeInit                        0x0800036f   Thumb Code    34  spi.o(.text)
    NMI_Handler                              0x080003a1   Thumb Code     4  stm32f1xx_it.o(.text)
    HardFault_Handler                        0x080003a5   Thumb Code     4  stm32f1xx_it.o(.text)
    MemManage_Handler                        0x080003a9   Thumb Code     4  stm32f1xx_it.o(.text)
    BusFault_Handler                         0x080003ad   Thumb Code     4  stm32f1xx_it.o(.text)
    UsageFault_Handler                       0x080003b1   Thumb Code     4  stm32f1xx_it.o(.text)
    SVC_Handler                              0x080003b5   Thumb Code     2  stm32f1xx_it.o(.text)
    DebugMon_Handler                         0x080003b7   Thumb Code     2  stm32f1xx_it.o(.text)
    PendSV_Handler                           0x080003b9   Thumb Code     2  stm32f1xx_it.o(.text)
    SysTick_Handler                          0x080003bb   Thumb Code     8  stm32f1xx_it.o(.text)
    HAL_MspInit                              0x080003c5   Thumb Code    76  stm32f1xx_hal_msp.o(.text)
    HAL_SPI_Init                             0x0800041b   Thumb Code   190  stm32f1xx_hal_spi.o(.text)
    HAL_SPI_DeInit                           0x080004db   Thumb Code    54  stm32f1xx_hal_spi.o(.text)
    HAL_SPI_Transmit                         0x08000627   Thumb Code   446  stm32f1xx_hal_spi.o(.text)
    HAL_SPI_TransmitReceive                  0x0800085d   Thumb Code   588  stm32f1xx_hal_spi.o(.text)
    HAL_SPI_Receive                          0x08000aa9   Thumb Code   386  stm32f1xx_hal_spi.o(.text)
    HAL_SPI_TxCpltCallback                   0x08000c2b   Thumb Code     2  stm32f1xx_hal_spi.o(.text)
    HAL_SPI_ErrorCallback                    0x08000c2d   Thumb Code     2  stm32f1xx_hal_spi.o(.text)
    HAL_SPI_Transmit_IT                      0x08000d11   Thumb Code   166  stm32f1xx_hal_spi.o(.text)
    HAL_SPI_RxCpltCallback                   0x08000db7   Thumb Code     2  stm32f1xx_hal_spi.o(.text)
    HAL_SPI_TxRxCpltCallback                 0x08000e5f   Thumb Code     2  stm32f1xx_hal_spi.o(.text)
    HAL_SPI_TransmitReceive_IT               0x08000fe7   Thumb Code   178  stm32f1xx_hal_spi.o(.text)
    HAL_SPI_Receive_IT                       0x08001099   Thumb Code   202  stm32f1xx_hal_spi.o(.text)
    HAL_SPI_TxHalfCpltCallback               0x08001209   Thumb Code     2  stm32f1xx_hal_spi.o(.text)
    HAL_SPI_Transmit_DMA                     0x08001219   Thumb Code   238  stm32f1xx_hal_spi.o(.text)
    HAL_SPI_RxHalfCpltCallback               0x08001381   Thumb Code     2  stm32f1xx_hal_spi.o(.text)
    HAL_SPI_TxRxHalfCpltCallback             0x080013f7   Thumb Code     2  stm32f1xx_hal_spi.o(.text)
    HAL_SPI_TransmitReceive_DMA              0x08001407   Thumb Code   374  stm32f1xx_hal_spi.o(.text)
    HAL_SPI_Receive_DMA                      0x0800157d   Thumb Code   268  stm32f1xx_hal_spi.o(.text)
    HAL_SPI_Abort                            0x08001713   Thumb Code   334  stm32f1xx_hal_spi.o(.text)
    HAL_SPI_AbortCpltCallback                0x08001861   Thumb Code     2  stm32f1xx_hal_spi.o(.text)
    HAL_SPI_Abort_IT                         0x0800199b   Thumb Code   338  stm32f1xx_hal_spi.o(.text)
    HAL_SPI_DMAPause                         0x08001aed   Thumb Code    50  stm32f1xx_hal_spi.o(.text)
    HAL_SPI_DMAResume                        0x08001b1f   Thumb Code    50  stm32f1xx_hal_spi.o(.text)
    HAL_SPI_DMAStop                          0x08001b51   Thumb Code    72  stm32f1xx_hal_spi.o(.text)
    HAL_SPI_IRQHandler                       0x08001bad   Thumb Code   304  stm32f1xx_hal_spi.o(.text)
    HAL_SPI_GetState                         0x08001cdd   Thumb Code     8  stm32f1xx_hal_spi.o(.text)
    HAL_SPI_GetError                         0x08001ce5   Thumb Code     6  stm32f1xx_hal_spi.o(.text)
    HAL_InitTick                             0x08001d07   Thumb Code    64  stm32f1xx_hal.o(.text)
    HAL_Init                                 0x08001d47   Thumb Code    34  stm32f1xx_hal.o(.text)
    HAL_MspDeInit                            0x08001d69   Thumb Code     2  stm32f1xx_hal.o(.text)
    HAL_DeInit                               0x08001d6b   Thumb Code    30  stm32f1xx_hal.o(.text)
    HAL_IncTick                              0x08001d89   Thumb Code    16  stm32f1xx_hal.o(.text)
    HAL_GetTick                              0x08001d99   Thumb Code     6  stm32f1xx_hal.o(.text)
    HAL_GetTickPrio                          0x08001d9f   Thumb Code     6  stm32f1xx_hal.o(.text)
    HAL_SetTickFreq                          0x08001da5   Thumb Code    40  stm32f1xx_hal.o(.text)
    HAL_GetTickFreq                          0x08001dcd   Thumb Code     6  stm32f1xx_hal.o(.text)
    HAL_Delay                                0x08001dd3   Thumb Code    36  stm32f1xx_hal.o(.text)
    HAL_SuspendTick                          0x08001df7   Thumb Code    18  stm32f1xx_hal.o(.text)
    HAL_ResumeTick                           0x08001e09   Thumb Code    18  stm32f1xx_hal.o(.text)
    HAL_GetHalVersion                        0x08001e1b   Thumb Code     4  stm32f1xx_hal.o(.text)
    HAL_GetREVID                             0x08001e1f   Thumb Code     8  stm32f1xx_hal.o(.text)
    HAL_GetDEVID                             0x08001e27   Thumb Code    10  stm32f1xx_hal.o(.text)
    HAL_GetUIDw0                             0x08001e31   Thumb Code     6  stm32f1xx_hal.o(.text)
    HAL_GetUIDw1                             0x08001e37   Thumb Code     8  stm32f1xx_hal.o(.text)
    HAL_GetUIDw2                             0x08001e3f   Thumb Code     8  stm32f1xx_hal.o(.text)
    HAL_DBGMCU_EnableDBGSleepMode            0x08001e47   Thumb Code    14  stm32f1xx_hal.o(.text)
    HAL_DBGMCU_DisableDBGSleepMode           0x08001e55   Thumb Code    14  stm32f1xx_hal.o(.text)
    HAL_DBGMCU_EnableDBGStopMode             0x08001e63   Thumb Code    14  stm32f1xx_hal.o(.text)
    HAL_DBGMCU_DisableDBGStopMode            0x08001e71   Thumb Code    14  stm32f1xx_hal.o(.text)
    HAL_DBGMCU_EnableDBGStandbyMode          0x08001e7f   Thumb Code    14  stm32f1xx_hal.o(.text)
    HAL_DBGMCU_DisableDBGStandbyMode         0x08001e8d   Thumb Code    14  stm32f1xx_hal.o(.text)
    HAL_RCC_DeInit                           0x08001ec1   Thumb Code   254  stm32f1xx_hal_rcc.o(.text)
    HAL_RCC_OscConfig                        0x08001fe3   Thumb Code  1126  stm32f1xx_hal_rcc.o(.text)
    HAL_RCC_GetSysClockFreq                  0x08002449   Thumb Code    92  stm32f1xx_hal_rcc.o(.text)
    HAL_RCC_ClockConfig                      0x080024a5   Thumb Code   376  stm32f1xx_hal_rcc.o(.text)
    HAL_RCC_MCOConfig                        0x0800261d   Thumb Code    92  stm32f1xx_hal_rcc.o(.text)
    HAL_RCC_EnableCSS                        0x08002679   Thumb Code     8  stm32f1xx_hal_rcc.o(.text)
    HAL_RCC_DisableCSS                       0x08002681   Thumb Code     8  stm32f1xx_hal_rcc.o(.text)
    HAL_RCC_GetHCLKFreq                      0x08002689   Thumb Code     6  stm32f1xx_hal_rcc.o(.text)
    HAL_RCC_GetPCLK1Freq                     0x0800268f   Thumb Code    70  stm32f1xx_hal_rcc.o(.text)
    HAL_RCC_GetPCLK2Freq                     0x080026d5   Thumb Code    22  stm32f1xx_hal_rcc.o(.text)
    HAL_RCC_GetOscConfig                     0x080026eb   Thumb Code   196  stm32f1xx_hal_rcc.o(.text)
    HAL_RCC_GetClockConfig                   0x080027af   Thumb Code    58  stm32f1xx_hal_rcc.o(.text)
    HAL_RCC_CSSCallback                      0x080027e9   Thumb Code     2  stm32f1xx_hal_rcc.o(.text)
    HAL_RCC_NMI_IRQHandler                   0x080027eb   Thumb Code    26  stm32f1xx_hal_rcc.o(.text)
    HAL_GPIO_Init                            0x08002811   Thumb Code   766  stm32f1xx_hal_gpio.o(.text)
    HAL_GPIO_DeInit                          0x08002b0f   Thumb Code   288  stm32f1xx_hal_gpio.o(.text)
    HAL_GPIO_ReadPin                         0x08002c2f   Thumb Code    16  stm32f1xx_hal_gpio.o(.text)
    HAL_GPIO_WritePin                        0x08002c3f   Thumb Code    12  stm32f1xx_hal_gpio.o(.text)
    HAL_GPIO_TogglePin                       0x08002c4b   Thumb Code    20  stm32f1xx_hal_gpio.o(.text)
    HAL_GPIO_LockPin                         0x08002c5f   Thumb Code    46  stm32f1xx_hal_gpio.o(.text)
    HAL_GPIO_EXTI_Callback                   0x08002c8d   Thumb Code     2  stm32f1xx_hal_gpio.o(.text)
    HAL_GPIO_EXTI_IRQHandler                 0x08002c8f   Thumb Code    28  stm32f1xx_hal_gpio.o(.text)
    HAL_DMA_Init                             0x08002ccd   Thumb Code   100  stm32f1xx_hal_dma.o(.text)
    HAL_DMA_DeInit                           0x08002d31   Thumb Code   100  stm32f1xx_hal_dma.o(.text)
    HAL_DMA_Start                            0x08002dc1   Thumb Code   114  stm32f1xx_hal_dma.o(.text)
    HAL_DMA_Start_IT                         0x08002e33   Thumb Code   156  stm32f1xx_hal_dma.o(.text)
    HAL_DMA_Abort                            0x08002ecf   Thumb Code    86  stm32f1xx_hal_dma.o(.text)
    HAL_DMA_Abort_IT                         0x08002f25   Thumb Code   172  stm32f1xx_hal_dma.o(.text)
    HAL_DMA_PollForTransfer                  0x08002fd1   Thumb Code   690  stm32f1xx_hal_dma.o(.text)
    HAL_DMA_IRQHandler                       0x08003283   Thumb Code   408  stm32f1xx_hal_dma.o(.text)
    HAL_DMA_RegisterCallback                 0x0800341b   Thumb Code    90  stm32f1xx_hal_dma.o(.text)
    HAL_DMA_UnRegisterCallback               0x08003475   Thumb Code   112  stm32f1xx_hal_dma.o(.text)
    HAL_DMA_GetState                         0x080034e5   Thumb Code     8  stm32f1xx_hal_dma.o(.text)
    HAL_DMA_GetError                         0x080034ed   Thumb Code     6  stm32f1xx_hal_dma.o(.text)
    HAL_NVIC_SetPriorityGrouping             0x08003515   Thumb Code    36  stm32f1xx_hal_cortex.o(.text)
    HAL_NVIC_SetPriority                     0x08003539   Thumb Code   124  stm32f1xx_hal_cortex.o(.text)
    HAL_NVIC_EnableIRQ                       0x080035b5   Thumb Code    32  stm32f1xx_hal_cortex.o(.text)
    HAL_NVIC_DisableIRQ                      0x080035d5   Thumb Code    62  stm32f1xx_hal_cortex.o(.text)
    HAL_NVIC_SystemReset                     0x08003613   Thumb Code    64  stm32f1xx_hal_cortex.o(.text)
    HAL_SYSTICK_Config                       0x08003653   Thumb Code    52  stm32f1xx_hal_cortex.o(.text)
    HAL_NVIC_GetPriorityGrouping             0x08003687   Thumb Code     8  stm32f1xx_hal_cortex.o(.text)
    HAL_NVIC_GetPriority                     0x0800368f   Thumb Code   138  stm32f1xx_hal_cortex.o(.text)
    HAL_NVIC_SetPendingIRQ                   0x08003719   Thumb Code    32  stm32f1xx_hal_cortex.o(.text)
    HAL_NVIC_GetPendingIRQ                   0x08003739   Thumb Code    46  stm32f1xx_hal_cortex.o(.text)
    HAL_NVIC_ClearPendingIRQ                 0x08003767   Thumb Code    30  stm32f1xx_hal_cortex.o(.text)
    HAL_NVIC_GetActive                       0x08003785   Thumb Code    46  stm32f1xx_hal_cortex.o(.text)
    HAL_SYSTICK_CLKSourceConfig              0x080037b3   Thumb Code    40  stm32f1xx_hal_cortex.o(.text)
    HAL_SYSTICK_Callback                     0x080037db   Thumb Code     2  stm32f1xx_hal_cortex.o(.text)
    HAL_SYSTICK_IRQHandler                   0x080037dd   Thumb Code     8  stm32f1xx_hal_cortex.o(.text)
    SystemInit                               0x08003805   Thumb Code     2  system_stm32f1xx.o(.text)
    SystemCoreClockUpdate                    0x08003807   Thumb Code   142  system_stm32f1xx.o(.text)
    __aeabi_memclr4                          0x080038a9   Thumb Code     0  rt_memclr_w.o(.text)
    __aeabi_memclr8                          0x080038a9   Thumb Code     0  rt_memclr_w.o(.text)
    __rt_memclr_w                            0x080038a9   Thumb Code    78  rt_memclr_w.o(.text)
    _memset_w                                0x080038ad   Thumb Code     0  rt_memclr_w.o(.text)
    __use_two_region_memory                  0x080038f7   Thumb Code     2  heapauxi.o(.text)
    __rt_heap_escrow$2region                 0x080038f9   Thumb Code     2  heapauxi.o(.text)
    __rt_heap_expand$2region                 0x080038fb   Thumb Code     2  heapauxi.o(.text)
    __user_setup_stackheap                   0x080038fd   Thumb Code    74  sys_stackheap_outer.o(.text)
    exit                                     0x08003947   Thumb Code    18  exit.o(.text)
    __user_libspace                          0x08003959   Thumb Code     8  libspace.o(.text)
    __user_perproc_libspace                  0x08003959   Thumb Code     0  libspace.o(.text)
    __user_perthread_libspace                0x08003959   Thumb Code     0  libspace.o(.text)
    _sys_exit                                0x08003961   Thumb Code     8  sys_exit.o(.text)
    __I$use$semihosting                      0x0800396d   Thumb Code     0  use_no_semi.o(.text)
    __use_no_semihosting_swi                 0x0800396d   Thumb Code     2  use_no_semi.o(.text)
    Error_Handler                            0x0800396f   Thumb Code     6  main.o(i.Error_Handler)
    __semihosting_library_function           0x0800396f   Thumb Code     0  indicate_semi.o(.text)
    LCD_Clear                                0x08003975   Thumb Code    52  main.o(i.LCD_Clear)
    LCD_Init                                 0x080039a9   Thumb Code   190  main.o(i.LCD_Init)
    LCD_RESET                                0x08003a6d   Thumb Code    38  main.o(i.LCD_RESET)
    LCD_ShowChar                             0x08003a99   Thumb Code   138  main.o(i.LCD_ShowChar)
    LCD_WR_DATA                              0x08003b2d   Thumb Code    38  main.o(i.LCD_WR_DATA)
    LCD_WR_REG                               0x08003b5d   Thumb Code    38  main.o(i.LCD_WR_REG)
    LCD_WriteRAM_Prepare                     0x08003b8d   Thumb Code    10  main.o(i.LCD_WriteRAM_Prepare)
    SPI_WriteByte                            0x08003b97   Thumb Code    50  main.o(i.SPI_WriteByte)
    SystemClock_Config                       0x08003bc9   Thumb Code   102  main.o(i.SystemClock_Config)
    disp_240x160                             0x08003c2f   Thumb Code    76  main.o(i.disp_240x160)
    lcd_address                              0x08003c7b   Thumb Code   106  main.o(i.lcd_address)
    main                                     0x08003ce5   Thumb Code    40  main.o(i.main)
    transfer_mono_data_12pixel               0x08003d11   Thumb Code    24  main.o(i.transfer_mono_data_12pixel)
    transfer_mono_data_15pixel               0x08003d29   Thumb Code    24  main.o(i.transfer_mono_data_15pixel)
    transfer_mono_data_18pixel               0x08003d41   Thumb Code    30  main.o(i.transfer_mono_data_18pixel)
    transfer_mono_data_21pixel               0x08003d5f   Thumb Code    28  main.o(i.transfer_mono_data_21pixel)
    transfer_mono_data_24pixel               0x08003d7b   Thumb Code    28  main.o(i.transfer_mono_data_24pixel)
    transfer_mono_data_3pixel                0x08003d97   Thumb Code    56  main.o(i.transfer_mono_data_3pixel)
    transfer_mono_data_6pixel                0x08003dcf   Thumb Code    20  main.o(i.transfer_mono_data_6pixel)
    transfer_mono_data_8pixel                0x08003de3   Thumb Code    28  main.o(i.transfer_mono_data_8pixel)
    transfer_mono_data_9pixel                0x08003dff   Thumb Code    26  main.o(i.transfer_mono_data_9pixel)
    asc2_1608_number                         0x08003e18   Data         176  main.o(.constdata)
    asc2_1608_UppL                           0x08003ec8   Data         416  main.o(.constdata)
    AHBPrescTable                            0x0800407a   Data          16  system_stm32f1xx.o(.constdata)
    APBPrescTable                            0x0800408a   Data           8  system_stm32f1xx.o(.constdata)
    Region$$Table$$Base                      0x08004094   Number         0  anon$$obj.o(Region$$Table)
    Region$$Table$$Limit                     0x080040b4   Number         0  anon$$obj.o(Region$$Table)
    BMP                                      0x20000000   Data        4800  main.o(.data)
    uwTick                                   0x200012c0   Data           4  stm32f1xx_hal.o(.data)
    uwTickPrio                               0x200012c4   Data           4  stm32f1xx_hal.o(.data)
    uwTickFreq                               0x200012c8   Data           1  stm32f1xx_hal.o(.data)
    SystemCoreClock                          0x200012cc   Data           4  system_stm32f1xx.o(.data)
    hspi1                                    0x200012d0   Data          88  spi.o(.bss)
    __libspace_start                         0x20001328   Data          96  libspace.o(.bss)
    __temporary_stack_top$libspace           0x20001388   Data           0  libspace.o(.bss)



==============================================================================

Memory Map of the image

  Image Entry point : 0x080000ed

  Load Region LR_IROM1 (Base: 0x08000000, Size: 0x00005384, Max: 0x00010000, ABSOLUTE, COMPRESSED[0x00004378])

    Execution Region ER_IROM1 (Exec base: 0x08000000, Load base: 0x08000000, Size: 0x000040b4, Max: 0x00010000, ABSOLUTE)

    Exec Addr    Load Addr    Size         Type   Attr      Idx    E Section Name        Object

    0x08000000   0x08000000   0x000000ec   Data   RO            3    RESET               startup_stm32f103xb.o
    0x080000ec   0x080000ec   0x00000008   Code   RO          785  * !!!main             c_w.l(__main.o)
    0x080000f4   0x080000f4   0x00000034   Code   RO          944    !!!scatter          c_w.l(__scatter.o)
    0x08000128   0x08000128   0x0000005a   Code   RO          942    !!dczerorl2         c_w.l(__dczerorl2.o)
    0x08000182   0x08000182   0x00000002   PAD
    0x08000184   0x08000184   0x0000001c   Code   RO          946    !!handler_zi        c_w.l(__scatter_zi.o)
    0x080001a0   0x080001a0   0x00000002   Code   RO          812    .ARM.Collect$$libinit$$00000000  c_w.l(libinit.o)
    0x080001a2   0x080001a2   0x00000000   Code   RO          819    .ARM.Collect$$libinit$$00000002  c_w.l(libinit2.o)
    0x080001a2   0x080001a2   0x00000000   Code   RO          821    .ARM.Collect$$libinit$$00000004  c_w.l(libinit2.o)
    0x080001a2   0x080001a2   0x00000000   Code   RO          824    .ARM.Collect$$libinit$$0000000A  c_w.l(libinit2.o)
    0x080001a2   0x080001a2   0x00000000   Code   RO          826    .ARM.Collect$$libinit$$0000000C  c_w.l(libinit2.o)
    0x080001a2   0x080001a2   0x00000000   Code   RO          828    .ARM.Collect$$libinit$$0000000E  c_w.l(libinit2.o)
    0x080001a2   0x080001a2   0x00000000   Code   RO          831    .ARM.Collect$$libinit$$00000011  c_w.l(libinit2.o)
    0x080001a2   0x080001a2   0x00000000   Code   RO          833    .ARM.Collect$$libinit$$00000013  c_w.l(libinit2.o)
    0x080001a2   0x080001a2   0x00000000   Code   RO          835    .ARM.Collect$$libinit$$00000015  c_w.l(libinit2.o)
    0x080001a2   0x080001a2   0x00000000   Code   RO          837    .ARM.Collect$$libinit$$00000017  c_w.l(libinit2.o)
    0x080001a2   0x080001a2   0x00000000   Code   RO          839    .ARM.Collect$$libinit$$00000019  c_w.l(libinit2.o)
    0x080001a2   0x080001a2   0x00000000   Code   RO          841    .ARM.Collect$$libinit$$0000001B  c_w.l(libinit2.o)
    0x080001a2   0x080001a2   0x00000000   Code   RO          843    .ARM.Collect$$libinit$$0000001D  c_w.l(libinit2.o)
    0x080001a2   0x080001a2   0x00000000   Code   RO          845    .ARM.Collect$$libinit$$0000001F  c_w.l(libinit2.o)
    0x080001a2   0x080001a2   0x00000000   Code   RO          847    .ARM.Collect$$libinit$$00000021  c_w.l(libinit2.o)
    0x080001a2   0x080001a2   0x00000000   Code   RO          849    .ARM.Collect$$libinit$$00000023  c_w.l(libinit2.o)
    0x080001a2   0x080001a2   0x00000000   Code   RO          851    .ARM.Collect$$libinit$$00000025  c_w.l(libinit2.o)
    0x080001a2   0x080001a2   0x00000000   Code   RO          855    .ARM.Collect$$libinit$$0000002C  c_w.l(libinit2.o)
    0x080001a2   0x080001a2   0x00000000   Code   RO          857    .ARM.Collect$$libinit$$0000002E  c_w.l(libinit2.o)
    0x080001a2   0x080001a2   0x00000000   Code   RO          859    .ARM.Collect$$libinit$$00000030  c_w.l(libinit2.o)
    0x080001a2   0x080001a2   0x00000000   Code   RO          861    .ARM.Collect$$libinit$$00000032  c_w.l(libinit2.o)
    0x080001a2   0x080001a2   0x00000002   Code   RO          862    .ARM.Collect$$libinit$$00000033  c_w.l(libinit2.o)
    0x080001a4   0x080001a4   0x00000002   Code   RO          882    .ARM.Collect$$libshutdown$$00000000  c_w.l(libshutdown.o)
    0x080001a6   0x080001a6   0x00000000   Code   RO          895    .ARM.Collect$$libshutdown$$00000002  c_w.l(libshutdown2.o)
    0x080001a6   0x080001a6   0x00000000   Code   RO          897    .ARM.Collect$$libshutdown$$00000004  c_w.l(libshutdown2.o)
    0x080001a6   0x080001a6   0x00000000   Code   RO          900    .ARM.Collect$$libshutdown$$00000007  c_w.l(libshutdown2.o)
    0x080001a6   0x080001a6   0x00000000   Code   RO          903    .ARM.Collect$$libshutdown$$0000000A  c_w.l(libshutdown2.o)
    0x080001a6   0x080001a6   0x00000000   Code   RO          905    .ARM.Collect$$libshutdown$$0000000C  c_w.l(libshutdown2.o)
    0x080001a6   0x080001a6   0x00000000   Code   RO          908    .ARM.Collect$$libshutdown$$0000000F  c_w.l(libshutdown2.o)
    0x080001a6   0x080001a6   0x00000002   Code   RO          909    .ARM.Collect$$libshutdown$$00000010  c_w.l(libshutdown2.o)
    0x080001a8   0x080001a8   0x00000000   Code   RO          787    .ARM.Collect$$rtentry$$00000000  c_w.l(__rtentry.o)
    0x080001a8   0x080001a8   0x00000000   Code   RO          789    .ARM.Collect$$rtentry$$00000002  c_w.l(__rtentry2.o)
    0x080001a8   0x080001a8   0x00000006   Code   RO          801    .ARM.Collect$$rtentry$$00000004  c_w.l(__rtentry4.o)
    0x080001ae   0x080001ae   0x00000000   Code   RO          791    .ARM.Collect$$rtentry$$00000009  c_w.l(__rtentry2.o)
    0x080001ae   0x080001ae   0x00000004   Code   RO          792    .ARM.Collect$$rtentry$$0000000A  c_w.l(__rtentry2.o)
    0x080001b2   0x080001b2   0x00000000   Code   RO          794    .ARM.Collect$$rtentry$$0000000C  c_w.l(__rtentry2.o)
    0x080001b2   0x080001b2   0x00000008   Code   RO          795    .ARM.Collect$$rtentry$$0000000D  c_w.l(__rtentry2.o)
    0x080001ba   0x080001ba   0x00000002   Code   RO          816    .ARM.Collect$$rtexit$$00000000  c_w.l(rtexit.o)
    0x080001bc   0x080001bc   0x00000000   Code   RO          864    .ARM.Collect$$rtexit$$00000002  c_w.l(rtexit2.o)
    0x080001bc   0x080001bc   0x00000004   Code   RO          865    .ARM.Collect$$rtexit$$00000003  c_w.l(rtexit2.o)
    0x080001c0   0x080001c0   0x00000006   Code   RO          866    .ARM.Collect$$rtexit$$00000004  c_w.l(rtexit2.o)
    0x080001c6   0x080001c6   0x00000002   PAD
    0x080001c8   0x080001c8   0x00000040   Code   RO            4    .text               startup_stm32f103xb.o
    0x08000208   0x08000208   0x000000ac   Code   RO          256    .text               gpio.o
    0x080002b4   0x080002b4   0x000000ec   Code   RO          364    .text               spi.o
    0x080003a0   0x080003a0   0x00000022   Code   RO          394    .text               stm32f1xx_it.o
    0x080003c2   0x080003c2   0x00000002   PAD
    0x080003c4   0x080003c4   0x00000054   Code   RO          421    .text               stm32f1xx_hal_msp.o
    0x08000418   0x08000418   0x000018ec   Code   RO          469    .text               stm32f1xx_hal_spi.o
    0x08001d04   0x08001d04   0x000001bc   Code   RO          493    .text               stm32f1xx_hal.o
    0x08001ec0   0x08001ec0   0x00000950   Code   RO          523    .text               stm32f1xx_hal_rcc.o
    0x08002810   0x08002810   0x000004bc   Code   RO          573    .text               stm32f1xx_hal_gpio.o
    0x08002ccc   0x08002ccc   0x00000826   Code   RO          597    .text               stm32f1xx_hal_dma.o
    0x080034f2   0x080034f2   0x00000002   PAD
    0x080034f4   0x080034f4   0x00000310   Code   RO          621    .text               stm32f1xx_hal_cortex.o
    0x08003804   0x08003804   0x000000a4   Code   RO          749    .text               system_stm32f1xx.o
    0x080038a8   0x080038a8   0x0000004e   Code   RO          781    .text               c_w.l(rt_memclr_w.o)
    0x080038f6   0x080038f6   0x00000006   Code   RO          783    .text               c_w.l(heapauxi.o)
    0x080038fc   0x080038fc   0x0000004a   Code   RO          803    .text               c_w.l(sys_stackheap_outer.o)
    0x08003946   0x08003946   0x00000012   Code   RO          805    .text               c_w.l(exit.o)
    0x08003958   0x08003958   0x00000008   Code   RO          813    .text               c_w.l(libspace.o)
    0x08003960   0x08003960   0x0000000c   Code   RO          874    .text               c_w.l(sys_exit.o)
    0x0800396c   0x0800396c   0x00000002   Code   RO          885    .text               c_w.l(use_no_semi.o)
    0x0800396e   0x0800396e   0x00000000   Code   RO          887    .text               c_w.l(indicate_semi.o)
    0x0800396e   0x0800396e   0x00000006   Code   RO           13    i.Error_Handler     main.o
    0x08003974   0x08003974   0x00000034   Code   RO           14    i.LCD_Clear         main.o
    0x080039a8   0x080039a8   0x000000c4   Code   RO           15    i.LCD_Init          main.o
    0x08003a6c   0x08003a6c   0x0000002c   Code   RO           16    i.LCD_RESET         main.o
    0x08003a98   0x08003a98   0x00000094   Code   RO           17    i.LCD_ShowChar      main.o
    0x08003b2c   0x08003b2c   0x00000030   Code   RO           18    i.LCD_WR_DATA       main.o
    0x08003b5c   0x08003b5c   0x00000030   Code   RO           19    i.LCD_WR_REG        main.o
    0x08003b8c   0x08003b8c   0x0000000a   Code   RO           20    i.LCD_WriteRAM_Prepare  main.o
    0x08003b96   0x08003b96   0x00000032   Code   RO           21    i.SPI_WriteByte     main.o
    0x08003bc8   0x08003bc8   0x00000066   Code   RO           22    i.SystemClock_Config  main.o
    0x08003c2e   0x08003c2e   0x0000004c   Code   RO           23    i.disp_240x160      main.o
    0x08003c7a   0x08003c7a   0x0000006a   Code   RO           24    i.lcd_address       main.o
    0x08003ce4   0x08003ce4   0x0000002c   Code   RO           25    i.main              main.o
    0x08003d10   0x08003d10   0x00000018   Code   RO           26    i.transfer_mono_data_12pixel  main.o
    0x08003d28   0x08003d28   0x00000018   Code   RO           27    i.transfer_mono_data_15pixel  main.o
    0x08003d40   0x08003d40   0x0000001e   Code   RO           28    i.transfer_mono_data_18pixel  main.o
    0x08003d5e   0x08003d5e   0x0000001c   Code   RO           29    i.transfer_mono_data_21pixel  main.o
    0x08003d7a   0x08003d7a   0x0000001c   Code   RO           30    i.transfer_mono_data_24pixel  main.o
    0x08003d96   0x08003d96   0x00000038   Code   RO           31    i.transfer_mono_data_3pixel  main.o
    0x08003dce   0x08003dce   0x00000014   Code   RO           32    i.transfer_mono_data_6pixel  main.o
    0x08003de2   0x08003de2   0x0000001c   Code   RO           33    i.transfer_mono_data_8pixel  main.o
    0x08003dfe   0x08003dfe   0x0000001a   Code   RO           34    i.transfer_mono_data_9pixel  main.o
    0x08003e18   0x08003e18   0x00000250   Data   RO           35    .constdata          main.o
    0x08004068   0x08004068   0x00000012   Data   RO          524    .constdata          stm32f1xx_hal_rcc.o
    0x0800407a   0x0800407a   0x00000018   Data   RO          750    .constdata          system_stm32f1xx.o
    0x08004092   0x08004092   0x00000002   PAD
    0x08004094   0x08004094   0x00000020   Data   RO          940    Region$$Table       anon$$obj.o


    Execution Region RW_IRAM1 (Exec base: 0x20000000, Load base: 0x080040b4, Size: 0x00001988, Max: 0x00005000, ABSOLUTE, COMPRESSED[0x000002c4])

    Exec Addr    Load Addr    Size         Type   Attr      Idx    E Section Name        Object

    0x20000000   COMPRESSED   0x000012c0   Data   RW           36    .data               main.o
    0x200012c0   COMPRESSED   0x00000009   Data   RW          494    .data               stm32f1xx_hal.o
    0x200012c9   COMPRESSED   0x00000003   PAD
    0x200012cc   COMPRESSED   0x00000004   Data   RW          751    .data               system_stm32f1xx.o
    0x200012d0        -       0x00000058   Zero   RW          365    .bss                spi.o
    0x20001328        -       0x00000060   Zero   RW          814    .bss                c_w.l(libspace.o)
    0x20001388        -       0x00000200   Zero   RW            2    HEAP                startup_stm32f103xb.o
    0x20001588        -       0x00000400   Zero   RW            1    STACK               startup_stm32f103xb.o


==============================================================================

Image component sizes


      Code (inc. data)   RO Data    RW Data    ZI Data      Debug   Object Name

       172         10          0          0          0     390879   gpio.o
      1194         46        592       4800          0     399512   main.o
       236         16          0          0         88       1545   spi.o
        64         26        236          0       1536        820   startup_stm32f103xb.o
       444         38          0          9          0       7109   stm32f1xx_hal.o
       784         20          0          0          0      30706   stm32f1xx_hal_cortex.o
      2086         18          0          0          0       5781   stm32f1xx_hal_dma.o
      1212         34          0          0          0       3963   stm32f1xx_hal_gpio.o
        84          8          0          0          0        914   stm32f1xx_hal_msp.o
      2384         90         18          0          0       5619   stm32f1xx_hal_rcc.o
      6380        112          0          0          0      18297   stm32f1xx_hal_spi.o
        34          0          0          0          0       1310   stm32f1xx_it.o
       164         20         24          4          0       1477   system_stm32f1xx.o

    ----------------------------------------------------------------------
     15242        438        904       4816       1624     867932   Object Totals
         0          0         32          0          0          0   (incl. Generated)
         4          0          2          3          0          0   (incl. Padding)

    ----------------------------------------------------------------------

      Code (inc. data)   RO Data    RW Data    ZI Data      Debug   Library Member Name

        90          0          0          0          0          0   __dczerorl2.o
         8          0          0          0          0         68   __main.o
         0          0          0          0          0          0   __rtentry.o
        12          0          0          0          0          0   __rtentry2.o
         6          0          0          0          0          0   __rtentry4.o
        52          8          0          0          0          0   __scatter.o
        28          0          0          0          0          0   __scatter_zi.o
        18          0          0          0          0         80   exit.o
         6          0          0          0          0        152   heapauxi.o
         0          0          0          0          0          0   indicate_semi.o
         2          0          0          0          0          0   libinit.o
         2          0          0          0          0          0   libinit2.o
         2          0          0          0          0          0   libshutdown.o
         2          0          0          0          0          0   libshutdown2.o
         8          4          0          0         96         68   libspace.o
        78          0          0          0          0         80   rt_memclr_w.o
         2          0          0          0          0          0   rtexit.o
        10          0          0          0          0          0   rtexit2.o
        12          4          0          0          0         68   sys_exit.o
        74          0          0          0          0         80   sys_stackheap_outer.o
         2          0          0          0          0         68   use_no_semi.o

    ----------------------------------------------------------------------
       418         16          0          0         96        664   Library Totals
         4          0          0          0          0          0   (incl. Padding)

    ----------------------------------------------------------------------

      Code (inc. data)   RO Data    RW Data    ZI Data      Debug   Library Name

       414         16          0          0         96        664   c_w.l

    ----------------------------------------------------------------------
       418         16          0          0         96        664   Library Totals

    ----------------------------------------------------------------------

==============================================================================


      Code (inc. data)   RO Data    RW Data    ZI Data      Debug   

     15660        454        904       4816       1720     866304   Grand Totals
     15660        454        904        708       1720     866304   ELF Image Totals (compressed)
     15660        454        904        708          0          0   ROM Totals

==============================================================================

    Total RO  Size (Code + RO Data)                16564 (  16.18kB)
    Total RW  Size (RW Data + ZI Data)              6536 (   6.38kB)
    Total ROM Size (Code + RO Data + RW Data)      17272 (  16.87kB)

==============================================================================

