Component: ARM Compiler 5.06 update 7 (build 960) Tool: armlink [4d3601]

==============================================================================

Section Cross References

    startup_stm32f10x_hd.o(RESET) refers to startup_stm32f10x_hd.o(STACK) for __initial_sp
    startup_stm32f10x_hd.o(RESET) refers to startup_stm32f10x_hd.o(.text) for Reset_Handler
    startup_stm32f10x_hd.o(RESET) refers to stm32f10x_it.o(.text) for NMI_Handler
    startup_stm32f10x_hd.o(RESET) refers to main.o(.text) for TIM2_IRQHandler
    startup_stm32f10x_hd.o(RESET) refers to usart1.o(.text) for USART1_IRQHandler
    startup_stm32f10x_hd.o(.text) refers to system_stm32f10x.o(.text) for SystemInit
    startup_stm32f10x_hd.o(.text) refers to entry.o(.ARM.Collect$$$$00000000) for __main
    system_stm32f10x.o(.text) refers to system_stm32f10x.o(.data) for SystemCoreClock
    misc.o(.text) refers to stm32f10x_flash.o(.text) for STM32F10x_Read
    misc.o(.text) refers to system_stm32f10x.o(.bss) for SysTick_Info
    stm32f10x_adc.o(.text) refers to stm32f10x_rcc.o(.text) for RCC_APB2PeriphResetCmd
    stm32f10x_dac.o(.text) refers to stm32f10x_rcc.o(.text) for RCC_APB1PeriphResetCmd
    stm32f10x_flash.o(.text) refers to stm32f10x_flash.o(.bss) for STMFLASH_BUF
    stm32f10x_gpio.o(.text) refers to stm32f10x_rcc.o(.text) for RCC_APB2PeriphResetCmd
    stm32f10x_i2c.o(.text) refers to stm32f10x_rcc.o(.text) for RCC_APB1PeriphResetCmd
    stm32f10x_rcc.o(.text) refers to stm32f10x_rcc.o(.data) for APBAHBPrescTable
    stm32f10x_tim.o(.text) refers to stm32f10x_rcc.o(.text) for RCC_APB2PeriphResetCmd
    stm32f10x_usart.o(.text) refers to stm32f10x_rcc.o(.text) for RCC_APB2PeriphResetCmd
    main.o(.text) refers to ds1302.o(.text) for DS1302_DateRead
    main.o(.text) refers to oled_i2c.o(.text) for OLED_ShowChar
    main.o(.text) refers to main.o(.data) for setn
    main.o(.text) refers to ds1302.o(.data) for SysDate
    main.o(.text) refers to max30102_read.o(.text) for ReadHeartRateSpO2
    main.o(.text) refers to ds18b20.o(.text) for DS18B20_Get_Temp
    main.o(.text) refers to stm32f10x_flash.o(.text) for STMFLASH_Write
    main.o(.text) refers to delay.o(.text) for DelayMs
    main.o(.text) refers to strstr.o(.text) for strstr
    main.o(.text) refers to adxl345.o(.text) for adxl345_read_average
    main.o(.text) refers to cfcmple.o(.text) for __aeabi_cfcmple
    main.o(.text) refers to ffixui.o(.text) for __aeabi_f2uiz
    main.o(.text) refers to cfrcmple.o(.text) for __aeabi_cfrcmple
    main.o(.text) refers to fdiv.o(.text) for __aeabi_fdiv
    main.o(.text) refers to key.o(.text) for KEY_Scan
    main.o(.text) refers to atoi.o(.text) for atoi
    main.o(.text) refers to usart1.o(.data) for RxCounter
    main.o(.text) refers to usart1.o(.bss) for Usart1RecBuf
    main.o(.text) refers to memseta.o(.text) for __aeabi_memclr
    main.o(.text) refers to fflti.o(.text) for __aeabi_i2f
    main.o(.text) refers to f2d.o(.text) for __aeabi_f2d
    main.o(.text) refers to printfa.o(i.__0printf) for __2printf
    main.o(.text) refers to ffltui.o(.text) for __aeabi_ui2f
    main.o(.text) refers to misc.o(.text) for NVIC_PriorityGroupConfig
    main.o(.text) refers to iic.o(.text) for IIC_init
    main.o(.text) refers to usart1.o(.text) for uart1_Init
    main.o(.text) refers to timer.o(.text) for TIM2_Init
    main.o(.text) refers to stm32f10x_tim.o(.text) for TIM_GetITStatus
    oled_i2c.o(.text) refers to stm32f10x_rcc.o(.text) for RCC_APB1PeriphClockCmd
    oled_i2c.o(.text) refers to stm32f10x_gpio.o(.text) for GPIO_Init
    oled_i2c.o(.text) refers to stm32f10x_i2c.o(.text) for I2C_DeInit
    oled_i2c.o(.text) refers to delay.o(.text) for DelayMs
    oled_i2c.o(.text) refers to oled_i2c.o(.constdata) for F8X16
    oled_i2c.o(.text) refers to oled_i2c.o(.data) for F16x16
    oled_i2c.o(.text) refers to memcpya.o(.text) for __aeabi_memcpy4
    delay.o(.text) refers to misc.o(.text) for SysTick_CLKSourceConfig
    delay.o(.text) refers to system_stm32f10x.o(.data) for SystemCoreClock
    delay.o(.text) refers to delay.o(.data) for fac_us
    delay.o(.text) refers to system_stm32f10x.o(.bss) for SysTick_Info
    key.o(.text) refers to stm32f10x_rcc.o(.text) for RCC_APB2PeriphClockCmd
    key.o(.text) refers to stm32f10x_gpio.o(.text) for GPIO_PinRemapConfig
    key.o(.text) refers to delay.o(.text) for DelayMs
    key.o(.text) refers to key.o(.data) for key_up
    ds1302.o(.text) refers to stm32f10x_gpio.o(.text) for GPIO_Init
    ds1302.o(.text) refers to stm32f10x_rcc.o(.text) for RCC_APB2PeriphClockCmd
    ds1302.o(.text) refers to delay.o(.text) for DelayUs
    ds18b20.o(.text) refers to delay.o(.text) for DelayUs
    ds18b20.o(.text) refers to stm32f10x_rcc.o(.text) for RCC_APB2PeriphClockCmd
    ds18b20.o(.text) refers to stm32f10x_gpio.o(.text) for GPIO_Init
    ds18b20.o(.text) refers to fflti.o(.text) for __aeabi_i2f
    ds18b20.o(.text) refers to f2d.o(.text) for __aeabi_f2d
[...]
    ../fplib/microlib/fpepilogue.c           0x00000000   Number         0  depilogue.o ABSOLUTE
    ../fplib/microlib/fpfix.c                0x00000000   Number         0  ffixi.o ABSOLUTE
    ../fplib/microlib/fpfix.c                0x00000000   Number         0  ffixui.o ABSOLUTE
    ../fplib/microlib/fpfix.c                0x00000000   Number         0  dfixi.o ABSOLUTE
    ../fplib/microlib/fpfix.c                0x00000000   Number         0  dfixul.o ABSOLUTE
    ../fplib/microlib/fpflt.c                0x00000000   Number         0  fflti.o ABSOLUTE
    ../fplib/microlib/fpflt.c                0x00000000   Number         0  ffltui.o ABSOLUTE
    ../fplib/microlib/fpmul.c                0x00000000   Number         0  dmul.o ABSOLUTE
    ../fplib/microlib/fpmul.c                0x00000000   Number         0  fmul.o ABSOLUTE
    ..\..\Libraries\CMSIS\core_cm3.c         0x00000000   Number         0  core_cm3.o ABSOLUTE
    ..\..\Libraries\CMSIS\startup\startup_stm32f10x_hd.s 0x00000000   Number         0  startup_stm32f10x_hd.o ABSOLUTE
    ..\..\Libraries\CMSIS\system_stm32f10x.c 0x00000000   Number         0  system_stm32f10x.o ABSOLUTE
    ..\..\Libraries\src\misc.c               0x00000000   Number         0  misc.o ABSOLUTE
    ..\..\Libraries\src\stm32f10x_adc.c      0x00000000   Number         0  stm32f10x_adc.o ABSOLUTE
    ..\..\Libraries\src\stm32f10x_dac.c      0x00000000   Number         0  stm32f10x_dac.o ABSOLUTE
    ..\..\Libraries\src\stm32f10x_dma.c      0x00000000   Number         0  stm32f10x_dma.o ABSOLUTE
    ..\..\Libraries\src\stm32f10x_flash.c    0x00000000   Number         0  stm32f10x_flash.o ABSOLUTE
    ..\..\Libraries\src\stm32f10x_fsmc.c     0x00000000   Number         0  stm32f10x_fsmc.o ABSOLUTE
    ..\..\Libraries\src\stm32f10x_gpio.c     0x00000000   Number         0  stm32f10x_gpio.o ABSOLUTE
    ..\..\Libraries\src\stm32f10x_i2c.c      0x00000000   Number         0  stm32f10x_i2c.o ABSOLUTE
    ..\..\Libraries\src\stm32f10x_rcc.c      0x00000000   Number         0  stm32f10x_rcc.o ABSOLUTE
    ..\..\Libraries\src\stm32f10x_rtc.c      0x00000000   Number         0  stm32f10x_rtc.o ABSOLUTE
    ..\..\Libraries\src\stm32f10x_sdio.c     0x00000000   Number         0  stm32f10x_sdio.o ABSOLUTE
    ..\..\Libraries\src\stm32f10x_tim.c      0x00000000   Number         0  stm32f10x_tim.o ABSOLUTE
    ..\..\Libraries\src\stm32f10x_usart.c    0x00000000   Number         0  stm32f10x_usart.o ABSOLUTE
    ..\..\User\OLED_I2C.c                    0x00000000   Number         0  oled_i2c.o ABSOLUTE
    ..\..\User\adxl345.c                     0x00000000   Number         0  adxl345.o ABSOLUTE
    ..\..\User\algorithm.c                   0x00000000   Number         0  algorithm.o ABSOLUTE
    ..\..\User\delay.c                       0x00000000   Number         0  delay.o ABSOLUTE
    ..\..\User\ds1302.c                      0x00000000   Number         0  ds1302.o ABSOLUTE
    ..\..\User\ds18b20.c                     0x00000000   Number         0  ds18b20.o ABSOLUTE
    ..\..\User\iic.c                         0x00000000   Number         0  iic.o ABSOLUTE
    ..\..\User\key.c                         0x00000000   Number         0  key.o ABSOLUTE
    ..\..\User\main.c                        0x00000000   Number         0  main.o ABSOLUTE
    ..\..\User\max30102.c                    0x00000000   Number         0  max30102.o ABSOLUTE
    ..\..\User\max30102_read.c               0x00000000   Number         0  max30102_read.o ABSOLUTE
    ..\..\User\myiic.c                       0x00000000   Number         0  myiic.o ABSOLUTE
    ..\..\User\stm32f10x_it.c                0x00000000   Number         0  stm32f10x_it.o ABSOLUTE
    ..\..\User\timer.c                       0x00000000   Number         0  timer.o ABSOLUTE
    ..\..\User\usart1.c                      0x00000000   Number         0  usart1.o ABSOLUTE
    ..\\..\\Libraries\\CMSIS\\core_cm3.c     0x00000000   Number         0  core_cm3.o ABSOLUTE
    cdrcmple.s                               0x00000000   Number         0  cdrcmple.o ABSOLUTE
    cfcmple.s                                0x00000000   Number         0  cfcmple.o ABSOLUTE
    cfrcmple.s                               0x00000000   Number         0  cfrcmple.o ABSOLUTE
    dc.s                                     0x00000000   Number         0  dc.o ABSOLUTE
    handlers.s                               0x00000000   Number         0  handlers.o ABSOLUTE
    init.s                                   0x00000000   Number         0  init.o ABSOLUTE
    RESET                                    0x08000000   Section      304  startup_stm32f10x_hd.o(RESET)
    .ARM.Collect$$$$00000000                 0x08000130   Section        0  entry.o(.ARM.Collect$$$$00000000)
    .ARM.Collect$$$$00000001                 0x08000130   Section        4  entry2.o(.ARM.Collect$$$$00000001)
    .ARM.Collect$$$$00000004                 0x08000134   Section        4  entry5.o(.ARM.Collect$$$$00000004)
    .ARM.Collect$$$$00000008                 0x08000138   Section        0  entry7b.o(.ARM.Collect$$$$00000008)
    .ARM.Collect$$$$0000000A                 0x08000138   Section        0  entry8b.o(.ARM.Collect$$$$0000000A)
    .ARM.Collect$$$$0000000B                 0x08000138   Section        8  entry9a.o(.ARM.Collect$$$$0000000B)
    .ARM.Collect$$$$0000000E                 0x08000140   Section        4  entry12b.o(.ARM.Collect$$$$0000000E)
    .ARM.Collect$$$$0000000F                 0x08000144   Section        0  entry10a.o(.ARM.Collect$$$$0000000F)
    .ARM.Collect$$$$00000011                 0x08000144   Section        0  entry11a.o(.ARM.Collect$$$$00000011)
    .ARM.Collect$$$$00002712                 0x08000144   Section        4  entry2.o(.ARM.Collect$$$$00002712)
    __lit__00000000                          0x08000144   Data           4  entry2.o(.ARM.Collect$$$$00002712)
    .text                                    0x08000148   Section       36  startup_stm32f10x_hd.o(.text)
    .text                                    0x0800016c   Section        0  system_stm32f10x.o(.text)
    SetSysClockTo72                          0x0800016d   Thumb Code   214  system_stm32f10x.o(.text)
    SetSysClock                              0x08000243   Thumb Code     8  system_stm32f10x.o(.text)
    .text                                    0x0800034c   Section        0  misc.o(.text)
    .text                                    0x0800049c   Section        0  stm32f10x_flash.o(.text)
    .text                                    0x08000b98   Section        0  stm32f10x_gpio.o(.text)
    .text                                    0x08000ef4   Section        0  stm32f10x_i2c.o(.text)
    .text                                    0x080012f8   Section        0  stm32f10x_rcc.o(.text)
    .text                                    0x0800169c   Section        0  stm32f10x_tim.o(.text)
    TI4_Config                               0x08001b43   Thumb Code   130  stm32f10x_tim.o(.text)
    TI3_Config                               0x08001bd7   Thumb Code   122  stm32f10x_tim.o(.text)
    TI2_Config                               0x08001c6b   Thumb Code   130  stm32f10x_tim.o(.text)
    TI1_Config                               0x08001cff   Thumb Code   108  stm32f10x_tim.o(.text)
    .text                                    0x080024b8   Section        0  stm32f10x_usart.o(.text)
    .text                                    0x080028c0   Section        0  main.o(.text)
    .text                                    0x08004860   Section        0  stm32f10x_it.o(.text)
    .text                                    0x0800487c   Section        0  oled_i2c.o(.text)
    .text                                    0x08004d84   Section        0  delay.o(.text)
    .text                                    0x08004eb4   Section        0  key.o(.text)
    .text                                    0x08005034   Section        0  ds1302.o(.text)
    .text                                    0x08005498   Section        0  ds18b20.o(.text)
    .text                                    0x08005704   Section        0  iic.o(.text)
    .text                                    0x08005920   Section        0  adxl345.o(.text)
    .text                                    0x08005b04   Section        0  usart1.o(.text)
    .text                                    0x08005ca8   Section        0  myiic.o(.text)
    i2c_Delay                                0x08005ca9   Thumb Code    14  myiic.o(.text)
    .text                                    0x08005ec0   Section        0  max30102.o(.text)
    .text                                    0x080060e0   Section        0  algorithm.o(.text)
    .text                                    0x08006610   Section        0  timer.o(.text)
    .text                                    0x08006668   Section        0  max30102_read.o(.text)
    .text                                    0x08006c20   Section        0  memcpya.o(.text)
    .text                                    0x08006c44   Section        0  memseta.o(.text)
    .text                                    0x08006c68   Section        0  strstr.o(.text)
    .text                                    0x08006c8c   Section        0  atoi.o(.text)
    .text                                    0x08006ca6   Section        0  fadd.o(.text)
    .text                                    0x08006d56   Section        0  fmul.o(.text)
    .text                                    0x08006dba   Section        0  fdiv.o(.text)
    .text                                    0x08006e36   Section        0  dmul.o(.text)
    .text                                    0x08006f1a   Section        0  fflti.o(.text)
    .text                                    0x08006f2c   Section        0  ffltui.o(.text)
    .text                                    0x08006f36   Section        0  ffixi.o(.text)
    .text                                    0x08006f68   Section        0  ffixui.o(.text)
    .text                                    0x08006f90   Section        0  dfixi.o(.text)
    .text                                    0x08006fce   Section        0  f2d.o(.text)
    .text                                    0x08006ff4   Section       20  cfcmple.o(.text)
    .text                                    0x08007008   Section       20  cfrcmple.o(.text)
    .text                                    0x0800701c   Section        0  uidiv.o(.text)
    .text                                    0x08007048   Section        0  uldiv.o(.text)
    .text                                    0x080070aa   Section        0  llushr.o(.text)
    .text                                    0x080070ca   Section        0  strtol.o(.text)
    .text                                    0x0800713a   Section        0  fepilogue.o(.text)
    .text                                    0x0800713a   Section        0  iusefp.o(.text)
    .text                                    0x080071a8   Section        0  depilogue.o(.text)
    .text                                    0x08007262   Section        0  dadd.o(.text)
    .text                                    0x080073b0   Section        0  ddiv.o(.text)
    .text                                    0x0800748e   Section        0  dfixul.o(.text)
    .text                                    0x080074c0   Section       48  cdrcmple.o(.text)
    .text                                    0x080074f0   Section       36  init.o(.text)
    .text                                    0x08007514   Section        0  llshl.o(.text)
    .text                                    0x08007532   Section        0  llsshr.o(.text)
    .text                                    0x08007558   Section        0  ctype_o.o(.text)
    .text                                    0x08007560   Section        0  _strtoul.o(.text)
    .text                                    0x080075fe   Section        0  _chval.o(.text)
    .text                                    0x0800761a   Section        0  __dclz77c.o(.text)
    i.__0printf                              0x08007678   Section        0  printfa.o(i.__0printf)
    i.__aeabi_errno_addr                     0x08007698   Section        0  errno.o(i.__aeabi_errno_addr)
    i.__scatterload_copy                     0x080076a0   Section       14  handlers.o(i.__scatterload_copy)
    i.__scatterload_null                     0x080076ae   Section        2  handlers.o(i.__scatterload_null)
    i.__scatterload_zeroinit                 0x080076b0   Section       14  handlers.o(i.__scatterload_zeroinit)
    i._fp_digits                             0x080076c0   Section        0  printfa.o(i._fp_digits)
    _fp_digits                               0x080076c1   Thumb Code   366  printfa.o(i._fp_digits)
    i._printf_core                           0x08007844   Section        0  printfa.o(i._printf_core)
    _printf_core                             0x08007845   Thumb Code  1704  printfa.o(i._printf_core)
    i._printf_post_padding                   0x08007ef8   Section        0  printfa.o(i._printf_post_padding)
    _printf_post_padding                     0x08007ef9   Thumb Code    36  printfa.o(i._printf_post_padding)
    i._printf_pre_padding                    0x08007f1c   Section        0  printfa.o(i._printf_pre_padding)
    _printf_pre_padding                      0x08007f1d   Thumb Code    46  printfa.o(i._printf_pre_padding)
    .constdata                               0x08007f4a   Section     1520  oled_i2c.o(.constdata)
    .constdata                               0x0800853a   Section      184  algorithm.o(.constdata)
    .constdata                               0x080085f2   Section      129  ctype_o.o(.constdata)
    .constdata                               0x08008674   Section        4  ctype_o.o(.constdata)
    table                                    0x08008674   Data           4  ctype_o.o(.constdata)
    .data                                    0x20000000   Section       20  system_stm32f10x.o(.data)
    .data                                    0x20000014   Section       20  stm32f10x_rcc.o(.data)
    APBAHBPrescTable                         0x20000014   Data          16  stm32f10x_rcc.o(.data)
    ADCPrescTable                            0x20000024   Data           4  stm32f10x_rcc.o(.data)
    .data                                    0x20000028   Section       66  main.o(.data)
    temp                                     0x20000064   Data           2  main.o(.data)
    timeCount1                               0x20000066   Data           2  main.o(.data)
    timeCount3                               0x20000068   Data           2  main.o(.data)
    .data                                    0x2000006a   Section     2144  oled_i2c.o(.data)
    .data                                    0x200008cc   Section       12  delay.o(.data)
    fac_us                                   0x200008cc   Data           1  delay.o(.data)
    fac_ms                                   0x200008ce   Data           2  delay.o(.data)
    time1                                    0x200008d0   Data           4  delay.o(.data)
    time2                                    0x200008d4   Data           4  delay.o(.data)
    .data                                    0x200008d8   Section        1  key.o(.data)
    key_up                                   0x200008d8   Data           1  key.o(.data)
    .data                                    0x200008da   Section        8  ds1302.o(.data)
    .data                                    0x200008e4   Section        8  usart1.o(.data)
    .data                                    0x200008ec   Section       77  max30102_read.o(.data)
    COUNT                                    0x20000938   Data           1  max30102_read.o(.data)
    .data                                    0x2000093c   Section        4  errno.o(.data)
    _errno                                   0x2000093c   Data           4  errno.o(.data)
    .bss                                     0x20000940   Section       28  system_stm32f10x.o(.bss)
    .bss                                     0x2000095c   Section     1024  stm32f10x_flash.o(.bss)
    .bss                                     0x20000d5c   Section      200  usart1.o(.bss)
    .bss                                     0x20000e24   Section     1200  algorithm.o(.bss)
    an_x                                     0x20000e24   Data         600  algorithm.o(.bss)
    an_y                                     0x2000107c   Data         600  algorithm.o(.bss)
    .bss                                     0x200012d4   Section     2528  max30102_read.o(.bss)
    an_x                                     0x200012d4   Data         600  max30102_read.o(.bss)
    an_y                                     0x2000152c   Data         600  max30102_read.o(.bss)
    STACK                                    0x20001cb8   Section     1024  startup_stm32f10x_hd.o(STACK)

    Global Symbols

    Symbol Name                              Value     Ov Type        Size  Object(Section)

    BuildAttributes$$THM_ISAv4$P$D$K$B$S$PE$A:L22UL41UL21$X:L11$S22US41US21$IEEE1$IW$USESV6$~STKCKD$USESV7$~SHL$OTIME$ROPI$EBA8$MICROLIB$REQ8$PRES8$EABIv2 0x00000000   Number         0  anon$$obj.o ABSOLUTE
    __ARM_use_no_argv                        0x00000000   Number         0  main.o ABSOLUTE
    __use_no_errno                           0x00000000   Number         0  useno.o ABSOLUTE
    __use_no_exception_handling              0x00000000   Number         0  useno.o ABSOLUTE
    __use_no_fp                              0x00000000   Number         0  useno.o ABSOLUTE
    __use_no_heap                            0x00000000   Number         0  useno.o ABSOLUTE
    __use_no_heap_region                     0x00000000   Number         0  useno.o ABSOLUTE
    __use_no_semihosting                     0x00000000   Number         0  useno.o ABSOLUTE
    __use_no_semihosting_swi                 0x00000000   Number         0  useno.o ABSOLUTE
    __use_no_signal_handling                 0x00000000   Number         0  useno.o ABSOLUTE
    _printf_a                                0x00000000   Number         0  stubs.o ABSOLUTE
    _printf_c                                0x00000000   Number         0  stubs.o ABSOLUTE
    _printf_charcount                        0x00000000   Number         0  stubs.o ABSOLUTE
    _printf_d                                0x00000000   Number         0  stubs.o ABSOLUTE
    _printf_e                                0x00000000   Number         0  stubs.o ABSOLUTE
    _printf_f                                0x00000000   Number         0  stubs.o ABSOLUTE
    _printf_flags                            0x00000000   Number         0  stubs.o ABSOLUTE
    _printf_fp_dec                           0x00000000   Number         0  stubs.o ABSOLUTE
    _printf_fp_hex                           0x00000000   Number         0  stubs.o ABSOLUTE
    _printf_g                                0x00000000   Number         0  stubs.o ABSOLUTE
    _printf_i                                0x00000000   Number         0  stubs.o ABSOLUTE
    _printf_int_dec                          0x00000000   Number         0  stubs.o ABSOLUTE
    _printf_l                                0x00000000   Number         0  stubs.o ABSOLUTE
    _printf_lc                               0x00000000   Number         0  stubs.o ABSOLUTE
    _printf_ll                               0x00000000   Number         0  stubs.o ABSOLUTE
    _printf_lld                              0x00000000   Number         0  stubs.o ABSOLUTE
    _printf_lli                              0x00000000   Number         0  stubs.o ABSOLUTE
    _printf_llo                              0x00000000   Number         0  stubs.o ABSOLUTE
    _printf_llu                              0x00000000   Number         0  stubs.o ABSOLUTE
    _printf_llx                              0x00000000   Number         0  stubs.o ABSOLUTE
    _printf_longlong_dec                     0x00000000   Number         0  stubs.o ABSOLUTE
    _printf_longlong_hex                     0x00000000   Number         0  stubs.o ABSOLUTE
    _printf_longlong_oct                     0x00000000   Number         0  stubs.o ABSOLUTE
    _printf_ls                               0x00000000   Number         0  stubs.o ABSOLUTE
    _printf_mbtowc                           0x00000000   Number         0  stubs.o ABSOLUTE
    _printf_n                                0x00000000   Number         0  stubs.o ABSOLUTE
    _printf_o                                0x00000000   Number         0  stubs.o ABSOLUTE
    _printf_p                                0x00000000   Number         0  stubs.o ABSOLUTE
    _printf_percent                          0x00000000   Number         0  stubs.o ABSOLUTE
    _printf_pre_padding                      0x00000000   Number         0  stubs.o ABSOLUTE
    _printf_return_value                     0x00000000   Number         0  stubs.o ABSOLUTE
    _printf_s                                0x00000000   Number         0  stubs.o ABSOLUTE
    _printf_sizespec                         0x00000000   Number         0  stubs.o ABSOLUTE
    _printf_str                              0x00000000   Number         0  stubs.o ABSOLUTE
    _printf_truncate_signed                  0x00000000   Number         0  stubs.o ABSOLUTE
    _printf_truncate_unsigned                0x00000000   Number         0  stubs.o ABSOLUTE
    _printf_u                                0x00000000   Number         0  stubs.o ABSOLUTE
    _printf_wc                               0x00000000   Number         0  stubs.o ABSOLUTE
    _printf_wctomb                           0x00000000   Number         0  stubs.o ABSOLUTE
    _printf_widthprec                        0x00000000   Number         0  stubs.o ABSOLUTE
    _printf_x                                0x00000000   Number         0  stubs.o ABSOLUTE
    __arm_fini_                               - Undefined Weak Reference
    __cpp_initialize__aeabi_                  - Undefined Weak Reference
    __cxa_finalize                            - Undefined Weak Reference
    _clock_init                               - Undefined Weak Reference
    _microlib_exit                            - Undefined Weak Reference
    __Vectors_Size                           0x00000130   Number         0  startup_stm32f10x_hd.o ABSOLUTE
    __Vectors                                0x08000000   Data           4  startup_stm32f10x_hd.o(RESET)
    __Vectors_End                            0x08000130   Data           0  startup_stm32f10x_hd.o(RESET)
    __main                                   0x08000131   Thumb Code     0  entry.o(.ARM.Collect$$$$00000000)
    _main_stk                                0x08000131   Thumb Code     0  entry2.o(.ARM.Collect$$$$00000001)
    _main_scatterload                        0x08000135   Thumb Code     0  entry5.o(.ARM.Collect$$$$00000004)
    __main_after_scatterload                 0x08000139   Thumb Code     0  entry5.o(.ARM.Collect$$$$00000004)
    _main_clock                              0x08000139   Thumb Code     0  entry7b.o(.ARM.Collect$$$$00000008)
    _main_cpp_init                           0x08000139   Thumb Code     0  entry8b.o(.ARM.Collect$$$$0000000A)
    _main_init                               0x08000139   Thumb Code     0  entry9a.o(.ARM.Collect$$$$0000000B)
    __rt_lib_shutdown_fini                   0x08000141   Thumb Code     0  entry12b.o(.ARM.Collect$$$$0000000E)
    __rt_final_cpp                           0x08000145   Thumb Code     0  entry10a.o(.ARM.Collect$$$$0000000F)
    __rt_final_exit                          0x08000145   Thumb Code     0  entry11a.o(.ARM.Collect$$$$00000011)
    Reset_Handler                            0x08000149   Thumb Code     8  startup_stm32f10x_hd.o(.text)
    ADC1_2_IRQHandler                        0x08000163   Thumb Code     0  startup_stm32f10x_hd.o(.text)
    ADC3_IRQHandler                          0x08000163   Thumb Code     0  startup_stm32f10x_hd.o(.text)
    CAN1_RX1_IRQHandler                      0x08000163   Thumb Code     0  startup_stm32f10x_hd.o(.text)
    CAN1_SCE_IRQHandler                      0x08000163   Thumb Code     0  startup_stm32f10x_hd.o(.text)
    DMA1_Channel1_IRQHandler                 0x08000163   Thumb Code     0  startup_stm32f10x_hd.o(.text)
    DMA1_Channel2_IRQHandler                 0x08000163   Thumb Code     0  startup_stm32f10x_hd.o(.text)
    DMA1_Channel3_IRQHandler                 0x08000163   Thumb Code     0  startup_stm32f10x_hd.o(.text)
    DMA1_Channel4_IRQHandler                 0x08000163   Thumb Code     0  startup_stm32f10x_hd.o(.text)
    DMA1_Channel5_IRQHandler                 0x08000163   Thumb Code     0  startup_stm32f10x_hd.o(.text)
    DMA1_Channel6_IRQHandler                 0x08000163   Thumb Code     0  startup_stm32f10x_hd.o(.text)
    DMA1_Channel7_IRQHandler                 0x08000163   Thumb Code     0  startup_stm32f10x_hd.o(.text)
    DMA2_Channel1_IRQHandler                 0x08000163   Thumb Code     0  startup_stm32f10x_hd.o(.text)
    DMA2_Channel2_IRQHandler                 0x08000163   Thumb Code     0  startup_stm32f10x_hd.o(.text)
    DMA2_Channel3_IRQHandler                 0x08000163   Thumb Code     0  startup_stm32f10x_hd.o(.text)
    DMA2_Channel4_5_IRQHandler               0x08000163   Thumb Code     0  startup_stm32f10x_hd.o(.text)
    EXTI0_IRQHandler                         0x08000163   Thumb Code     0  startup_stm32f10x_hd.o(.text)
    EXTI15_10_IRQHandler                     0x08000163   Thumb Code     0  startup_stm32f10x_hd.o(.text)
    EXTI1_IRQHandler                         0x08000163   Thumb Code     0  startup_stm32f10x_hd.o(.text)
    EXTI2_IRQHandler                         0x08000163   Thumb Code     0  startup_stm32f10x_hd.o(.text)
    EXTI3_IRQHandler                         0x08000163   Thumb Code     0  startup_stm32f10x_hd.o(.text)
    EXTI4_IRQHandler                         0x08000163   Thumb Code     0  startup_stm32f10x_hd.o(.text)
    EXTI9_5_IRQHandler                       0x08000163   Thumb Code     0  startup_stm32f10x_hd.o(.text)
    FLASH_IRQHandler                         0x08000163   Thumb Code     0  startup_stm32f10x_hd.o(.text)
    FSMC_IRQHandler                          0x08000163   Thumb Code     0  startup_stm32f10x_hd.o(.text)
    I2C1_ER_IRQHandler                       0x08000163   Thumb Code     0  startup_stm32f10x_hd.o(.text)
    I2C1_EV_IRQHandler                       0x08000163   Thumb Code     0  startup_stm32f10x_hd.o(.text)
    I2C2_ER_IRQHandler                       0x08000163   Thumb Code     0  startup_stm32f10x_hd.o(.text)
    I2C2_EV_IRQHandler                       0x08000163   Thumb Code     0  startup_stm32f10x_hd.o(.text)
    PVD_IRQHandler                           0x08000163   Thumb Code     0  startup_stm32f10x_hd.o(.text)
    RCC_IRQHandler                           0x08000163   Thumb Code     0  startup_stm32f10x_hd.o(.text)
    RTCAlarm_IRQHandler                      0x08000163   Thumb Code     0  startup_stm32f10x_hd.o(.text)
    RTC_IRQHandler                           0x08000163   Thumb Code     0  startup_stm32f10x_hd.o(.text)
    SDIO_IRQHandler                          0x08000163   Thumb Code     0  startup_stm32f10x_hd.o(.text)
    SPI1_IRQHandler                          0x08000163   Thumb Code     0  startup_stm32f10x_hd.o(.text)
    SPI2_IRQHandler                          0x08000163   Thumb Code     0  startup_stm32f10x_hd.o(.text)
    SPI3_IRQHandler                          0x08000163   Thumb Code     0  startup_stm32f10x_hd.o(.text)
    TAMPER_IRQHandler                        0x08000163   Thumb Code     0  startup_stm32f10x_hd.o(.text)
    TIM1_BRK_IRQHandler                      0x08000163   Thumb Code     0  startup_stm32f10x_hd.o(.text)
    TIM1_CC_IRQHandler                       0x08000163   Thumb Code     0  startup_stm32f10x_hd.o(.text)
    TIM1_TRG_COM_IRQHandler                  0x08000163   Thumb Code     0  startup_stm32f10x_hd.o(.text)
    TIM1_UP_IRQHandler                       0x08000163   Thumb Code     0  startup_stm32f10x_hd.o(.text)
    TIM3_IRQHandler                          0x08000163   Thumb Code     0  startup_stm32f10x_hd.o(.text)
    TIM4_IRQHandler                          0x08000163   Thumb Code     0  startup_stm32f10x_hd.o(.text)
    TIM5_IRQHandler                          0x08000163   Thumb Code     0  startup_stm32f10x_hd.o(.text)
    TIM6_IRQHandler                          0x08000163   Thumb Code     0  startup_stm32f10x_hd.o(.text)
    TIM7_IRQHandler                          0x08000163   Thumb Code     0  startup_stm32f10x_hd.o(.text)
    TIM8_BRK_IRQHandler                      0x08000163   Thumb Code     0  startup_stm32f10x_hd.o(.text)
    TIM8_CC_IRQHandler                       0x08000163   Thumb Code     0  startup_stm32f10x_hd.o(.text)
    TIM8_TRG_COM_IRQHandler                  0x08000163   Thumb Code     0  startup_stm32f10x_hd.o(.text)
    TIM8_UP_IRQHandler                       0x08000163   Thumb Code     0  startup_stm32f10x_hd.o(.text)
    UART4_IRQHandler                         0x08000163   Thumb Code     0  startup_stm32f10x_hd.o(.text)
    UART5_IRQHandler                         0x08000163   Thumb Code     0  startup_stm32f10x_hd.o(.text)
    USART2_IRQHandler                        0x08000163   Thumb Code     0  startup_stm32f10x_hd.o(.text)
    USART3_IRQHandler                        0x08000163   Thumb Code     0  startup_stm32f10x_hd.o(.text)
    USBWakeUp_IRQHandler                     0x08000163   Thumb Code     0  startup_stm32f10x_hd.o(.text)
    USB_HP_CAN1_TX_IRQHandler                0x08000163   Thumb Code     0  startup_stm32f10x_hd.o(.text)
    USB_LP_CAN1_RX0_IRQHandler               0x08000163   Thumb Code     0  startup_stm32f10x_hd.o(.text)
    WWDG_IRQHandler                          0x08000163   Thumb Code     0  startup_stm32f10x_hd.o(.text)
    SystemInit                               0x0800024b   Thumb Code    78  system_stm32f10x.o(.text)
    SystemCoreClockUpdate                    0x08000299   Thumb Code   142  system_stm32f10x.o(.text)
    NVIC_PriorityGroupConfig                 0x0800034d   Thumb Code    10  misc.o(.text)
    NVIC_Init                                0x08000357   Thumb Code   100  misc.o(.text)
    NVIC_SetVectorTable                      0x080003bb   Thumb Code    14  misc.o(.text)
    NVIC_SystemLPConfig                      0x080003c9   Thumb Code    34  misc.o(.text)
    SysTick_CLKSourceConfig                  0x080003eb   Thumb Code   146  misc.o(.text)
    FLASH_SetLatency                         0x0800049d   Thumb Code    18  stm32f10x_flash.o(.text)
    FLASH_HalfCycleAccessCmd                 0x080004af   Thumb Code    22  stm32f10x_flash.o(.text)
    FLASH_PrefetchBufferCmd                  0x080004c5   Thumb Code    22  stm32f10x_flash.o(.text)
    FLASH_Unlock                             0x080004db   Thumb Code    12  stm32f10x_flash.o(.text)
    FLASH_UnlockBank1                        0x080004e7   Thumb Code    12  stm32f10x_flash.o(.text)
    FLASH_Lock                               0x080004f3   Thumb Code    14  stm32f10x_flash.o(.text)
    FLASH_LockBank1                          0x08000501   Thumb Code    14  stm32f10x_flash.o(.text)
    FLASH_GetBank1Status                     0x0800050f   Thumb Code    48  stm32f10x_flash.o(.text)
    FLASH_WaitForLastOperation               0x0800053f   Thumb Code    38  stm32f10x_flash.o(.text)
    FLASH_ErasePage                          0x08000565   Thumb Code    72  stm32f10x_flash.o(.text)
    FLASH_EraseAllPages                      0x080005ad   Thumb Code    68  stm32f10x_flash.o(.text)
    FLASH_WaitForLastBank1Operation          0x080005f1   Thumb Code    38  stm32f10x_flash.o(.text)
    FLASH_EraseAllBank1Pages                 0x08000617   Thumb Code    68  stm32f10x_flash.o(.text)
    FLASH_GetReadOutProtectionStatus         0x0800065b   Thumb Code    20  stm32f10x_flash.o(.text)
    FLASH_EraseOptionBytes                   0x0800066f   Thumb Code   150  stm32f10x_flash.o(.text)
    FLASH_ProgramWord                        0x08000705   Thumb Code   102  stm32f10x_flash.o(.text)
    FLASH_ProgramHalfWord                    0x0800076b   Thumb Code    60  stm32f10x_flash.o(.text)
    FLASH_ProgramOptionByteData              0x080007a7   Thumb Code    72  stm32f10x_flash.o(.text)
    FLASH_EnableWriteProtection              0x080007ef   Thumb Code   200  stm32f10x_flash.o(.text)
    FLASH_ReadOutProtection                  0x080008b7   Thumb Code   156  stm32f10x_flash.o(.text)
    FLASH_UserOptionByteConfig               0x08000953   Thumb Code    88  stm32f10x_flash.o(.text)
    FLASH_GetUserOptionByte                  0x080009ab   Thumb Code     8  stm32f10x_flash.o(.text)
    FLASH_GetWriteProtectionOptionByte       0x080009b3   Thumb Code     6  stm32f10x_flash.o(.text)
    FLASH_GetPrefetchBufferStatus            0x080009b9   Thumb Code    20  stm32f10x_flash.o(.text)
    FLASH_ITConfig                           0x080009cd   Thumb Code    26  stm32f10x_flash.o(.text)
    FLASH_GetFlagStatus                      0x080009e7   Thumb Code    42  stm32f10x_flash.o(.text)
    FLASH_ClearFlag                          0x08000a11   Thumb Code     6  stm32f10x_flash.o(.text)
    FLASH_GetStatus                          0x08000a17   Thumb Code    48  stm32f10x_flash.o(.text)
    STMFLASH_ReadHalfWord                    0x08000a47   Thumb Code     6  stm32f10x_flash.o(.text)
    STMFLASH_Write_NoCheck                   0x08000a4d   Thumb Code    34  stm32f10x_flash.o(.text)
    STM32F10x_Read                           0x08000a6f   Thumb Code    34  stm32f10x_flash.o(.text)
    STMFLASH_Write                           0x08000a91   Thumb Code   222  stm32f10x_flash.o(.text)
    Test_Write                               0x08000b6f   Thumb Code    16  stm32f10x_flash.o(.text)
    GPIO_DeInit                              0x08000b99   Thumb Code   172  stm32f10x_gpio.o(.text)
    GPIO_AFIODeInit                          0x08000c45   Thumb Code    20  stm32f10x_gpio.o(.text)
    GPIO_Init                                0x08000c59   Thumb Code   278  stm32f10x_gpio.o(.text)
    GPIO_StructInit                          0x08000d6f   Thumb Code    16  stm32f10x_gpio.o(.text)
    GPIO_ReadInputDataBit                    0x08000d7f   Thumb Code    18  stm32f10x_gpio.o(.text)
    GPIO_ReadInputData                       0x08000d91   Thumb Code     8  stm32f10x_gpio.o(.text)
    GPIO_ReadOutputDataBit                   0x08000d99   Thumb Code    18  stm32f10x_gpio.o(.text)
    GPIO_ReadOutputData                      0x08000dab   Thumb Code     8  stm32f10x_gpio.o(.text)
    GPIO_SetBits                             0x08000db3   Thumb Code     4  stm32f10x_gpio.o(.text)
    GPIO_ResetBits                           0x08000db7   Thumb Code     4  stm32f10x_gpio.o(.text)
    GPIO_WriteBit                            0x08000dbb   Thumb Code    10  stm32f10x_gpio.o(.text)
    GPIO_Write                               0x08000dc5   Thumb Code     4  stm32f10x_gpio.o(.text)
    GPIO_PinLockConfig                       0x08000dc9   Thumb Code    18  stm32f10x_gpio.o(.text)
    GPIO_EventOutputConfig                   0x08000ddb   Thumb Code    26  stm32f10x_gpio.o(.text)
    GPIO_EventOutputCmd                      0x08000df5   Thumb Code     6  stm32f10x_gpio.o(.text)
    GPIO_PinRemapConfig                      0x08000dfb   Thumb Code   138  stm32f10x_gpio.o(.text)
    GPIO_EXTILineConfig                      0x08000e85   Thumb Code    66  stm32f10x_gpio.o(.text)
    GPIO_ETH_MediaInterfaceConfig            0x08000ec7   Thumb Code     8  stm32f10x_gpio.o(.text)
    I2C_DeInit                               0x08000ef5   Thumb Code    50  stm32f10x_i2c.o(.text)
    I2C_Init                                 0x08000f27   Thumb Code   222  stm32f10x_i2c.o(.text)
    I2C_StructInit                           0x08001005   Thumb Code    30  stm32f10x_i2c.o(.text)
    I2C_Cmd                                  0x08001023   Thumb Code    24  stm32f10x_i2c.o(.text)
    I2C_DMACmd                               0x0800103b   Thumb Code    24  stm32f10x_i2c.o(.text)
    I2C_DMALastTransferCmd                   0x08001053   Thumb Code    24  stm32f10x_i2c.o(.text)
    I2C_GenerateSTART                        0x0800106b   Thumb Code    24  stm32f10x_i2c.o(.text)
    I2C_GenerateSTOP                         0x08001083   Thumb Code    24  stm32f10x_i2c.o(.text)
    I2C_AcknowledgeConfig                    0x0800109b   Thumb Code    24  stm32f10x_i2c.o(.text)
    I2C_OwnAddress2Config                    0x080010b3   Thumb Code    22  stm32f10x_i2c.o(.text)
    I2C_DualAddressCmd                       0x080010c9   Thumb Code    24  stm32f10x_i2c.o(.text)
    I2C_GeneralCallCmd                       0x080010e1   Thumb Code    24  stm32f10x_i2c.o(.text)
    I2C_ITConfig                             0x080010f9   Thumb Code    18  stm32f10x_i2c.o(.text)
    I2C_SendData                             0x0800110b   Thumb Code     4  stm32f10x_i2c.o(.text)
    I2C_ReceiveData                          0x0800110f   Thumb Code     8  stm32f10x_i2c.o(.text)
    I2C_Send7bitAddress                      0x08001117   Thumb Code    18  stm32f10x_i2c.o(.text)
    I2C_ReadRegister                         0x08001129   Thumb Code    22  stm32f10x_i2c.o(.text)
    I2C_SoftwareResetCmd                     0x0800113f   Thumb Code    22  stm32f10x_i2c.o(.text)
    I2C_NACKPositionConfig                   0x08001155   Thumb Code    28  stm32f10x_i2c.o(.text)
    I2C_SMBusAlertConfig                     0x08001171   Thumb Code    28  stm32f10x_i2c.o(.text)
    I2C_TransmitPEC                          0x0800118d   Thumb Code    24  stm32f10x_i2c.o(.text)
    I2C_PECPositionConfig                    0x080011a5   Thumb Code    28  stm32f10x_i2c.o(.text)
    I2C_CalculatePEC                         0x080011c1   Thumb Code    24  stm32f10x_i2c.o(.text)
    I2C_GetPEC                               0x080011d9   Thumb Code     8  stm32f10x_i2c.o(.text)
    I2C_ARPCmd                               0x080011e1   Thumb Code    24  stm32f10x_i2c.o(.text)
    I2C_StretchClockCmd                      0x080011f9   Thumb Code    24  stm32f10x_i2c.o(.text)
    I2C_FastModeDutyCycleConfig              0x08001211   Thumb Code    28  stm32f10x_i2c.o(.text)
    I2C_CheckEvent                           0x0800122d   Thumb Code    42  stm32f10x_i2c.o(.text)
    I2C_GetLastEvent                         0x08001257   Thumb Code    26  stm32f10x_i2c.o(.text)
    I2C_GetFlagStatus                        0x08001271   Thumb Code    58  stm32f10x_i2c.o(.text)
    I2C_ClearFlag                            0x080012ab   Thumb Code    12  stm32f10x_i2c.o(.text)
    I2C_GetITStatus                          0x080012b7   Thumb Code    54  stm32f10x_i2c.o(.text)
    I2C_ClearITPendingBit                    0x080012ed   Thumb Code    12  stm32f10x_i2c.o(.text)
    RCC_DeInit                               0x080012f9   Thumb Code    64  stm32f10x_rcc.o(.text)
    RCC_HSEConfig                            0x08001339   Thumb Code    70  stm32f10x_rcc.o(.text)
    RCC_GetFlagStatus                        0x0800137f   Thumb Code    56  stm32f10x_rcc.o(.text)
    RCC_WaitForHSEStartUp                    0x080013b7   Thumb Code    56  stm32f10x_rcc.o(.text)
    RCC_AdjustHSICalibrationValue            0x080013ef   Thumb Code    20  stm32f10x_rcc.o(.text)
    RCC_HSICmd                               0x08001403   Thumb Code     6  stm32f10x_rcc.o(.text)
    RCC_PLLConfig                            0x08001409   Thumb Code    24  stm32f10x_rcc.o(.text)
    RCC_PLLCmd                               0x08001421   Thumb Code     6  stm32f10x_rcc.o(.text)
    RCC_SYSCLKConfig                         0x08001427   Thumb Code    18  stm32f10x_rcc.o(.text)
    RCC_GetSYSCLKSource                      0x08001439   Thumb Code    10  stm32f10x_rcc.o(.text)
    RCC_HCLKConfig                           0x08001443   Thumb Code    18  stm32f10x_rcc.o(.text)
    RCC_PCLK1Config                          0x08001455   Thumb Code    18  stm32f10x_rcc.o(.text)
    RCC_PCLK2Config                          0x08001467   Thumb Code    20  stm32f10x_rcc.o(.text)
    RCC_ITConfig                             0x0800147b   Thumb Code    26  stm32f10x_rcc.o(.text)
    RCC_USBCLKConfig                         0x08001495   Thumb Code     8  stm32f10x_rcc.o(.text)
    RCC_ADCCLKConfig                         0x0800149d   Thumb Code    18  stm32f10x_rcc.o(.text)
    RCC_LSEConfig                            0x080014af   Thumb Code    50  stm32f10x_rcc.o(.text)
    RCC_LSICmd                               0x080014e1   Thumb Code     6  stm32f10x_rcc.o(.text)
    RCC_RTCCLKConfig                         0x080014e7   Thumb Code    12  stm32f10x_rcc.o(.text)
    RCC_RTCCLKCmd                            0x080014f3   Thumb Code     8  stm32f10x_rcc.o(.text)
    RCC_GetClocksFreq                        0x080014fb   Thumb Code   192  stm32f10x_rcc.o(.text)
    RCC_AHBPeriphClockCmd                    0x080015bb   Thumb Code    26  stm32f10x_rcc.o(.text)
    RCC_APB2PeriphClockCmd                   0x080015d5   Thumb Code    26  stm32f10x_rcc.o(.text)
    RCC_APB1PeriphClockCmd                   0x080015ef   Thumb Code    26  stm32f10x_rcc.o(.text)
    RCC_APB2PeriphResetCmd                   0x08001609   Thumb Code    26  stm32f10x_rcc.o(.text)
    RCC_APB1PeriphResetCmd                   0x08001623   Thumb Code    26  stm32f10x_rcc.o(.text)
    RCC_BackupResetCmd                       0x0800163d   Thumb Code     8  stm32f10x_rcc.o(.text)
    RCC_ClockSecuritySystemCmd               0x08001645   Thumb Code     6  stm32f10x_rcc.o(.text)
    RCC_MCOConfig                            0x0800164b   Thumb Code     6  stm32f10x_rcc.o(.text)
    RCC_ClearFlag                            0x08001651   Thumb Code    14  stm32f10x_rcc.o(.text)
    RCC_GetITStatus                          0x0800165f   Thumb Code    20  stm32f10x_rcc.o(.text)
    RCC_ClearITPendingBit                    0x08001673   Thumb Code     6  stm32f10x_rcc.o(.text)
    TIM_DeInit                               0x0800169d   Thumb Code   424  stm32f10x_tim.o(.text)
    TIM_TimeBaseInit                         0x08001845   Thumb Code   122  stm32f10x_tim.o(.text)
    TIM_OC1Init                              0x080018bf   Thumb Code   132  stm32f10x_tim.o(.text)
    TIM_OC2Init                              0x08001943   Thumb Code   154  stm32f10x_tim.o(.text)
    TIM_OC3Init                              0x080019dd   Thumb Code   150  stm32f10x_tim.o(.text)
    TIM_OC4Init                              0x08001a73   Thumb Code   182  stm32f10x_tim.o(.text)
    TIM_SetIC4Prescaler                      0x08001b29   Thumb Code    26  stm32f10x_tim.o(.text)
    TIM_SetIC3Prescaler                      0x08001bc5   Thumb Code    18  stm32f10x_tim.o(.text)
    TIM_SetIC2Prescaler                      0x08001c51   Thumb Code    26  stm32f10x_tim.o(.text)
    TIM_SetIC1Prescaler                      0x08001ced   Thumb Code    18  stm32f10x_tim.o(.text)
    TIM_ICInit                               0x08001d6b   Thumb Code   150  stm32f10x_tim.o(.text)
    TIM_PWMIConfig                           0x08001e01   Thumb Code   124  stm32f10x_tim.o(.text)
    TIM_BDTRConfig                           0x08001e7d   Thumb Code    32  stm32f10x_tim.o(.text)
    TIM_TimeBaseStructInit                   0x08001e9d   Thumb Code    18  stm32f10x_tim.o(.text)
    TIM_OCStructInit                         0x08001eaf   Thumb Code    20  stm32f10x_tim.o(.text)
    TIM_ICStructInit                         0x08001ec3   Thumb Code    18  stm32f10x_tim.o(.text)
    TIM_BDTRStructInit                       0x08001ed5   Thumb Code    40  stm32f10x_tim.o(.text)
    TIM_Cmd                                  0x08001efd   Thumb Code    24  stm32f10x_tim.o(.text)
    TIM_CtrlPWMOutputs                       0x08001f15   Thumb Code    30  stm32f10x_tim.o(.text)
    TIM_ITConfig                             0x08001f33   Thumb Code    18  stm32f10x_tim.o(.text)
    TIM_GenerateEvent                        0x08001f45   Thumb Code     4  stm32f10x_tim.o(.text)
    TIM_DMAConfig                            0x08001f49   Thumb Code    10  stm32f10x_tim.o(.text)
    TIM_DMACmd                               0x08001f53   Thumb Code    18  stm32f10x_tim.o(.text)
    TIM_InternalClockConfig                  0x08001f65   Thumb Code    12  stm32f10x_tim.o(.text)
    TIM_SelectInputTrigger                   0x08001f71   Thumb Code    18  stm32f10x_tim.o(.text)
    TIM_ITRxExternalClockConfig              0x08001f83   Thumb Code    24  stm32f10x_tim.o(.text)
    TIM_TIxExternalClockConfig               0x08001f9b   Thumb Code    62  stm32f10x_tim.o(.text)
    TIM_ETRConfig                            0x08001fd9   Thumb Code    28  stm32f10x_tim.o(.text)
    TIM_ETRClockMode1Config                  0x08001ff5   Thumb Code    54  stm32f10x_tim.o(.text)
    TIM_ETRClockMode2Config                  0x0800202b   Thumb Code    32  stm32f10x_tim.o(.text)
    TIM_PrescalerConfig                      0x0800204b   Thumb Code     6  stm32f10x_tim.o(.text)
    TIM_CounterModeConfig                    0x08002051   Thumb Code    18  stm32f10x_tim.o(.text)
    TIM_EncoderInterfaceConfig               0x08002063   Thumb Code    66  stm32f10x_tim.o(.text)
    TIM_ForcedOC1Config                      0x080020a5   Thumb Code    18  stm32f10x_tim.o(.text)
    TIM_ForcedOC2Config                      0x080020b7   Thumb Code    26  stm32f10x_tim.o(.text)
    TIM_ForcedOC3Config                      0x080020d1   Thumb Code    18  stm32f10x_tim.o(.text)
    TIM_ForcedOC4Config                      0x080020e3   Thumb Code    26  stm32f10x_tim.o(.text)
    TIM_ARRPreloadConfig                     0x080020fd   Thumb Code    24  stm32f10x_tim.o(.text)
    TIM_SelectCOM                            0x08002115   Thumb Code    24  stm32f10x_tim.o(.text)
    TIM_SelectCCDMA                          0x0800212d   Thumb Code    24  stm32f10x_tim.o(.text)
    TIM_CCPreloadControl                     0x08002145   Thumb Code    24  stm32f10x_tim.o(.text)
    TIM_OC1PreloadConfig                     0x0800215d   Thumb Code    18  stm32f10x_tim.o(.text)
    TIM_OC2PreloadConfig                     0x0800216f   Thumb Code    26  stm32f10x_tim.o(.text)
    TIM_OC3PreloadConfig                     0x08002189   Thumb Code    18  stm32f10x_tim.o(.text)
    TIM_OC4PreloadConfig                     0x0800219b   Thumb Code    26  stm32f10x_tim.o(.text)
    TIM_OC1FastConfig                        0x080021b5   Thumb Code    18  stm32f10x_tim.o(.text)
    TIM_OC2FastConfig                        0x080021c7   Thumb Code    26  stm32f10x_tim.o(.text)
    TIM_OC3FastConfig                        0x080021e1   Thumb Code    18  stm32f10x_tim.o(.text)
    TIM_OC4FastConfig                        0x080021f3   Thumb Code    26  stm32f10x_tim.o(.text)
    TIM_ClearOC1Ref                          0x0800220d   Thumb Code    18  stm32f10x_tim.o(.text)
    TIM_ClearOC2Ref                          0x0800221f   Thumb Code    24  stm32f10x_tim.o(.text)
    TIM_ClearOC3Ref                          0x08002237   Thumb Code    18  stm32f10x_tim.o(.text)
    TIM_ClearOC4Ref                          0x08002249   Thumb Code    24  stm32f10x_tim.o(.text)
    TIM_OC1PolarityConfig                    0x08002261   Thumb Code    18  stm32f10x_tim.o(.text)
    TIM_OC1NPolarityConfig                   0x08002273   Thumb Code    18  stm32f10x_tim.o(.text)
    TIM_OC2PolarityConfig                    0x08002285   Thumb Code    26  stm32f10x_tim.o(.text)
    TIM_OC2NPolarityConfig                   0x0800229f   Thumb Code    26  stm32f10x_tim.o(.text)
    TIM_OC3PolarityConfig                    0x080022b9   Thumb Code    26  stm32f10x_tim.o(.text)
    TIM_OC3NPolarityConfig                   0x080022d3   Thumb Code    26  stm32f10x_tim.o(.text)
    TIM_OC4PolarityConfig                    0x080022ed   Thumb Code    26  stm32f10x_tim.o(.text)
    TIM_CCxCmd                               0x08002307   Thumb Code    30  stm32f10x_tim.o(.text)
    TIM_CCxNCmd                              0x08002325   Thumb Code    30  stm32f10x_tim.o(.text)
    TIM_SelectOCxM                           0x08002343   Thumb Code    82  stm32f10x_tim.o(.text)
    TIM_UpdateDisableConfig                  0x08002395   Thumb Code    24  stm32f10x_tim.o(.text)
    TIM_UpdateRequestConfig                  0x080023ad   Thumb Code    24  stm32f10x_tim.o(.text)
    TIM_SelectHallSensor                     0x080023c5   Thumb Code    24  stm32f10x_tim.o(.text)
    TIM_SelectOnePulseMode                   0x080023dd   Thumb Code    18  stm32f10x_tim.o(.text)
    TIM_SelectOutputTrigger                  0x080023ef   Thumb Code    18  stm32f10x_tim.o(.text)
    TIM_SelectSlaveMode                      0x08002401   Thumb Code    18  stm32f10x_tim.o(.text)
    TIM_SelectMasterSlaveMode                0x08002413   Thumb Code    18  stm32f10x_tim.o(.text)
    TIM_SetCounter                           0x08002425   Thumb Code     4  stm32f10x_tim.o(.text)
    TIM_SetAutoreload                        0x08002429   Thumb Code     4  stm32f10x_tim.o(.text)
    TIM_SetCompare1                          0x0800242d   Thumb Code     4  stm32f10x_tim.o(.text)
    TIM_SetCompare2                          0x08002431   Thumb Code     4  stm32f10x_tim.o(.text)
    TIM_SetCompare3                          0x08002435   Thumb Code     4  stm32f10x_tim.o(.text)
    TIM_SetCompare4                          0x08002439   Thumb Code     6  stm32f10x_tim.o(.text)
    TIM_SetClockDivision                     0x0800243f   Thumb Code    18  stm32f10x_tim.o(.text)
    TIM_GetCapture1                          0x08002451   Thumb Code     6  stm32f10x_tim.o(.text)
    TIM_GetCapture2                          0x08002457   Thumb Code     6  stm32f10x_tim.o(.text)
    TIM_GetCapture3                          0x0800245d   Thumb Code     6  stm32f10x_tim.o(.text)
    TIM_GetCapture4                          0x08002463   Thumb Code     8  stm32f10x_tim.o(.text)
    TIM_GetCounter                           0x0800246b   Thumb Code     6  stm32f10x_tim.o(.text)
    TIM_GetPrescaler                         0x08002471   Thumb Code     6  stm32f10x_tim.o(.text)
    TIM_GetFlagStatus                        0x08002477   Thumb Code    18  stm32f10x_tim.o(.text)
    TIM_ClearFlag                            0x08002489   Thumb Code     6  stm32f10x_tim.o(.text)
    TIM_GetITStatus                          0x0800248f   Thumb Code    34  stm32f10x_tim.o(.text)
    TIM_ClearITPendingBit                    0x080024b1   Thumb Code     6  stm32f10x_tim.o(.text)
    USART_DeInit                             0x080024b9   Thumb Code   134  stm32f10x_usart.o(.text)
    USART_Init                               0x0800253f   Thumb Code   210  stm32f10x_usart.o(.text)
    USART_StructInit                         0x08002611   Thumb Code    24  stm32f10x_usart.o(.text)
    USART_ClockInit                          0x08002629   Thumb Code    34  stm32f10x_usart.o(.text)
    USART_ClockStructInit                    0x0800264b   Thumb Code    12  stm32f10x_usart.o(.text)
    USART_Cmd                                0x08002657   Thumb Code    24  stm32f10x_usart.o(.text)
    USART_ITConfig                           0x0800266f   Thumb Code    74  stm32f10x_usart.o(.text)
    USART_DMACmd                             0x080026b9   Thumb Code    18  stm32f10x_usart.o(.text)
    USART_SetAddress                         0x080026cb   Thumb Code    18  stm32f10x_usart.o(.text)
    USART_WakeUpConfig                       0x080026dd   Thumb Code    18  stm32f10x_usart.o(.text)
    USART_ReceiverWakeUpCmd                  0x080026ef   Thumb Code    24  stm32f10x_usart.o(.text)
    USART_LINBreakDetectLengthConfig         0x08002707   Thumb Code    18  stm32f10x_usart.o(.text)
    USART_LINCmd                             0x08002719   Thumb Code    24  stm32f10x_usart.o(.text)
    USART_SendData                           0x08002731   Thumb Code     8  stm32f10x_usart.o(.text)
    USART_ReceiveData                        0x08002739   Thumb Code    10  stm32f10x_usart.o(.text)
    USART_SendBreak                          0x08002743   Thumb Code    10  stm32f10x_usart.o(.text)
    USART_SetGuardTime                       0x0800274d   Thumb Code    16  stm32f10x_usart.o(.text)
    USART_SetPrescaler                       0x0800275d   Thumb Code    16  stm32f10x_usart.o(.text)
    USART_SmartCardCmd                       0x0800276d   Thumb Code    24  stm32f10x_usart.o(.text)
    USART_SmartCardNACKCmd                   0x08002785   Thumb Code    24  stm32f10x_usart.o(.text)
    USART_HalfDuplexCmd                      0x0800279d   Thumb Code    24  stm32f10x_usart.o(.text)
    USART_OverSampling8Cmd                   0x080027b5   Thumb Code    22  stm32f10x_usart.o(.text)
    USART_OneBitMethodCmd                    0x080027cb   Thumb Code    24  stm32f10x_usart.o(.text)
    USART_IrDAConfig                         0x080027e3   Thumb Code    18  stm32f10x_usart.o(.text)
    USART_IrDACmd                            0x080027f5   Thumb Code    24  stm32f10x_usart.o(.text)
    USART_GetFlagStatus                      0x0800280d   Thumb Code    26  stm32f10x_usart.o(.text)
    USART_ClearFlag                          0x08002827   Thumb Code    18  stm32f10x_usart.o(.text)
    USART_GetITStatus                        0x08002839   Thumb Code    84  stm32f10x_usart.o(.text)
    USART_ClearITPendingBit                  0x0800288d   Thumb Code    52  stm32f10x_usart.o(.text)
    DisplayTime                              0x080028c1   Thumb Code  1008  main.o(.text)
    GetHeartRateSpO2                         0x08002cb1   Thumb Code   506  main.o(.text)
    DisplayTemperature                       0x08002eab   Thumb Code   306  main.o(.text)
    Store_Data                               0x08002fdd   Thumb Code    68  main.o(.text)
    Read_Data                                0x08003021   Thumb Code    66  main.o(.text)
    CheckNewMcu                              0x08003063   Thumb Code   118  main.o(.text)
    GetSteps                                 0x080030d9   Thumb Code  1326  main.o(.text)
    DisplaySetValue                          0x08003607   Thumb Code   702  main.o(.text)
    KeySettings                              0x080038c5   Thumb Code  1876  main.o(.text)
    UsartSendReceiveData                     0x08004019   Thumb Code  1058  main.o(.text)
    main                                     0x0800443b   Thumb Code   490  main.o(.text)
    TIM2_IRQHandler                          0x08004625   Thumb Code   528  main.o(.text)
    NMI_Handler                              0x08004861   Thumb Code     2  stm32f10x_it.o(.text)
    HardFault_Handler                        0x08004863   Thumb Code     4  stm32f10x_it.o(.text)
    MemManage_Handler                        0x08004867   Thumb Code     4  stm32f10x_it.o(.text)
    BusFault_Handler                         0x0800486b   Thumb Code     4  stm32f10x_it.o(.text)
    UsageFault_Handler                       0x0800486f   Thumb Code     4  stm32f10x_it.o(.text)
    SVC_Handler                              0x08004873   Thumb Code     2  stm32f10x_it.o(.text)
    DebugMon_Handler                         0x08004875   Thumb Code     2  stm32f10x_it.o(.text)
    PendSV_Handler                           0x08004877   Thumb Code     2  stm32f10x_it.o(.text)
    SysTick_Handler                          0x08004879   Thumb Code     2  stm32f10x_it.o(.text)
    I2C_Configuration                        0x0800487d   Thumb Code   110  oled_i2c.o(.text)
    I2C_WriteByte                            0x080048eb   Thumb Code   126  oled_i2c.o(.text)
    WriteCmd                                 0x08004969   Thumb Code    14  oled_i2c.o(.text)
    WriteDat                                 0x08004977   Thumb Code    14  oled_i2c.o(.text)
    OLED_Init                                0x08004985   Thumb Code   178  oled_i2c.o(.text)
    OLED_SetPos                              0x08004a37   Thumb Code    40  oled_i2c.o(.text)
    OLED_Fill                                0x08004a5f   Thumb Code    58  oled_i2c.o(.text)
    OLED_CLS                                 0x08004a99   Thumb Code    10  oled_i2c.o(.text)
    OLED_ON                                  0x08004aa3   Thumb Code    22  oled_i2c.o(.text)
    OLED_OFF                                 0x08004ab9   Thumb Code    22  oled_i2c.o(.text)
    OLED_ShowChar                            0x08004acf   Thumb Code   164  oled_i2c.o(.text)
    OLED_ShowStr                             0x08004b73   Thumb Code   152  oled_i2c.o(.text)
    OLED_ShowCN                              0x08004c0b   Thumb Code   150  oled_i2c.o(.text)
    OLED_DrawBMP                             0x08004ca1   Thumb Code   116  oled_i2c.o(.text)
    OLED_ShowCentigrade                      0x08004d15   Thumb Code    86  oled_i2c.o(.text)
    DelayInit                                0x08004d85   Thumb Code    50  delay.o(.text)
    DelayUs                                  0x08004db7   Thumb Code    72  delay.o(.text)
    DelayMs                                  0x08004dff   Thumb Code   126  delay.o(.text)
    DelayS                                   0x08004e7d   Thumb Code    26  delay.o(.text)
    KEY_Init                                 0x08004eb5   Thumb Code   102  key.o(.text)
    KEY_Scan                                 0x08004f1b   Thumb Code   266  key.o(.text)
    DAT_MODE_OUT                             0x08005035   Thumb Code    32  ds1302.o(.text)
    DAT_MODE_IN                              0x08005055   Thumb Code    26  ds1302.o(.text)
    DS1302_GPIO_Init                         0x0800506f   Thumb Code    50  ds1302.o(.text)
    DS1302_WriteOneByte                      0x080050a1   Thumb Code    86  ds1302.o(.text)
    DS1302_WriteByte                         0x080050f7   Thumb Code    82  ds1302.o(.text)
    DS1302_ReadByte                          0x08005149   Thumb Code   148  ds1302.o(.text)
    DS1302_DateSet                           0x080051dd   Thumb Code   262  ds1302.o(.text)
    DS1302_DateRead                          0x080052e3   Thumb Code   338  ds1302.o(.text)
    DS1302_Init                              0x08005435   Thumb Code    98  ds1302.o(.text)
    DS18B20_Rst                              0x08005499   Thumb Code    54  ds18b20.o(.text)
    DS18B20_Check                            0x080054cf   Thumb Code    96  ds18b20.o(.text)
    DS18B20_Read_Bit                         0x0800552f   Thumb Code    96  ds18b20.o(.text)
    DS18B20_Read_Byte                        0x0800558f   Thumb Code    34  ds18b20.o(.text)
    DS18B20_Write_Byte                       0x080055b1   Thumb Code   102  ds18b20.o(.text)
    DS18B20_Start                            0x08005617   Thumb Code    24  ds18b20.o(.text)
    DS18B20_Init                             0x0800562f   Thumb Code    62  ds18b20.o(.text)
    DS18B20_Get_Temp                         0x0800566d   Thumb Code   136  ds18b20.o(.text)
    I2C_SDA_OUT                              0x08005705   Thumb Code    30  iic.o(.text)
    I2C_SDA_IN                               0x08005723   Thumb Code    30  iic.o(.text)
    IIC_init                                 0x08005741   Thumb Code    46  iic.o(.text)
    IIC_start                                0x0800576f   Thumb Code    46  iic.o(.text)
    IIC_stop                                 0x0800579d   Thumb Code    48  iic.o(.text)
    IIC_ack                                  0x080057cd   Thumb Code    52  iic.o(.text)
    IIC_noack                                0x08005801   Thumb Code    52  iic.o(.text)
    IIC_wait_ack                             0x08005835   Thumb Code    68  iic.o(.text)
    IIC_send_byte                            0x08005879   Thumb Code    70  iic.o(.text)
    IIC_read_byte                            0x080058bf   Thumb Code    84  iic.o(.text)
    adxl345_write_reg                        0x08005921   Thumb Code    46  adxl345.o(.text)
    adxl345_init                             0x0800594f   Thumb Code    60  adxl345.o(.text)
    adxl345_read_reg                         0x0800598b   Thumb Code    66  adxl345.o(.text)
    adxl345_read_data                        0x080059cd   Thumb Code   142  adxl345.o(.text)
    adxl345_read_average                     0x08005a5b   Thumb Code   168  adxl345.o(.text)
    _sys_exit                                0x08005b05   Thumb Code     6  usart1.o(.text)
    fputc                                    0x08005b0b   Thumb Code    24  usart1.o(.text)
    uart1_Init                               0x08005b23   Thumb Code   178  usart1.o(.text)
    USART1_IRQHandler                        0x08005bd5   Thumb Code    84  usart1.o(.text)
    uart1_SendStr                            0x08005c29   Thumb Code    34  usart1.o(.text)
    uart1_send                               0x08005c4b   Thumb Code    76  usart1.o(.text)
    i2c_Stop                                 0x08005cb7   Thumb Code    36  myiic.o(.text)
    bsp_InitI2C                              0x08005cdb   Thumb Code    64  myiic.o(.text)
    i2c_Start                                0x08005d1b   Thumb Code    46  myiic.o(.text)
    i2c_SendByte                             0x08005d49   Thumb Code    88  myiic.o(.text)
    i2c_ReadByte                             0x08005da1   Thumb Code    66  myiic.o(.text)
    i2c_WaitAck                              0x08005de3   Thumb Code    64  myiic.o(.text)
    i2c_Ack                                  0x08005e23   Thumb Code    52  myiic.o(.text)
    i2c_NAck                                 0x08005e57   Thumb Code    44  myiic.o(.text)
    i2c_CheckDevice                          0x08005e83   Thumb Code    56  myiic.o(.text)
    maxim_max30102_write_reg                 0x08005ec1   Thumb Code    68  max30102.o(.text)
    maxim_max30102_read_reg                  0x08005f05   Thumb Code    82  max30102.o(.text)
    maxim_max30102_init                      0x08005f57   Thumb Code   160  max30102.o(.text)
    maxim_max30102_read_fifo                 0x08005ff7   Thumb Code   212  max30102.o(.text)
    maxim_max30102_reset                     0x080060cb   Thumb Code    20  max30102.o(.text)
    maxim_sort_ascend                        0x080060e1   Thumb Code    54  algorithm.o(.text)
    maxim_sort_indices_descend               0x08006117   Thumb Code    64  algorithm.o(.text)
    maxim_remove_close_peaks                 0x08006157   Thumb Code   114  algorithm.o(.text)
    maxim_peaks_above_min_height             0x080061c9   Thumb Code   170  algorithm.o(.text)
    maxim_find_peaks                         0x08006273   Thumb Code    66  algorithm.o(.text)
    maxim_heart_rate_and_oxygen_saturation   0x080062b5   Thumb Code   842  algorithm.o(.text)
    TIM2_Init                                0x08006611   Thumb Code    88  timer.o(.text)
    Init_MAX30102                            0x08006669   Thumb Code   162  max30102_read.o(.text)
    ReadHeartRateSpO2                        0x0800670b   Thumb Code  1270  max30102_read.o(.text)
    __aeabi_memcpy                           0x08006c21   Thumb Code    36  memcpya.o(.text)
    __aeabi_memcpy4                          0x08006c21   Thumb Code     0  memcpya.o(.text)
    __aeabi_memcpy8                          0x08006c21   Thumb Code     0  memcpya.o(.text)
    __aeabi_memset                           0x08006c45   Thumb Code    14  memseta.o(.text)
    __aeabi_memset4                          0x08006c45   Thumb Code     0  memseta.o(.text)
    __aeabi_memset8                          0x08006c45   Thumb Code     0  memseta.o(.text)
    __aeabi_memclr                           0x08006c53   Thumb Code     4  memseta.o(.text)
    __aeabi_memclr4                          0x08006c53   Thumb Code     0  memseta.o(.text)
    __aeabi_memclr8                          0x08006c53   Thumb Code     0  memseta.o(.text)
    _memset$wrapper                          0x08006c57   Thumb Code    18  memseta.o(.text)
    strstr                                   0x08006c69   Thumb Code    36  strstr.o(.text)
    atoi                                     0x08006c8d   Thumb Code    26  atoi.o(.text)
    __aeabi_fadd                             0x08006ca7   Thumb Code   164  fadd.o(.text)
    __aeabi_fsub                             0x08006d4b   Thumb Code     6  fadd.o(.text)
    __aeabi_frsub                            0x08006d51   Thumb Code     6  fadd.o(.text)
    __aeabi_fmul                             0x08006d57   Thumb Code   100  fmul.o(.text)
    __aeabi_fdiv                             0x08006dbb   Thumb Code   124  fdiv.o(.text)
    __aeabi_dmul                             0x08006e37   Thumb Code   228  dmul.o(.text)
    __aeabi_i2f                              0x08006f1b   Thumb Code    18  fflti.o(.text)
    __aeabi_ui2f                             0x08006f2d   Thumb Code    10  ffltui.o(.text)
    __aeabi_f2iz                             0x08006f37   Thumb Code    50  ffixi.o(.text)
    __aeabi_f2uiz                            0x08006f69   Thumb Code    40  ffixui.o(.text)
    __aeabi_d2iz                             0x08006f91   Thumb Code    62  dfixi.o(.text)
    __aeabi_f2d                              0x08006fcf   Thumb Code    38  f2d.o(.text)
    __aeabi_cfcmpeq                          0x08006ff5   Thumb Code     0  cfcmple.o(.text)
    __aeabi_cfcmple                          0x08006ff5   Thumb Code    20  cfcmple.o(.text)
    __aeabi_cfrcmple                         0x08007009   Thumb Code    20  cfrcmple.o(.text)
    __aeabi_uidiv                            0x0800701d   Thumb Code     0  uidiv.o(.text)
    __aeabi_uidivmod                         0x0800701d   Thumb Code    44  uidiv.o(.text)
    __aeabi_uldivmod                         0x08007049   Thumb Code    98  uldiv.o(.text)
    __aeabi_llsr                             0x080070ab   Thumb Code    32  llushr.o(.text)
    _ll_ushift_r                             0x080070ab   Thumb Code     0  llushr.o(.text)
    strtol                                   0x080070cb   Thumb Code   112  strtol.o(.text)
    __I$use$fp                               0x0800713b   Thumb Code     0  iusefp.o(.text)
    _float_round                             0x0800713b   Thumb Code    18  fepilogue.o(.text)
    _float_epilogue                          0x0800714d   Thumb Code    92  fepilogue.o(.text)
    _double_round                            0x080071a9   Thumb Code    30  depilogue.o(.text)
    _double_epilogue                         0x080071c7   Thumb Code   156  depilogue.o(.text)
    __aeabi_dadd                             0x08007263   Thumb Code   322  dadd.o(.text)
    __aeabi_dsub                             0x080073a5   Thumb Code     6  dadd.o(.text)
    __aeabi_drsub                            0x080073ab   Thumb Code     6  dadd.o(.text)
    __aeabi_ddiv                             0x080073b1   Thumb Code   222  ddiv.o(.text)
    __aeabi_d2ulz                            0x0800748f   Thumb Code    48  dfixul.o(.text)
    __aeabi_cdrcmple                         0x080074c1   Thumb Code    48  cdrcmple.o(.text)
    __scatterload                            0x080074f1   Thumb Code    28  init.o(.text)
    __scatterload_rt2                        0x080074f1   Thumb Code     0  init.o(.text)
    __aeabi_llsl                             0x08007515   Thumb Code    30  llshl.o(.text)
    _ll_shift_l                              0x08007515   Thumb Code     0  llshl.o(.text)
    __aeabi_lasr                             0x08007533   Thumb Code    36  llsshr.o(.text)
    _ll_sshift_r                             0x08007533   Thumb Code     0  llsshr.o(.text)
    __rt_ctype_table                         0x08007559   Thumb Code     4  ctype_o.o(.text)
    _strtoul                                 0x08007561   Thumb Code   158  _strtoul.o(.text)
    _chval                                   0x080075ff   Thumb Code    28  _chval.o(.text)
    __decompress                             0x0800761b   Thumb Code     0  __dclz77c.o(.text)
    __decompress2                            0x0800761b   Thumb Code    94  __dclz77c.o(.text)
    __0printf                                0x08007679   Thumb Code    22  printfa.o(i.__0printf)
    __1printf                                0x08007679   Thumb Code     0  printfa.o(i.__0printf)
    __2printf                                0x08007679   Thumb Code     0  printfa.o(i.__0printf)
    __c89printf                              0x08007679   Thumb Code     0  printfa.o(i.__0printf)
    printf                                   0x08007679   Thumb Code     0  printfa.o(i.__0printf)
    __aeabi_errno_addr                       0x08007699   Thumb Code     4  errno.o(i.__aeabi_errno_addr)
    __rt_errno_addr                          0x08007699   Thumb Code     0  errno.o(i.__aeabi_errno_addr)
    __scatterload_copy                       0x080076a1   Thumb Code    14  handlers.o(i.__scatterload_copy)
    __scatterload_null                       0x080076af   Thumb Code     2  handlers.o(i.__scatterload_null)
    __scatterload_zeroinit                   0x080076b1   Thumb Code    14  handlers.o(i.__scatterload_zeroinit)
    F8X16                                    0x08007f4a   Data        1520  oled_i2c.o(.constdata)
    uch_spo2_table                           0x0800853a   Data         184  algorithm.o(.constdata)
    __ctype_table                            0x080085f2   Data         129  ctype_o.o(.constdata)
    Region$$Table$$Base                      0x08008678   Number         0  anon$$obj.o(Region$$Table)
    Region$$Table$$Limit                     0x08008698   Number         0  anon$$obj.o(Region$$Table)
    SystemCoreClock                          0x20000000   Data           4  system_stm32f10x.o(.data)
    AHBPrescTable                            0x20000004   Data          16  system_stm32f10x.o(.data)
    setn                                     0x20000028   Data           1  main.o(.data)
    p_r                                      0x20000029   Data           1  main.o(.data)
    adx                                      0x2000002c   Data           4  main.o(.data)
    ady                                      0x20000030   Data           4  main.o(.data)
    adz                                      0x20000034   Data           4  main.o(.data)
    acc                                      0x20000038   Data           4  main.o(.data)
    acc2                                     0x2000003c   Data           4  main.o(.data)
    acc3                                     0x20000040   Data           4  main.o(.data)
    flag                                     0x20000044   Data           1  main.o(.data)
    bushu                                    0x20000046   Data           2  main.o(.data)
    temperature                              0x20000048   Data           2  main.o(.data)
    xinlvMin                                 0x2000004a   Data           2  main.o(.data)
    xinlvMax                                 0x2000004c   Data           2  main.o(.data)
    spo2Min                                  0x2000004e   Data           2  main.o(.data)
    tempMax                                  0x20000050   Data           2  main.o(.data)
    tempMin                                  0x20000052   Data           2  main.o(.data)
    shanshuo                                 0x20000054   Data           1  main.o(.data)
    beepFlag                                 0x20000055   Data           1  main.o(.data)
    sendFlag                                 0x20000056   Data           1  main.o(.data)
    tiltFlag                                 0x20000057   Data           1  main.o(.data)
    fallTime                                 0x20000058   Data           1  main.o(.data)
    displayfall                              0x20000059   Data           1  main.o(.data)
    sendSetValueFlag                         0x2000005a   Data           1  main.o(.data)
    hrAvg                                    0x2000005c   Data           4  main.o(.data)
    spo2Avg                                  0x20000060   Data           4  main.o(.data)
    F16x16                                   0x2000006a   Data        2144  oled_i2c.o(.data)
    SysDate                                  0x200008da   Data           8  ds1302.o(.data)
    RxCounter                                0x200008e4   Data           4  usart1.o(.data)
    __stdout                                 0x200008e8   Data           4  usart1.o(.data)
    n_ir_buffer_length                       0x200008ec   Data           4  max30102_read.o(.data)
    n_spo2                                   0x200008f0   Data           4  max30102_read.o(.data)
    ch_spo2_valid                            0x200008f4   Data           1  max30102_read.o(.data)
    n_heart_rate                             0x200008f8   Data           4  max30102_read.o(.data)
    ch_hr_valid                              0x200008fc   Data           1  max30102_read.o(.data)
    uch_dummy                                0x200008fd   Data           1  max30102_read.o(.data)
    hrSum                                    0x20000900   Data           4  max30102_read.o(.data)
    spo2Sum                                  0x20000904   Data           4  max30102_read.o(.data)
    spo2BuffFilled                           0x20000908   Data           4  max30102_read.o(.data)
    hrBuffFilled                             0x2000090c   Data           4  max30102_read.o(.data)
    hrValidCnt                               0x20000910   Data           4  max30102_read.o(.data)
    spo2ValidCnt                             0x20000914   Data           4  max30102_read.o(.data)
    hrThrowOutSamp                           0x20000918   Data           4  max30102_read.o(.data)
    spo2ThrowOutSamp                         0x2000091c   Data           4  max30102_read.o(.data)
    spo2Timeout                              0x20000920   Data           4  max30102_read.o(.data)
    hrTimeout                                0x20000924   Data           4  max30102_read.o(.data)
    un_min                                   0x20000928   Data           4  max30102_read.o(.data)
    un_max                                   0x2000092c   Data           4  max30102_read.o(.data)
    un_prev_data                             0x20000930   Data           4  max30102_read.o(.data)
    un_brightness                            0x20000934   Data           4  max30102_read.o(.data)
    SysTick_Info                             0x20000940   Data          28  system_stm32f10x.o(.bss)
    STMFLASH_BUF                             0x2000095c   Data        1024  stm32f10x_flash.o(.bss)
    Usart1RecBuf                             0x20000d5c   Data         200  usart1.o(.bss)
    aun_ir_buffer                            0x20001784   Data         600  max30102_read.o(.bss)
    aun_red_buffer                           0x200019dc   Data         600  max30102_read.o(.bss)
    hr_buf                                   0x20001c34   Data          64  max30102_read.o(.bss)
    spo2_buf                                 0x20001c74   Data          64  max30102_read.o(.bss)
    __initial_sp                             0x200020b8   Data           0  startup_stm32f10x_hd.o(STACK)



==============================================================================

Memory Map of the image

  Image Entry point : 0x08000131

  Load Region LR_IROM1 (Base: 0x08000000, Size: 0x00008fd8, Max: 0x00010000, ABSOLUTE, COMPRESSED[0x00008b40])

    Execution Region ER_IROM1 (Exec base: 0x08000000, Load base: 0x08000000, Size: 0x00008698, Max: 0x00010000, ABSOLUTE)

    Exec Addr    Load Addr    Size         Type   Attr      Idx    E Section Name        Object

    0x08000000   0x08000000   0x00000130   Data   RO            3    RESET               startup_stm32f10x_hd.o
    0x08000130   0x08000130   0x00000000   Code   RO          594  * .ARM.Collect$$$$00000000  mc_w.l(entry.o)
    0x08000130   0x08000130   0x00000004   Code   RO          892    .ARM.Collect$$$$00000001  mc_w.l(entry2.o)
    0x08000134   0x08000134   0x00000004   Code   RO          895    .ARM.Collect$$$$00000004  mc_w.l(entry5.o)
    0x08000138   0x08000138   0x00000000   Code   RO          897    .ARM.Collect$$$$00000008  mc_w.l(entry7b.o)
    0x08000138   0x08000138   0x00000000   Code   RO          899    .ARM.Collect$$$$0000000A  mc_w.l(entry8b.o)
    0x08000138   0x08000138   0x00000008   Code   RO          900    .ARM.Collect$$$$0000000B  mc_w.l(entry9a.o)
    0x08000140   0x08000140   0x00000004   Code   RO          907    .ARM.Collect$$$$0000000E  mc_w.l(entry12b.o)
    0x08000144   0x08000144   0x00000000   Code   RO          902    .ARM.Collect$$$$0000000F  mc_w.l(entry10a.o)
    0x08000144   0x08000144   0x00000000   Code   RO          904    .ARM.Collect$$$$00000011  mc_w.l(entry11a.o)
    0x08000144   0x08000144   0x00000004   Code   RO          893    .ARM.Collect$$$$00002712  mc_w.l(entry2.o)
    0x08000148   0x08000148   0x00000024   Code   RO            4    .text               startup_stm32f10x_hd.o
    0x0800016c   0x0800016c   0x000001e0   Code   RO           24    .text               system_stm32f10x.o
    0x0800034c   0x0800034c   0x00000150   Code   RO          122    .text               misc.o
    0x0800049c   0x0800049c   0x000006fc   Code   RO          194    .text               stm32f10x_flash.o
    0x08000b98   0x08000b98   0x0000035c   Code   RO          221    .text               stm32f10x_gpio.o
    0x08000ef4   0x08000ef4   0x00000404   Code   RO          233    .text               stm32f10x_i2c.o
    0x080012f8   0x080012f8   0x000003a4   Code   RO          245    .text               stm32f10x_rcc.o
    0x0800169c   0x0800169c   0x00000e1a   Code   RO          283    .text               stm32f10x_tim.o
    0x080024b6   0x080024b6   0x00000002   PAD
    0x080024b8   0x080024b8   0x00000408   Code   RO          295    .text               stm32f10x_usart.o
    0x080028c0   0x080028c0   0x00001fa0   Code   RO          307    .text               main.o
    0x08004860   0x08004860   0x0000001a   Code   RO          377    .text               stm32f10x_it.o
    0x0800487a   0x0800487a   0x00000002   PAD
    0x0800487c   0x0800487c   0x00000508   Code   RO          392    .text               oled_i2c.o
    0x08004d84   0x08004d84   0x00000130   Code   RO          409    .text               delay.o
    0x08004eb4   0x08004eb4   0x00000180   Code   RO          423    .text               key.o
    0x08005034   0x08005034   0x00000462   Code   RO          439    .text               ds1302.o
    0x08005496   0x08005496   0x00000002   PAD
    0x08005498   0x08005498   0x0000026c   Code   RO          457    .text               ds18b20.o
    0x08005704   0x08005704   0x0000021c   Code   RO          469    .text               iic.o
    0x08005920   0x08005920   0x000001e2   Code   RO          481    .text               adxl345.o
    0x08005b02   0x08005b02   0x00000002   PAD
    0x08005b04   0x08005b04   0x000001a4   Code   RO          496    .text               usart1.o
    0x08005ca8   0x08005ca8   0x00000218   Code   RO          519    .text               myiic.o
    0x08005ec0   0x08005ec0   0x0000021e   Code   RO          531    .text               max30102.o
    0x080060de   0x080060de   0x00000002   PAD
    0x080060e0   0x080060e0   0x00000530   Code   RO          546    .text               algorithm.o
    0x08006610   0x08006610   0x00000058   Code   RO          565    .text               timer.o
    0x08006668   0x08006668   0x000005b8   Code   RO          577    .text               max30102_read.o
    0x08006c20   0x08006c20   0x00000024   Code   RO          597    .text               mc_w.l(memcpya.o)
    0x08006c44   0x08006c44   0x00000024   Code   RO          599    .text               mc_w.l(memseta.o)
    0x08006c68   0x08006c68   0x00000024   Code   RO          601    .text               mc_w.l(strstr.o)
    0x08006c8c   0x08006c8c   0x0000001a   Code   RO          866    .text               mc_w.l(atoi.o)
    0x08006ca6   0x08006ca6   0x000000b0   Code   RO          868    .text               mf_w.l(fadd.o)
    0x08006d56   0x08006d56   0x00000064   Code   RO          870    .text               mf_w.l(fmul.o)
    0x08006dba   0x08006dba   0x0000007c   Code   RO          872    .text               mf_w.l(fdiv.o)
    0x08006e36   0x08006e36   0x000000e4   Code   RO          874    .text               mf_w.l(dmul.o)
    0x08006f1a   0x08006f1a   0x00000012   Code   RO          876    .text               mf_w.l(fflti.o)
    0x08006f2c   0x08006f2c   0x0000000a   Code   RO          878    .text               mf_w.l(ffltui.o)
    0x08006f36   0x08006f36   0x00000032   Code   RO          880    .text               mf_w.l(ffixi.o)
    0x08006f68   0x08006f68   0x00000028   Code   RO          882    .text               mf_w.l(ffixui.o)
    0x08006f90   0x08006f90   0x0000003e   Code   RO          884    .text               mf_w.l(dfixi.o)
    0x08006fce   0x08006fce   0x00000026   Code   RO          886    .text               mf_w.l(f2d.o)
    0x08006ff4   0x08006ff4   0x00000014   Code   RO          888    .text               mf_w.l(cfcmple.o)
    0x08007008   0x08007008   0x00000014   Code   RO          890    .text               mf_w.l(cfrcmple.o)
    0x0800701c   0x0800701c   0x0000002c   Code   RO          908    .text               mc_w.l(uidiv.o)
    0x08007048   0x08007048   0x00000062   Code   RO          910    .text               mc_w.l(uldiv.o)
    0x080070aa   0x080070aa   0x00000020   Code   RO          912    .text               mc_w.l(llushr.o)
    0x080070ca   0x080070ca   0x00000070   Code   RO          921    .text               mc_w.l(strtol.o)
    0x0800713a   0x0800713a   0x00000000   Code   RO          923    .text               mc_w.l(iusefp.o)
    0x0800713a   0x0800713a   0x0000006e   Code   RO          924    .text               mf_w.l(fepilogue.o)
    0x080071a8   0x080071a8   0x000000ba   Code   RO          926    .text               mf_w.l(depilogue.o)
    0x08007262   0x08007262   0x0000014e   Code   RO          928    .text               mf_w.l(dadd.o)
    0x080073b0   0x080073b0   0x000000de   Code   RO          930    .text               mf_w.l(ddiv.o)
    0x0800748e   0x0800748e   0x00000030   Code   RO          932    .text               mf_w.l(dfixul.o)
    0x080074be   0x080074be   0x00000002   PAD
    0x080074c0   0x080074c0   0x00000030   Code   RO          934    .text               mf_w.l(cdrcmple.o)
    0x080074f0   0x080074f0   0x00000024   Code   RO          936    .text               mc_w.l(init.o)
    0x08007514   0x08007514   0x0000001e   Code   RO          938    .text               mc_w.l(llshl.o)
    0x08007532   0x08007532   0x00000024   Code   RO          940    .text               mc_w.l(llsshr.o)
    0x08007556   0x08007556   0x00000002   PAD
    0x08007558   0x08007558   0x00000008   Code   RO          942    .text               mc_w.l(ctype_o.o)
    0x08007560   0x08007560   0x0000009e   Code   RO          970    .text               mc_w.l(_strtoul.o)
    0x080075fe   0x080075fe   0x0000001c   Code   RO          972    .text               mc_w.l(_chval.o)
    0x0800761a   0x0800761a   0x0000005e   Code   RO          982    .text               mc_w.l(__dclz77c.o)
    0x08007678   0x08007678   0x00000020   Code   RO          838    i.__0printf         mc_w.l(printfa.o)
    0x08007698   0x08007698   0x00000008   Code   RO          914    i.__aeabi_errno_addr  mc_w.l(errno.o)
    0x080076a0   0x080076a0   0x0000000e   Code   RO          976    i.__scatterload_copy  mc_w.l(handlers.o)
    0x080076ae   0x080076ae   0x00000002   Code   RO          977    i.__scatterload_null  mc_w.l(handlers.o)
    0x080076b0   0x080076b0   0x0000000e   Code   RO          978    i.__scatterload_zeroinit  mc_w.l(handlers.o)
    0x080076be   0x080076be   0x00000002   PAD
    0x080076c0   0x080076c0   0x00000184   Code   RO          845    i._fp_digits        mc_w.l(printfa.o)
    0x08007844   0x08007844   0x000006b4   Code   RO          846    i._printf_core      mc_w.l(printfa.o)
    0x08007ef8   0x08007ef8   0x00000024   Code   RO          847    i._printf_post_padding  mc_w.l(printfa.o)
    0x08007f1c   0x08007f1c   0x0000002e   Code   RO          848    i._printf_pre_padding  mc_w.l(printfa.o)
    0x08007f4a   0x08007f4a   0x000005f0   Data   RO          393    .constdata          oled_i2c.o
    0x0800853a   0x0800853a   0x000000b8   Data   RO          548    .constdata          algorithm.o
    0x080085f2   0x080085f2   0x00000081   Data   RO          943    .constdata          mc_w.l(ctype_o.o)
    0x08008673   0x08008673   0x00000001   PAD
    0x08008674   0x08008674   0x00000004   Data   RO          944    .constdata          mc_w.l(ctype_o.o)
    0x08008678   0x08008678   0x00000020   Data   RO          974    Region$$Table       anon$$obj.o


    Execution Region RW_IRAM1 (Exec base: 0x20000000, Load base: 0x08008698, Size: 0x000020b8, Max: 0x00005000, ABSOLUTE, COMPRESSED[0x000004a8])

    Exec Addr    Load Addr    Size         Type   Attr      Idx    E Section Name        Object

    0x20000000   COMPRESSED   0x00000014   Data   RW           26    .data               system_stm32f10x.o
    0x20000014   COMPRESSED   0x00000014   Data   RW          246    .data               stm32f10x_rcc.o
    0x20000028   COMPRESSED   0x00000042   Data   RW          309    .data               main.o
    0x2000006a   COMPRESSED   0x00000860   Data   RW          394    .data               oled_i2c.o
    0x200008ca   COMPRESSED   0x00000002   PAD
    0x200008cc   COMPRESSED   0x0000000c   Data   RW          410    .data               delay.o
    0x200008d8   COMPRESSED   0x00000001   Data   RW          424    .data               key.o
    0x200008d9   COMPRESSED   0x00000001   PAD
    0x200008da   COMPRESSED   0x00000008   Data   RW          440    .data               ds1302.o
    0x200008e2   COMPRESSED   0x00000002   PAD
    0x200008e4   COMPRESSED   0x00000008   Data   RW          498    .data               usart1.o
    0x200008ec   COMPRESSED   0x0000004d   Data   RW          579    .data               max30102_read.o
    0x20000939   COMPRESSED   0x00000003   PAD
    0x2000093c   COMPRESSED   0x00000004   Data   RW          917    .data               mc_w.l(errno.o)
    0x20000940        -       0x0000001c   Zero   RW           25    .bss                system_stm32f10x.o
    0x2000095c        -       0x00000400   Zero   RW          195    .bss                stm32f10x_flash.o
    0x20000d5c        -       0x000000c8   Zero   RW          497    .bss                usart1.o
    0x20000e24        -       0x000004b0   Zero   RW          547    .bss                algorithm.o
    0x200012d4        -       0x000009e0   Zero   RW          578    .bss                max30102_read.o
    0x20001cb4   COMPRESSED   0x00000004   PAD
    0x20001cb8        -       0x00000400   Zero   RW            1    STACK               startup_stm32f10x_hd.o


==============================================================================

Image component sizes


      Code (inc. data)   RO Data    RW Data    ZI Data      Debug   Object Name

       482          0          0          0          0       1893   adxl345.o
      1328         18        184          0       1200       5834   algorithm.o
         0          0          0          0          0       4500   core_cm3.o
       304         30          0         12          0       1411   delay.o
      1122          4          0          8          0       4326   ds1302.o
       620         16          0          0          0       2250   ds18b20.o
       540         14          0          0          0       2164   iic.o
       384         16          0          1          0        948   key.o
      8096        646          0         66          0       7936   main.o
       542          0          0          0          0       2481   max30102.o
      1464        134          0         77       2528       3401   max30102_read.o
       336         32          0          0          0     205660   misc.o
       536          6          0          0          0       2132   myiic.o
      1288         56       1520       2144          0       5041   oled_i2c.o
        36          8        304          0       1024        892   startup_stm32f10x_hd.o
      1788         42          0          0       1024      10315   stm32f10x_flash.o
       860         38          0          0          0       5817   stm32f10x_gpio.o
      1028         16          0          0          0       9311   stm32f10x_i2c.o
        26          0          0          0          0       1262   stm32f10x_it.o
       932         36          0         20          0       9044   stm32f10x_rcc.o
      3610         88          0          0          0      22932   stm32f10x_tim.o
      1032         22          0          0          0       8544   stm32f10x_usart.o
       480         38          0         20         28     262188   system_stm32f10x.o
        88          0          0          0          0        684   timer.o
       420         18          0          8        200       3809   usart1.o

    ----------------------------------------------------------------------
     27352       1278       2040       2364       6008     584775   Object Totals
         0          0         32          0          0          0   (incl. Generated)
        10          0          0          8          4          0   (incl. Padding)

    ----------------------------------------------------------------------

      Code (inc. data)   RO Data    RW Data    ZI Data      Debug   Library Member Name

        94          0          0          0          0          0   __dclz77c.o
        28          0          0          0          0         68   _chval.o
       158          0          0          0          0         92   _strtoul.o
        26          0          0          0          0         80   atoi.o
         8          4        133          0          0         68   ctype_o.o
         0          0          0          0          0          0   entry.o
         0          0          0          0          0          0   entry10a.o
         0          0          0          0          0          0   entry11a.o
         4          0          0          0          0          0   entry12b.o
         8          4          0          0          0          0   entry2.o
         4          0          0          0          0          0   entry5.o
         0          0          0          0          0          0   entry7b.o
         0          0          0          0          0          0   entry8b.o
         8          4          0          0          0          0   entry9a.o
         8          4          0          4          0         68   errno.o
        30          0          0          0          0          0   handlers.o
        36          8          0          0          0         68   init.o
         0          0          0          0          0          0   iusefp.o
        30          0          0          0          0         68   llshl.o
        36          0          0          0          0         68   llsshr.o
        32          0          0          0          0         68   llushr.o
        36          0          0          0          0         68   memcpya.o
        36          0          0          0          0        108   memseta.o
      2218         90          0          0          0        464   printfa.o
        36          0          0          0          0         80   strstr.o
       112          0          0          0          0         88   strtol.o
        44          0          0          0          0         80   uidiv.o
        98          0          0          0          0         92   uldiv.o
        48          0          0          0          0         68   cdrcmple.o
        20          0          0          0          0         68   cfcmple.o
        20          0          0          0          0         68   cfrcmple.o
       334          0          0          0          0        148   dadd.o
       222          0          0          0          0        100   ddiv.o
       186          0          0          0          0        176   depilogue.o
        62          0          0          0          0         80   dfixi.o
        48          0          0          0          0         68   dfixul.o
       228          0          0          0          0         96   dmul.o
        38          0          0          0          0         68   f2d.o
       176          0          0          0          0        140   fadd.o
       124          0          0          0          0         88   fdiv.o
       110          0          0          0          0        168   fepilogue.o
        50          0          0          0          0         68   ffixi.o
        40          0          0          0          0         68   ffixui.o
        18          0          0          0          0         68   fflti.o
        10          0          0          0          0         68   ffltui.o
       100          0          0          0          0         76   fmul.o

    ----------------------------------------------------------------------
      4930        114        134          4          0       3312   Library Totals
         6          0          1          0          0          0   (incl. Padding)

    ----------------------------------------------------------------------

      Code (inc. data)   RO Data    RW Data    ZI Data      Debug   Library Name

      3090        114        133          4          0       1628   mc_w.l
      1834          0          0          0          0       1684   mf_w.l

    ----------------------------------------------------------------------
      4930        114        134          4          0       3312   Library Totals

    ----------------------------------------------------------------------

==============================================================================


      Code (inc. data)   RO Data    RW Data    ZI Data      Debug   

     32282       1392       2174       2368       6008     584679   Grand Totals
     32282       1392       2174       1192       6008     584679   ELF Image Totals (compressed)
     32282       1392       2174       1192          0          0   ROM Totals

==============================================================================

    Total RO  Size (Code + RO Data)                34456 (  33.65kB)
    Total RW  Size (RW Data + ZI Data)              8376 (   8.18kB)
    Total ROM Size (Code + RO Data + RW Data)      35648 (  34.81kB)

==============================================================================

