<html>
<body>
<pre>
<h1>µVision Build Log</h1>
<h2>Tool Versions:</h2>
IDE-Version: µVision V5.26.2.0
Copyright (C) 2018 ARM Ltd and ARM Germany GmbH. All rights reserved.
License Information: 1 Ann, 1, LIC=JL28G-VIGSS-WF9I7-EELW9-5GI9L-RI7C8
 
Tool Versions:
Toolchain:       MDK-ARM Plus  Version: 5.26.2.0
Toolchain Path:  D:\Software\Keil\ARM\ARMCC\Bin
C Compiler:      Armcc.exe V5.06 update 6 (build 750)
Assembler:       Armasm.exe V5.06 update 6 (build 750)
Linker/Locator:  ArmLink.exe V5.06 update 6 (build 750)
Library Manager: ArmAr.exe V5.06 update 6 (build 750)
Hex Converter:   FromElf.exe V5.06 update 6 (build 750)
CPU DLL:         SARMCM3.DLL V5.26.2.0
Dialog DLL:      DCM.DLL V1.17.2.0
Target DLL:      STLink\ST-LINKIII-KEIL_SWO.dll V3.0.5.0
Dialog DLL:      TCM.DLL V1.36.1.0
 
<h2>Project:</h2>
D:\Code\Ann\STM32-Github\Plant_Incubator\Standard_Library\test1\Project.uvprojx
Project File Date:  09/01/2025

<h2>Output:</h2>
*** Using Compiler 'V5.06 update 6 (build 750)', folder: 'D:\Software\Keil\ARM\ARMCC\Bin'
Build target 'Target 1'
assembling startup_stm32f10x_md.s...
compiling misc.c...
compiling stm32f10x_dac.c...
compiling stm32f10x_adc.c...
compiling system_stm32f10x.c...
compiling Timer.c...
compiling stm32f10x_dbgmcu.c...
compiling stm32f10x_crc.c...
compiling LED.c...
compiling stm32f10x_dma.c...
compiling font.c...
Hardware\FONT\font.h(12): warning:  #1-D: last line of file ends without a newline
  #endif
Hardware\FONT\font.c: 1 warning, 0 errors
compiling stm32f10x_pwr.c...
compiling stm32f10x_fsmc.c...
compiling stm32f10x_i2c.c...
compiling stm32f10x_exti.c...
compiling stm32f10x_flash.c...
compiling stm32f10x_tim.c...
compiling core_cm3.c...
compiling stm32f10x_iwdg.c...
compiling stm32f10x_cec.c...
compiling stm32f10x_can.c...
compiling stm32f10x_spi.c...
compiling stm32f10x_rtc.c...
compiling delay_1.c...
compiling stm32f10x_sdio.c...
compiling stm32f10x_gpio.c...
compiling Key.c...
compiling stm32f10x_bkp.c...
compiling Delay.c...
compiling stm32f10x_usart.c...
compiling stm32f10x_it.c...
compiling stm32f10x_wwdg.c...
compiling stm32f10x_rcc.c...
compiling SPI.c...
Hardware\SPI\SPI.c(85): warning:  #1-D: last line of file ends without a newline
  }
Hardware\SPI\SPI.c: 1 warning, 0 errors
compiling main.c...
.\Hardware\LCD\lcd.h(76): warning:  #1-D: last line of file ends without a newline
  #endif
.\Hardware\SCD30\SCD30.h(56): warning:  #1-D: last line of file ends without a newline
  #endif
.\Hardware\I2C\MyI2C.h(28): warning:  #1-D: last line of file ends without a newline
  #endif
User\main.c(335): warning:  #177-D: variable "i"  was declared but never referenced
  		uint8_t i=0;
User\main.c: 4 warnings, 0 errors
compiling lcd.c...
Hardware\LCD\lcd.h(76): warning:  #1-D: last line of file ends without a newline
  #endif
.\Hardware\FONT\font.h(12): warning:  #1-D: last line of file ends without a newline
  #endif
Hardware\LCD\lcd.c(91): warning:  #223-D: function "delay_ms" declared implicitly
  	delay_ms(100);	
Hardware\LCD\lcd.c(474): warning:  #177-D: variable "temp"  was declared but never referenced
      u8 temp, i;
Hardware\LCD\lcd.c(542): warning:  #223-D: function "strlen" declared implicitly
      len = strlen(buf);
Hardware\LCD\lcd.c(559): warning:  #223-D: function "strlen" declared implicitly
      len = strlen(buf);
Hardware\LCD\lcd.c(574): warning:  #223-D: function "strlen" declared implicitly
      len = strlen(buf);
Hardware\LCD\lcd.c(589): warning:  #223-D: function "strlen" declared implicitly
      len = strlen(buf);
Hardware\LCD\lcd.c: 8 warnings, 0 errors
compiling sys.c...
System\sys\sys.c(177): warning:  #1-D: last line of file ends without a newline
  }		    
System\sys\sys.c: 1 warning, 0 errors
compiling SCD30.c...
.\Hardware\I2C\MyI2C.h(28): warning:  #1-D: last line of file ends without a newline
  #endif
Hardware\SCD30\SCD30.h(56): warning:  #1-D: last line of file ends without a newline
  #endif
Hardware\SCD30\SCD30.c(354): warning:  #1-D: last line of file ends without a newline
   
Hardware\SCD30\SCD30.c: 3 warnings, 0 errors
compiling MyI2C.c...
Hardware\I2C\MyI2C.h(28): warning:  #1-D: last line of file ends without a newline
  #endif
Hardware\I2C\MyI2C.c(24): warning:  #188-D: enumerated type mixed with another type
  	IIC_SDA(1);	  	  
Hardware\I2C\MyI2C.c(24): warning:  #188-D: enumerated type mixed with another type
  	IIC_SDA(1);	  	  
Hardware\I2C\MyI2C.c(25): warning:  #188-D: enumerated type mixed with another type
  	IIC_SCL(1);
Hardware\I2C\MyI2C.c(25): warning:  #188-D: enumerated type mixed with another type
  	IIC_SCL(1);
Hardware\I2C\MyI2C.c(27): warning:  #188-D: enumerated type mixed with another type
   	IIC_SDA(0);//START:when CLK is high,DATA change form high to low 
Hardware\I2C\MyI2C.c(27): warning:  #188-D: enumerated type mixed with another type
   	IIC_SDA(0);//START:when CLK is high,DATA change form high to low 
Hardware\I2C\MyI2C.c(29): warning:  #188-D: enumerated type mixed with another type
  	IIC_SCL(0);//??????I2C?€?????????????????€???????????????? 
Hardware\I2C\MyI2C.c(29): warning:  #188-D: enumerated type mixed with another type
  	IIC_SCL(0);//??????I2C?€?????????????????€???????????????? 
Hardware\I2C\MyI2C.c(37): warning:  #188-D: enumerated type mixed with another type
  	IIC_SCL(0);
Hardware\I2C\MyI2C.c(37): warning:  #188-D: enumerated type mixed with another type
  	IIC_SCL(0);
Hardware\I2C\MyI2C.c(38): warning:  #188-D: enumerated type mixed with another type
  	IIC_SDA(0);//STOP:when CLK is high DATA change form low to high
Hardware\I2C\MyI2C.c(38): warning:  #188-D: enumerated type mixed with another type
  	IIC_SDA(0);//STOP:when CLK is high DATA change form low to high
Hardware\I2C\MyI2C.c(40): warning:  #188-D: enumerated type mixed with another type
  	IIC_SCL(1); 
Hardware\I2C\MyI2C.c(40): warning:  #188-D: enumerated type mixed with another type
  	IIC_SCL(1); 
Hardware\I2C\MyI2C.c(41): warning:  #188-D: enumerated type mixed with another type
  	IIC_SDA(1);//????€?I2C?€????????????????
Hardware\I2C\MyI2C.c(41): warning:  #188-D: enumerated type mixed with another type
  	IIC_SDA(1);//????€?I2C?€????????????????
Hardware\I2C\MyI2C.c(52): warning:  #188-D: enumerated type mixed with another type
  	IIC_SDA(1);Delay_us(1);	   
Hardware\I2C\MyI2C.c(52): warning:  #188-D: enumerated type mixed with another type
  	IIC_SDA(1);Delay_us(1);	   
Hardware\I2C\MyI2C.c(53): warning:  #188-D: enumerated type mixed with another type
  	IIC_SCL(1);Delay_us(1);	 
Hardware\I2C\MyI2C.c(53): warning:  #188-D: enumerated type mixed with another type
  	IIC_SCL(1);Delay_us(1);	 
Hardware\I2C\MyI2C.c(63): warning:  #188-D: enumerated type mixed with another type
  	IIC_SCL(0);//????????????0 	   
Hardware\I2C\MyI2C.c(63): warning:  #188-D: enumerated type mixed with another type
  	IIC_SCL(0);//????????????0 	   
Hardware\I2C\MyI2C.c(69): warning:  #188-D: enumerated type mixed with another type
  	IIC_SCL(0);
Hardware\I2C\MyI2C.c(69): warning:  #188-D: enumerated type mixed with another type
  	IIC_SCL(0);
Hardware\I2C\MyI2C.c(71): warning:  #188-D: enumerated type mixed with another type
  	IIC_SDA(0);
Hardware\I2C\MyI2C.c(71): warning:  #188-D: enumerated type mixed with another type
  	IIC_SDA(0);
Hardware\I2C\MyI2C.c(73): warning:  #188-D: enumerated type mixed with another type
  	IIC_SCL(1);
Hardware\I2C\MyI2C.c(73): warning:  #188-D: enumerated type mixed with another type
  	IIC_SCL(1);
Hardware\I2C\MyI2C.c(75): warning:  #188-D: enumerated type mixed with another type
  	IIC_SCL(0);
Hardware\I2C\MyI2C.c(75): warning:  #188-D: enumerated type mixed with another type
  	IIC_SCL(0);
Hardware\I2C\MyI2C.c(80): warning:  #188-D: enumerated type mixed with another type
  	IIC_SCL(0);
Hardware\I2C\MyI2C.c(80): warning:  #188-D: enumerated type mixed with another type
  	IIC_SCL(0);
Hardware\I2C\MyI2C.c(82): warning:  #188-D: enumerated type mixed with another type
  	IIC_SDA(1);
Hardware\I2C\MyI2C.c(82): warning:  #188-D: enumerated type mixed with another type
  	IIC_SDA(1);
Hardware\I2C\MyI2C.c(84): warning:  #188-D: enumerated type mixed with another type
  	IIC_SCL(1);
Hardware\I2C\MyI2C.c(84): warning:  #188-D: enumerated type mixed with another type
  	IIC_SCL(1);
Hardware\I2C\MyI2C.c(86): warning:  #188-D: enumerated type mixed with another type
  	IIC_SCL(0);
Hardware\I2C\MyI2C.c(86): warning:  #188-D: enumerated type mixed with another type
  	IIC_SCL(0);
Hardware\I2C\MyI2C.c(96): warning:  #188-D: enumerated type mixed with another type
      IIC_SCL(0);//??????????????€???????????????
Hardware\I2C\MyI2C.c(96): warning:  #188-D: enumerated type mixed with another type
      IIC_SCL(0);//??????????????€???????????????
Hardware\I2C\MyI2C.c(99): warning:  #188-D: enumerated type mixed with another type
        IIC_SDA((txd & 0x80) >> 7);			
Hardware\I2C\MyI2C.c(99): warning:  #188-D: enumerated type mixed with another type
        IIC_SDA((txd & 0x80) >> 7);			
Hardware\I2C\MyI2C.c(103): warning:  #188-D: enumerated type mixed with another type
  		IIC_SCL(1);
Hardware\I2C\MyI2C.c(103): warning:  #188-D: enumerated type mixed with another type
  		IIC_SCL(1);
Hardware\I2C\MyI2C.c(105): warning:  #188-D: enumerated type mixed with another type
  		IIC_SCL(0);	
Hardware\I2C\MyI2C.c(105): warning:  #188-D: enumerated type mixed with another type
  		IIC_SCL(0);	
Hardware\I2C\MyI2C.c(117): warning:  #188-D: enumerated type mixed with another type
          IIC_SCL(0); 
Hardware\I2C\MyI2C.c(117): warning:  #188-D: enumerated type mixed with another type
          IIC_SCL(0); 
Hardware\I2C\MyI2C.c(119): warning:  #188-D: enumerated type mixed with another type
  				IIC_SCL(1);
Hardware\I2C\MyI2C.c(119): warning:  #188-D: enumerated type mixed with another type
  				IIC_SCL(1);
Hardware\I2C\MyI2C.c(131): warning:  #1-D: last line of file ends without a newline
   
Hardware\I2C\MyI2C.c: 52 warnings, 0 errors
linking...
Program Size: Code=13558 RO-data=3678 RW-data=4844 ZI-data=1636  
FromELF: creating hex file...
".\Objects\Project.axf" - 0 Error(s), 70 Warning(s).

<h2>Software Packages used:</h2>

Package Vendor: Keil
                http://www.keil.com/pack/Keil.STM32F1xx_DFP.2.3.0.pack
                Keil.STM32F1xx_DFP.2.3.0
                STMicroelectronics STM32F1 Series Device Support, Drivers and Examples

<h2>Collection of Component include folders:</h2>
  .\RTE\_Target_1
  D:\Software\Keil\ARM\PACK\Keil\STM32F1xx_DFP\2.3.0\Device\Include

<h2>Collection of Component Files used:</h2>
Build Time Elapsed:  00:00:05
</pre>
</body>
</html>
