<html>
<body>
<pre>
<h1>µVision Build Log</h1>
<h2>Tool Versions:</h2>
IDE-Version: µVision V5.26.2.0
Copyright (C) 2018 ARM Ltd and ARM Germany GmbH. All rights reserved.
License Information: 1 Ann, 1, LIC=JL28G-VIGSS-WF9I7-EELW9-5GI9L-RI7C8
 
Tool Versions:
Toolchain:       MDK-ARM Plus  Version: 5.26.2.0
Toolchain Path:  D:\Software\Keil\ARM\ARMCC\Bin
C Compiler:      Armcc.exe V5.06 update 6 (build 750)
Assembler:       Armasm.exe V5.06 update 6 (build 750)
Linker/Locator:  ArmLink.exe V5.06 update 6 (build 750)
Library Manager: ArmAr.exe V5.06 update 6 (build 750)
Hex Converter:   FromElf.exe V5.06 update 6 (build 750)
CPU DLL:         SARMCM3.DLL V5.26.2.0
Dialog DLL:      DCM.DLL V1.17.2.0
Target DLL:      STLink\ST-LINKIII-KEIL_SWO.dll V3.0.5.0
Dialog DLL:      TCM.DLL V1.36.1.0
 
<h2>Project:</h2>
D:\1\4-1 OLEDœ‘ æ∆¡\4-1 OLEDœ‘ æ∆¡\Project.uvprojx
Project File Date:  09/02/2025

<h2>Output:</h2>
*** Using Compiler 'V5.06 update 6 (build 750)', folder: 'D:\Software\Keil\ARM\ARMCC\Bin'
Build target 'Target 1'
compiling MyI2C.c...
Hardware\MyI2C.h(28): warning:  #1-D: last line of file ends without a newline
  #endif
Hardware\MyI2C.c(24): warning:  #188-D: enumerated type mixed with another type
  	IIC_SDA(1);	  	  
Hardware\MyI2C.c(24): warning:  #188-D: enumerated type mixed with another type
  	IIC_SDA(1);	  	  
Hardware\MyI2C.c(25): warning:  #188-D: enumerated type mixed with another type
  	IIC_SCL(1);
Hardware\MyI2C.c(25): warning:  #188-D: enumerated type mixed with another type
  	IIC_SCL(1);
Hardware\MyI2C.c(27): warning:  #188-D: enumerated type mixed with another type
   	IIC_SDA(0);//START:when CLK is high,DATA change form high to low 
Hardware\MyI2C.c(27): warning:  #188-D: enumerated type mixed with another type
   	IIC_SDA(0);//START:when CLK is high,DATA change form high to low 
Hardware\MyI2C.c(29): warning:  #188-D: enumerated type mixed with another type
  	IIC_SCL(0);//??????I2C?Ä?????????????????Ä???????????????? 
Hardware\MyI2C.c(29): warning:  #188-D: enumerated type mixed with another type
  	IIC_SCL(0);//??????I2C?Ä?????????????????Ä???????????????? 
Hardware\MyI2C.c(37): warning:  #188-D: enumerated type mixed with another type
  	IIC_SCL(0);
Hardware\MyI2C.c(37): warning:  #188-D: enumerated type mixed with another type
  	IIC_SCL(0);
Hardware\MyI2C.c(38): warning:  #188-D: enumerated type mixed with another type
  	IIC_SDA(0);//STOP:when CLK is high DATA change form low to high
Hardware\MyI2C.c(38): warning:  #188-D: enumerated type mixed with another type
  	IIC_SDA(0);//STOP:when CLK is high DATA change form low to high
Hardware\MyI2C.c(40): warning:  #188-D: enumerated type mixed with another type
  	IIC_SCL(1); 
Hardware\MyI2C.c(40): warning:  #188-D: enumerated type mixed with another type
  	IIC_SCL(1); 
Hardware\MyI2C.c(41): warning:  #188-D: enumerated type mixed with another type
  	IIC_SDA(1);//????Ä?I2C?Ä????????????????
Hardware\MyI2C.c(41): warning:  #188-D: enumerated type mixed with another type
  	IIC_SDA(1);//????Ä?I2C?Ä????????????????
Hardware\MyI2C.c(52): warning:  #188-D: enumerated type mixed with another type
  	IIC_SDA(1);Delay_us(1);	   
Hardware\MyI2C.c(52): warning:  #188-D: enumerated type mixed with another type
  	IIC_SDA(1);Delay_us(1);	   
Hardware\MyI2C.c(53): warning:  #188-D: enumerated type mixed with another type
  	IIC_SCL(1);Delay_us(1);	 
Hardware\MyI2C.c(53): warning:  #188-D: enumerated type mixed with another type
  	IIC_SCL(1);Delay_us(1);	 
Hardware\MyI2C.c(63): warning:  #188-D: enumerated type mixed with another type
  	IIC_SCL(0);//????????????0 	   
Hardware\MyI2C.c(63): warning:  #188-D: enumerated type mixed with another type
  	IIC_SCL(0);//????????????0 	   
Hardware\MyI2C.c(69): warning:  #188-D: enumerated type mixed with another type
  	IIC_SCL(0);
Hardware\MyI2C.c(69): warning:  #188-D: enumerated type mixed with another type
  	IIC_SCL(0);
Hardware\MyI2C.c(71): warning:  #188-D: enumerated type mixed with another type
  	IIC_SDA(0);
Hardware\MyI2C.c(71): warning:  #188-D: enumerated type mixed with another type
  	IIC_SDA(0);
Hardware\MyI2C.c(73): warning:  #188-D: enumerated type mixed with another type
  	IIC_SCL(1);
Hardware\MyI2C.c(73): warning:  #188-D: enumerated type mixed with another type
  	IIC_SCL(1);
Hardware\MyI2C.c(75): warning:  #188-D: enumerated type mixed with another type
  	IIC_SCL(0);
Hardware\MyI2C.c(75): warning:  #188-D: enumerated type mixed with another type
  	IIC_SCL(0);
Hardware\MyI2C.c(80): warning:  #188-D: enumerated type mixed with another type
  	IIC_SCL(0);
Hardware\MyI2C.c(80): warning:  #188-D: enumerated type mixed with another type
  	IIC_SCL(0);
Hardware\MyI2C.c(82): warning:  #188-D: enumerated type mixed with another type
  	IIC_SDA(1);
Hardware\MyI2C.c(82): warning:  #188-D: enumerated type mixed with another type
  	IIC_SDA(1);
Hardware\MyI2C.c(84): warning:  #188-D: enumerated type mixed with another type
  	IIC_SCL(1);
Hardware\MyI2C.c(84): warning:  #188-D: enumerated type mixed with another type
  	IIC_SCL(1);
Hardware\MyI2C.c(86): warning:  #188-D: enumerated type mixed with another type
  	IIC_SCL(0);
Hardware\MyI2C.c(86): warning:  #188-D: enumerated type mixed with another type
  	IIC_SCL(0);
Hardware\MyI2C.c(96): warning:  #188-D: enumerated type mixed with another type
      IIC_SCL(0);//??????????????Ä???????????????
Hardware\MyI2C.c(96): warning:  #188-D: enumerated type mixed with another type
      IIC_SCL(0);//??????????????Ä???????????????
Hardware\MyI2C.c(99): warning:  #188-D: enumerated type mixed with another type
        IIC_SDA((txd & 0x80) >> 7);			
Hardware\MyI2C.c(99): warning:  #188-D: enumerated type mixed with another type
        IIC_SDA((txd & 0x80) >> 7);			
Hardware\MyI2C.c(103): warning:  #188-D: enumerated type mixed with another type
  		IIC_SCL(1);
Hardware\MyI2C.c(103): warning:  #188-D: enumerated type mixed with another type
  		IIC_SCL(1);
Hardware\MyI2C.c(105): warning:  #188-D: enumerated type mixed with another type
  		IIC_SCL(0);	
Hardware\MyI2C.c(105): warning:  #188-D: enumerated type mixed with another type
  		IIC_SCL(0);	
Hardware\MyI2C.c(117): warning:  #188-D: enumerated type mixed with another type
          IIC_SCL(0); 
Hardware\MyI2C.c(117): warning:  #188-D: enumerated type mixed with another type
          IIC_SCL(0); 
Hardware\MyI2C.c(119): warning:  #188-D: enumerated type mixed with another type
  				IIC_SCL(1);
Hardware\MyI2C.c(119): warning:  #188-D: enumerated type mixed with another type
  				IIC_SCL(1);
Hardware\MyI2C.c(131): warning:  #1-D: last line of file ends without a newline
   
Hardware\MyI2C.c: 52 warnings, 0 errors
linking...
Program Size: Code=4222 RO-data=1790 RW-data=8 ZI-data=1632  
".\Objects\Project.axf" - 0 Error(s), 52 Warning(s).

<h2>Software Packages used:</h2>

Package Vendor: Keil
                http://www.keil.com/pack/Keil.STM32F1xx_DFP.2.3.0.pack
                Keil.STM32F1xx_DFP.2.3.0
                STMicroelectronics STM32F1 Series Device Support, Drivers and Examples

<h2>Collection of Component include folders:</h2>
  .\RTE\_Target_1
  D:\Software\Keil\ARM\PACK\Keil\STM32F1xx_DFP\2.3.0\Device\Include

<h2>Collection of Component Files used:</h2>
Build Time Elapsed:  00:00:01
</pre>
</body>
</html>
